02-08 04:38:52.096 13403 13403 D CallManager: 🔊 WebRTC CONNECTED - verifying audio setup...
02-08 04:38:52.097 13403 13962 D WebRTCManager:    ✅ Audio mode confirmed: MODE_IN_COMMUNICATION
02-08 04:38:52.097 13403 13962 D WebRTCManager:    ─────────────────────────────────────────────
02-08 04:38:52.098 13403 13962 D WebRTCManager:    AUDIO VERIFICATION ON ICE CONNECTED:
02-08 04:38:52.098 13403 13962 D WebRTCManager:    Local audio track: true
02-08 04:38:52.098 13403 13962 D WebRTCManager:    Local audio enabled: true
02-08 04:38:52.099 13403 13962 D WebRTCManager:    Remote audio track: true
02-08 04:38:52.099 13403 13962 D WebRTCManager:    Remote audio enabled: true
02-08 04:38:52.100 13403 13962 D WebRTCManager:    Transceiver[0]:
02-08 04:38:52.100 13403 13962 D WebRTCManager:      - mediaType: MEDIA_TYPE_AUDIO
02-08 04:38:52.101 13403 13962 D WebRTCManager:      - direction: SEND_RECV
02-08 04:38:52.101 13403 13962 D WebRTCManager:      - currentDirection: SEND_RECV
02-08 04:38:52.101 13403 13962 D WebRTCManager:      - mid: 0
02-08 04:38:52.102 13403 13962 D WebRTCManager:      - Receiver track: kind=audio, enabled=true, state=LIVE
02-08 04:38:52.102 13403 13962 D WebRTCManager:      - Sender track: kind=audio, enabled=true, state=LIVE
02-08 04:38:52.102 13403 13962 D WebRTCManager:    AudioManager state AFTER force:
02-08 04:38:52.103 13403 13962 D WebRTCManager:    - Mode: 3 (3=IN_COMMUNICATION)
02-08 04:38:52.103 13403 13962 D WebRTCManager:    - Speakerphone: false
02-08 04:38:52.104 13403 13962 D WebRTCManager:    - Mic muted: false
02-08 04:38:52.107 13403 13962 D WebRTCManager:    - Voice volume: 9
02-08 04:38:52.107 13403 13962 D WebRTCManager:    ─────────────────────────────────────────────
02-08 04:38:52.107 13403 13962 D WebRTCManager: ═══════════════════════════════════════════════════
02-08 04:38:52.214 13403 14008 D WebRTCManager: ═══════════════════════════════════════════════════
02-08 04:38:52.214 13403 14008 D WebRTCManager: 🎤 AUDIO RECORD STARTED - Microphone capture beginning!
02-08 04:38:52.214 13403 14008 D WebRTCManager: ═══════════════════════════════════════════════════
02-08 04:38:52.596 13403 13403 D WebRTCManager: ═══════════════════════════════════════════════════
02-08 04:38:52.596 13403 13403 D WebRTCManager: 🔍 VERIFYING AUDIO SETUP
02-08 04:38:52.596 13403 13403 D WebRTCManager:    ✅ Local audio track OK
02-08 04:38:52.596 13403 13403 D WebRTCManager:    ✅ Remote audio track OK
02-08 04:38:52.597 13403 13403 D WebRTCManager:    ✅ Audio mode OK
02-08 04:38:52.598 13403 13403 D WebRTCManager:    ✅ Voice call volume OK: 9
02-08 04:38:52.598 13403 13403 D WebRTCManager:    Result: ✅ AUDIO SETUP VALID
02-08 04:38:52.598 13403 13403 D WebRTCManager: ═══════════════════════════════════════════════════
02-08 04:38:52.598 13403 13403 D WebRTCManager: ═══════════════════════════════════════════════════
02-08 04:38:52.598 13403 13403 D WebRTCManager: 📊 WEBRTC STATS DEBUG
02-08 04:38:52.598 13403 13403 D WebRTCManager:    State: CONNECTED
02-08 04:38:52.598 13403 13403 D WebRTCManager:    Local audio track: audio0, enabled=true
02-08 04:38:52.599 13403 13403 D WebRTCManager:    Remote audio track: 31174148-01dc-48c1-b9e8-6cc701bbbd8d, enabled=true
02-08 04:38:52.599 13403 13403 D WebRTCManager:    Muted: false
02-08 04:38:52.600 13403 13403 D WebRTCManager:    Transceiver[0]:
02-08 04:38:52.600 13403 13403 D WebRTCManager:      - Type: MEDIA_TYPE_AUDIO
02-08 04:38:52.600 13403 13403 D WebRTCManager:      - Direction: SEND_RECV
02-08 04:38:52.600 13403 13403 D WebRTCManager:      - Current direction: SEND_RECV
02-08 04:38:52.600 13403 13403 D WebRTCManager:      - Stopped: false
02-08 04:38:52.601 13403 13403 D WebRTCManager:      - Sender track: audio, enabled=true
02-08 04:38:52.601 13403 13403 D WebRTCManager:      - Receiver track: audio, enabled=true
02-08 04:38:52.601 13403 13403 D WebRTCManager:    AudioManager:
02-08 04:38:52.602 13403 13403 D WebRTCManager:      - Mode: 3
02-08 04:38:52.603 13403 13403 D WebRTCManager:      - Speakerphone: false
02-08 04:38:52.604 13403 13403 D WebRTCManager:      - Microphone muted: false
02-08 04:38:52.604 13403 13403 D WebRTCManager:      - Voice call volume: 9
02-08 04:38:52.605 13403 13403 D WebRTCManager:      - Music volume: 13
02-08 04:38:52.605 13403 13403 D WebRTCManager: ═══════════════════════════════════════════════════
02-08 04:39:11.366 13403 13403 D CallManager: ═══════════════════════════════════════════════════
02-08 04:39:11.367 13403 13403 D CallManager: 📞 endCall() CALLED
02-08 04:39:11.367 13403 13403 D CallManager:    Thread: main
02-08 04:39:11.367 13403 13403 D CallManager:    Current callId: dbc9231d-e9f2-45d4-8380-88fb32301e78
02-08 04:39:11.367 13403 13403 D CallManager:    Current role: sharer
02-08 04:39:11.367 13403 13403 D CallManager:    WebRTC state: CONNECTED
02-08 04:39:11.367 13403 13403 D CallManager:    📤 Sending endCall to server for: dbc9231d-e9f2-45d4-8380-88fb32301e78
02-08 04:39:11.367 13403 13403 D CallManager:    ✓ endCall sent to server
02-08 04:39:11.367 13403 13403 D CallManager:    Cancelling WebRTC job...
02-08 04:39:11.368 13403 13403 D CallManager:    ✓ WebRTC job cancelled
02-08 04:39:11.368 13403 13403 D CallManager:    Closing WebRTC manager...
02-08 04:39:11.368 13403 13403 D WebRTCManager: ═══════════════════════════════════════════════════
02-08 04:39:11.368 13403 13403 D WebRTCManager: 🛑 Closing WebRTC connection
02-08 04:39:11.368 13403 13403 D WebRTCManager:    Final state:
02-08 04:39:11.368 13403 13403 D WebRTCManager:    - Local audio track: true, enabled=true
02-08 04:39:11.368 13403 13403 D WebRTCManager:    - Remote audio track: true, enabled=true
02-08 04:39:11.368 13403 13403 D WebRTCManager:    - Connection state: CONNECTED
02-08 04:39:11.371 13403 13403 D WebRTCManager: Audio configuration restored
02-08 04:39:11.373 13403 13457 D CallManager: 📨 [MessageCollector] Received: CallEnded
02-08 04:39:11.373 13403 13457 D CallManager: 📩 Processing message: CallEnded
02-08 04:39:11.373 13403 13457 D CallManager: 📞 Call ended: dbc9231d-e9f2-45d4-8380-88fb32301e78, reason: ended
02-08 04:39:11.374 13403 13457 D WebRTCManager: ═══════════════════════════════════════════════════
02-08 04:39:11.374 13403 13457 D WebRTCManager: 🛑 Closing WebRTC connection
02-08 04:39:11.374 13403 13457 D WebRTCManager:    Final state:
02-08 04:39:11.678 13403 14008 D WebRTCManager: ═══════════════════════════════════════════════════
02-08 04:39:11.678 13403 14008 D WebRTCManager: 🎤 AUDIO RECORD STOPPED - Microphone capture ended!
02-08 04:39:11.678 13403 14008 D WebRTCManager: ═══════════════════════════════════════════════════
02-08 04:39:11.691 13403 13457 D WebRTCManager:    - Local audio track: true, enabled=false
02-08 04:39:11.691 13403 13962 D WebRTCManager: ═══════════════════════════════════════════════════
02-08 04:39:11.691 13403 13962 D WebRTCManager: 🔗 ICE connection state: DISCONNECTED
02-08 04:39:11.691 13403 13962 W WebRTCManager:    ⚠️ ICE DISCONNECTED
02-08 04:39:11.691 13403 13962 D WebRTCManager: ═══════════════════════════════════════════════════
02-08 04:39:11.691 13403 13457 D WebRTCManager:    - Remote audio track: true, enabled=true
02-08 04:39:11.691 13403 13457 D WebRTCManager:    - Connection state: DISCONNECTED
02-08 04:39:11.695 13403 13962 D WebRTCManager: ═══════════════════════════════════════════════════
02-08 04:39:11.695 13403 13962 D WebRTCManager: 🔗 ICE connection state: CLOSED
02-08 04:39:11.695 13403 13962 D WebRTCManager:    🚫 ICE CLOSED
02-08 04:39:11.695 13403 13962 D WebRTCManager: ═══════════════════════════════════════════════════
02-08 04:39:11.695 13403 13962 D WebRTCManager: Signaling state: CLOSED
02-08 04:39:11.717 13403 13961 D WebRTCManager: ═══════════════════════════════════════════════════
02-08 04:39:11.717 13403 13961 D WebRTCManager: 🔇 AUDIO TRACK STOPPED - Remote audio playback ended!
02-08 04:39:11.717 13403 13961 D WebRTCManager: ═══════════════════════════════════════════════════
02-08 04:39:11.740 13403 13403 D WebRTCManager: ═══════════════════════════════════════════════════
02-08 04:39:11.740 13403 13403 D CallManager:    ✓ WebRTC manager closed
02-08 04:39:11.740 13403 13403 D CallManager:    Resetting state...
02-08 04:39:11.740 13403 13403 D CallManager:    ✓ State reset
02-08 04:39:11.740 13403 13403 D CallManager:    ✓ Initialization tracking reset
02-08 04:39:11.740 13403 13403 D CallManager: ═══════════════════════════════════════════════════
02-08 04:39:11.740 13403 13403 D CallManager: ✅ Call ended successfully
02-08 04:39:11.767 13403 13457 D WebRTCManager: Audio configuration restored
02-08 04:39:11.767 13403 13457 D WebRTCManager: ═══════════════════════════════════════════════════
02-08 04:40:35.195 13403 13403 D CallManager: Submitting share: Advice, Very Heavy, 10 min
02-08 04:40:35.203 13403 13457 D CallManager: 📨 [MessageCollector] Received: ShareSubmitted
02-08 04:40:35.203 13403 13457 D CallManager: 📩 Processing message: ShareSubmitted
02-08 04:40:35.203 13403 13457 D CallManager: 📝 Share submitted: 282cd98f-308a-46f0-837a-0938706ed200, status: queued
02-08 04:40:36.280 13403 13454 D CallManager: 📨 [MessageCollector] Received: MatchMade
02-08 04:40:36.280 13403 13454 D CallManager: 📩 Processing message: MatchMade
02-08 04:40:36.281 13403 13454 D CallManager: ═══════════════════════════════════════════════════
02-08 04:40:36.281 13403 13454 D CallManager: 🎯 MATCH MADE RECEIVED!
02-08 04:40:36.281 13403 13454 D CallManager:    Thread: DefaultDispatcher-worker-2
02-08 04:40:36.281 13403 13454 D CallManager:    Call ID: 00f45998-b5cc-491b-9807-99ffa674e72a
02-08 04:40:36.281 13403 13454 D CallManager:    Role: sharer
02-08 04:40:36.281 13403 13454 D CallManager:    Duration: 10 min
02-08 04:40:36.281 13403 13454 D CallManager:    Topic: Advice
02-08 04:40:36.281 13403 13454 D CallManager:    Intent: w
02-08 04:40:36.281 13403 13454 D CallManager:    TURN servers: 2
02-08 04:40:36.282 13403 13454 D CallManager: ═══════════════════════════════════════════════════
02-08 04:40:36.282 13403 13454 D CallManager:    Step 1: Setting currentRole to 'sharer'
02-08 04:40:36.282 13403 13454 D CallManager:    ✓ currentRole is now: sharer
02-08 04:40:36.282 13403 13454 D CallManager:    Step 2: Setting matchConsumed to false
02-08 04:40:36.283 13403 13454 D CallManager:    Step 3: Setting currentCallId to '00f45998-b5cc-491b-9807-99ffa674e72a'
02-08 04:40:36.283 13403 13454 D CallManager:    Step 4: Clearing pendingShareId and incomingPreview
02-08 04:40:36.283 13403 13454 D CallManager:    Step 5: Updating call parameters
02-08 04:40:36.284 13403 13454 D CallManager:    Step 6: Setting matchInfo (THIS TRIGGERS NAVIGATION)
02-08 04:40:36.284 13403 13454 D CallManager:    ✓ matchInfo is now set
02-08 04:40:36.284 13403 13454 D CallManager: 📞 All state updated, now initializing WebRTC...
02-08 04:40:36.285 13403 13454 D CallManager:    TURN: [turn:localhost:3478]
02-08 04:40:36.285 13403 13454 D CallManager:    TURN: [stun:stun.l.google.com:19302]
02-08 04:40:36.285 13403 13454 D CallManager: 🎬 Step 7: Calling initializeWebRTC(isInitiator=true)
02-08 04:40:36.285 13403 13454 D CallManager: ═══════════════════════════════════════════════════
02-08 04:40:36.286 13403 13454 D CallManager: 🎬 initializeWebRTC CALLED
02-08 04:40:36.286 13403 13454 D CallManager:    Thread: DefaultDispatcher-worker-2
02-08 04:40:36.286 13403 13454 D CallManager:    isInitiator: true
02-08 04:40:36.286 13403 13454 D CallManager:    turnServers: 2
02-08 04:40:36.286 13403 13454 D CallManager:    callId: 00f45998-b5cc-491b-9807-99ffa674e72a
02-08 04:40:36.286 13403 13454 D CallManager:    isWebRTCInitializing: false
02-08 04:40:36.287 13403 13454 D CallManager:    lastInitializedCallId: null
02-08 04:40:36.287 13403 13454 D CallManager: ═══════════════════════════════════════════════════
02-08 04:40:36.287 13403 13454 D CallManager:    Set isWebRTCInitializing = true
02-08 04:40:36.287 13403 13454 D CallManager:    Cancelled previous WebRTC job
02-08 04:40:36.287 13403 13454 D CallManager:    Launching coroutine on Main thread...
02-08 04:40:36.289 13403 13454 D CallManager:    ✓ initializeWebRTC launched
02-08 04:40:36.304 13403 13403 D CallManager: ═══════════════════════════════════════════════════
02-08 04:40:36.304 13403 13403 D CallManager: 🔒 tryConsumeMatch() CALLED
02-08 04:40:36.304 13403 13403 D CallManager:    Thread: main
02-08 04:40:36.304 13403 13403 D CallManager:    Current _matchConsumed.value: false
02-08 04:40:36.304 13403 13403 D CallManager:    Current matchInfo: 00f45998-b5cc-491b-9807-99ffa674e72a
02-08 04:40:36.304 13403 13403 D CallManager:    [INSIDE LOCK] Checking consumed state...
02-08 04:40:36.304 13403 13403 D CallManager:    ✓ Match consumed successfully - returning true
02-08 04:40:36.304 13403 13403 D CallManager: ═══════════════════════════════════════════════════
02-08 04:40:36.311 13403 13403 D CallManager: 🔧 initializeWebRTC - NOW ON MAIN THREAD
02-08 04:40:36.311 13403 13403 D CallManager:    Thread: main
02-08 04:40:36.311 13403 13403 D CallManager: 🧹 Disposing existing WebRTC manager
02-08 04:40:36.311 13403 13403 D WebRTCManager: ═══════════════════════════════════════════════════
02-08 04:40:36.311 13403 13403 D WebRTCManager: 🛑 Closing WebRTC connection
02-08 04:40:36.311 13403 13403 D WebRTCManager:    Final state:
02-08 04:40:36.311 13403 13403 D WebRTCManager:    - Local audio track: false, enabled=null
02-08 04:40:36.311 13403 13403 D WebRTCManager:    - Remote audio track: false, enabled=null
02-08 04:40:36.311 13403 13403 D WebRTCManager:    - Connection state: IDLE
02-08 04:40:36.315 13403 13403 D WebRTCManager: Audio configuration restored
02-08 04:40:36.315 13403 13403 D WebRTCManager: ═══════════════════════════════════════════════════
02-08 04:40:36.320 13403 13403 D WebRTCManager: WebRTCManager disposed
02-08 04:40:36.320 13403 13403 D CallManager: 🆕 Creating new WebRTCManager...
02-08 04:40:36.320 13403 13403 D WebRTCManager: ═══════════════════════════════════════════════════
02-08 04:40:36.320 13403 13403 D WebRTCManager: 🆕 WebRTCManager CONSTRUCTOR CALLED
02-08 04:40:36.320 13403 13403 D WebRTCManager:    Thread: main
02-08 04:40:36.320 13403 13403 D WebRTCManager: ═══════════════════════════════════════════════════
02-08 04:40:36.320 13403 13403 D WebRTCManager: PeerConnectionFactory already initialized
02-08 04:40:36.320 13403 13403 D WebRTCManager: 🏭 initializePeerConnectionFactory starting...
02-08 04:40:36.320 13403 13403 D WebRTCManager:    ⚠️ Voice anonymization TEMPORARILY DISABLED for debugging
02-08 04:40:36.323 13403 13403 D WebRTCManager:    ✅ JavaAudioDeviceModule created
02-08 04:40:36.323 13403 13403 D WebRTCManager:       - Hardware AEC enabled: true
02-08 04:40:36.323 13403 13403 D WebRTCManager:       - Hardware NS enabled: true
02-08 04:40:36.329 13403 13403 D WebRTCManager:    ✅ PeerConnectionFactory created (standard audio, no voice processing)
02-08 04:40:36.329 13403 13403 D WebRTCManager:    ✓ WebRTCManager constructor completed
02-08 04:40:36.329 13403 13403 D CallManager: 🔌 Creating peer connection...
02-08 04:40:36.329 13403 13403 D WebRTCManager: ═══════════════════════════════════════════════════
02-08 04:40:36.329 13403 13403 D WebRTCManager: 🔌 createPeerConnection CALLED
02-08 04:40:36.330 13403 13403 D WebRTCManager:    isInitiator: true
02-08 04:40:36.330 13403 13403 D WebRTCManager:    Role: SHARER (will create offer)
02-08 04:40:36.330 13403 13403 D WebRTCManager:    TURN servers: 2
02-08 04:40:36.330 13403 13403 D WebRTCManager:    - [turn:localhost:3478]
02-08 04:40:36.330 13403 13403 D WebRTCManager:    - [stun:stun.l.google.com:19302]
02-08 04:40:36.330 13403 13403 D WebRTCManager: ═══════════════════════════════════════════════════
02-08 04:40:36.330 13403 13403 D WebRTCManager: ═══════════════════════════════════════════════════
02-08 04:40:36.330 13403 13403 D WebRTCManager: 🔊 configureAudioForCall CALLED
02-08 04:40:36.331 13403 13403 D WebRTCManager:    Saved audio mode: 0, speakerphone: false
02-08 04:40:36.332 13403 13403 D WebRTCManager:    Set mode to MODE_IN_COMMUNICATION
02-08 04:40:36.333 13403 13403 D WebRTCManager:    Set speakerphone OFF (prevents echo)
02-08 04:40:36.444 13403 13403 D WebRTCManager:    Set VOICE_CALL volume to 9 / 11
02-08 04:40:36.450 13403 13403 D WebRTCManager:    Set MUSIC volume to 13 / 15 (fallback)
02-08 04:40:36.454 13403 13403 D WebRTCManager:    Audio focus request result: 1 (1=granted)
02-08 04:40:36.454 13403 13403 D WebRTCManager:    ─────────────────────────────────────────────
02-08 04:40:36.454 13403 13403 D WebRTCManager:    FINAL AUDIO STATE:
02-08 04:40:36.483 13403 13403 D WebRTCManager:    - Mode: 3 (3=MODE_IN_COMMUNICATION)
02-08 04:40:36.487 13403 13403 D WebRTCManager:    - Speakerphone: false
02-08 04:40:36.488 13403 13403 D WebRTCManager:    - Microphone muted: false
02-08 04:40:36.490 13403 13403 D WebRTCManager:    - Music active: false
02-08 04:40:36.547 13403 13403 D WebRTCManager:    - Voice call volume: 9
02-08 04:40:36.548 13403 13403 D WebRTCManager: ═══════════════════════════════════════════════════
02-08 04:40:36.548 13403 13403 D WebRTCManager:    ICE servers built: 3
02-08 04:40:36.551 13403 13403 D WebRTCManager: ✅ PeerConnection created
02-08 04:40:36.551 13403 13403 D WebRTCManager: ═══════════════════════════════════════════════════
02-08 04:40:36.551 13403 13403 D WebRTCManager: 🎤 createLocalAudioTrack CALLED
02-08 04:40:36.551 13403 13403 D WebRTCManager:    Thread: main
02-08 04:40:36.552 13403 13403 D WebRTCManager:    peerConnectionFactory: true
02-08 04:40:36.552 13403 13403 D WebRTCManager:    peerConnection: true
02-08 04:40:36.552 13403 13403 D WebRTCManager:    ✓ Audio constraints created
02-08 04:40:36.553 13403 13403 D WebRTCManager:    audioSource created: true
02-08 04:40:36.553 13403 13403 D WebRTCManager:    localAudioTrack created: true
02-08 04:40:36.554 13403 13403 D WebRTCManager:    localAudioTrack enabled: true
02-08 04:40:36.554 13403 14220 D WebRTCManager: Renegotiation needed
02-08 04:40:36.555 13403 13403 D WebRTCManager:    Track added to peerConnection, sender: true
02-08 04:40:36.555 13403 13403 D WebRTCManager:    Sender track: audio
02-08 04:40:36.555 13403 13403 D WebRTCManager:    ─────────────────────────────────────────────
02-08 04:40:36.555 13403 13403 D WebRTCManager:    TRANSCEIVERS AFTER ADDING LOCAL TRACK:
02-08 04:40:36.556 13403 13403 D WebRTCManager:    Transceiver[0]:
02-08 04:40:36.556 13403 13403 D WebRTCManager:      - mediaType: MEDIA_TYPE_AUDIO
02-08 04:40:36.556 13403 13403 D WebRTCManager:      - direction: SEND_RECV
02-08 04:40:36.556 13403 13403 D WebRTCManager:      - currentDirection: null
02-08 04:40:36.556 13403 13403 D WebRTCManager:      - mid: null
02-08 04:40:36.556 13403 13403 D WebRTCManager:      - sender.track: audio
02-08 04:40:36.556 13403 13403 D WebRTCManager:      - receiver.track: audio
02-08 04:40:36.556 13403 13403 D WebRTCManager:    ─────────────────────────────────────────────
02-08 04:40:36.556 13403 13403 D WebRTCManager: ═══════════════════════════════════════════════════
02-08 04:40:36.556 13403 13403 D WebRTCManager: ✅ Local audio track created - THIS DEVICE CAN NOW TRANSMIT AUDIO
02-08 04:40:36.556 13403 13403 D WebRTCManager: 🔄 State set to CONNECTING
02-08 04:40:36.557 13403 13403 D WebRTCManager: 📤 Creating offer (we are initiator)
02-08 04:40:36.558 13403 13403 D WebRTCManager: PeerConnection created (initiator: true)
02-08 04:40:36.558 13403 13403 D CallManager: ✅ WebRTC initialized successfully, isInitiator: true
02-08 04:40:36.558 13403 14220 D WebRTCManager: ═══════════════════════════════════════════════════
02-08 04:40:36.558 13403 14220 D WebRTCManager: 📤 OFFER CREATED!
02-08 04:40:36.559 13403 14220 D WebRTCManager:    type: OFFER
02-08 04:40:36.559 13403 14220 D WebRTCManager:    description length: 1175
02-08 04:40:36.559 13403 14220 D WebRTCManager:    hasAudio: true
02-08 04:40:36.559 13403 14220 D WebRTCManager:    audioDirection: sendrecv
02-08 04:40:36.560 13403 14220 D WebRTCManager:    Transceivers at offer creation:
02-08 04:40:36.560 13403 14220 D WebRTCManager:      [0] type=MEDIA_TYPE_AUDIO, dir=SEND_RECV, mid=null
02-08 04:40:36.560 13403 14220 D WebRTCManager: ═══════════════════════════════════════════════════
02-08 04:40:36.562 13403 14220 D WebRTCManager: Signaling state: HAVE_LOCAL_OFFER
02-08 04:40:36.565 13403 14220 D WebRTCManager: Local description set
02-08 04:40:36.592 13403 14220 D WebRTCManager: ICE gathering state: GATHERING
02-08 04:40:36.616 13403 14220 D WebRTCManager: Local ICE candidate: 0
02-08 04:40:36.618 13403 14220 D WebRTCManager: Local ICE candidate: 0
02-08 04:40:36.619 13403 14220 D WebRTCManager: Local ICE candidate: 0
02-08 04:40:36.660 13403 13403 D CallManager: 🔊 WebRTC state changed: CONNECTING
02-08 04:40:36.665 13403 13457 D CallManager: 📤 Sending OFFER for call 00f45998-b5cc-491b-9807-99ffa674e72a
02-08 04:40:36.679 13403 14220 D WebRTCManager: Local ICE candidate: 0
02-08 04:40:36.687 13403 13457 D CallManager: 📤 Sending ICE candidate for call 00f45998-b5cc-491b-9807-99ffa674e72a
02-08 04:40:36.688 13403 13457 D CallManager: 📤 Sending ICE candidate for call 00f45998-b5cc-491b-9807-99ffa674e72a
02-08 04:40:36.690 13403 13457 D CallManager: 📤 Sending ICE candidate for call 00f45998-b5cc-491b-9807-99ffa674e72a
02-08 04:40:36.704 13403 13457 D CallManager: 📤 Sending ICE candidate for call 00f45998-b5cc-491b-9807-99ffa674e72a
02-08 04:40:36.720 13403 14220 D WebRTCManager: Local ICE candidate: 0
02-08 04:40:36.721 13403 14220 D WebRTCManager: Local ICE candidate: 0
02-08 04:40:36.722 13403 14220 D WebRTCManager: Local ICE candidate: 0
02-08 04:40:36.728 13403 13457 D CallManager: 📤 Sending ICE candidate for call 00f45998-b5cc-491b-9807-99ffa674e72a
02-08 04:40:36.729 13403 13457 D CallManager: 📤 Sending ICE candidate for call 00f45998-b5cc-491b-9807-99ffa674e72a
02-08 04:40:36.732 13403 13457 D CallManager: 📤 Sending ICE candidate for call 00f45998-b5cc-491b-9807-99ffa674e72a
02-08 04:40:36.813 13403 13454 D CallManager: 📨 [MessageCollector] Received: WebRtcAnswer
02-08 04:40:36.813 13403 13454 D CallManager: 📩 Processing message: WebRtcAnswer
02-08 04:40:36.813 13403 13454 D CallManager: 📥 Received WebRTC ANSWER, sdp length: 1134
02-08 04:40:36.813 13403 13454 D WebRTCManager: ═══════════════════════════════════════════════════
02-08 04:40:36.813 13403 13454 D WebRTCManager: 📥 setRemoteDescription CALLED
02-08 04:40:36.814 13403 13454 D WebRTCManager:    Thread: DefaultDispatcher-worker-2
02-08 04:40:36.814 13403 13454 D WebRTCManager:    isAnswer: true
02-08 04:40:36.814 13403 13454 D WebRTCManager:    sdp.type: ANSWER
02-08 04:40:36.814 13403 13454 D WebRTCManager:    sdp.description length: 1134
02-08 04:40:36.814 13403 13454 D WebRTCManager:    hasRemoteDescriptionBeenSet: false
02-08 04:40:36.814 13403 13454 D WebRTCManager:    peerConnection: true
02-08 04:40:36.814 13403 13454 D WebRTCManager:    ✓ Set hasRemoteDescriptionBeenSet = true
02-08 04:40:36.816 13403 14220 D WebRTCManager: Signaling state: STABLE
02-08 04:40:36.886 13403 14263 D WebRTCManager: ═══════════════════════════════════════════════════
02-08 04:40:36.887 13403 14220 D WebRTCManager: ═══════════════════════════════════════════════════
02-08 04:40:36.887 13403 14220 D WebRTCManager: 🔗 ICE connection state: CHECKING
02-08 04:40:36.887 13403 14220 D WebRTCManager:    🔍 ICE checking - attempting to connect...
02-08 04:40:36.887 13403 14220 D WebRTCManager: ═══════════════════════════════════════════════════
02-08 04:40:36.887 13403 14263 D WebRTCManager: 🔊 AUDIO TRACK STARTED - Remote audio playback beginning!
02-08 04:40:36.887 13403 14263 D WebRTCManager: ═══════════════════════════════════════════════════
02-08 04:40:36.889 13403 14220 D WebRTCManager: ═══════════════════════════════════════════════════
02-08 04:40:36.889 13403 14220 D WebRTCManager: 🔊 onTrack - TRANSCEIVER RECEIVED!
02-08 04:40:36.889 13403 14220 D WebRTCManager:    Thread: signaling_threa - 14220
02-08 04:40:36.889 13403 14220 D WebRTCManager:    transceiver: true
02-08 04:40:36.889 13403 14220 D WebRTCManager:    mediaType: MEDIA_TYPE_AUDIO
02-08 04:40:36.889 13403 14220 D WebRTCManager:    direction: SEND_RECV
02-08 04:40:36.889 13403 14220 D WebRTCManager:    mid: 0
02-08 04:40:36.889 13403 14220 D WebRTCManager:    currentDirection: SEND_RECV
02-08 04:40:36.889 13403 14220 D WebRTCManager:    isStopped: false
02-08 04:40:36.890 13403 14220 D WebRTCManager:    This is an AUDIO transceiver
02-08 04:40:36.890 13403 14220 D WebRTCManager:    Receiver track: kind=audio, id=ca04bf16-7ddc-4825-8356-115b5e33c275, enabled=true
02-08 04:40:36.890 13403 14220 D WebRTCManager:    ✅ Remote audio track from transceiver ENABLED!
02-08 04:40:36.890 13403 14220 D WebRTCManager:    Track state: LIVE
02-08 04:40:36.890 13403 14220 D WebRTCManager:    Track enabled: true
02-08 04:40:36.890 13403 14220 D WebRTCManager:    Sender track (local): kind=audio, id=audio0, enabled=true
02-08 04:40:36.890 13403 14220 D WebRTCManager: ═══════════════════════════════════════════════════
02-08 04:40:36.890 13403 14220 D WebRTCManager: ═══════════════════════════════════════════════════
02-08 04:40:36.890 13403 14220 D WebRTCManager: 🔊 onAddTrack - REMOTE TRACK ADDED!
02-08 04:40:36.890 13403 14220 D WebRTCManager:    Thread: signaling_threa - 14220
02-08 04:40:36.890 13403 14220 D WebRTCManager:    receiver: true
02-08 04:40:36.890 13403 14220 D WebRTCManager:    receiver.track: org.webrtc.AudioTrack@df7e46b
02-08 04:40:36.890 13403 14220 D WebRTCManager:    receiver.track kind: audio
02-08 04:40:36.890 13403 14220 D WebRTCManager:    receiver.track id: ca04bf16-7ddc-4825-8356-115b5e33c275
02-08 04:40:36.890 13403 14220 D WebRTCManager:    receiver.track enabled: true
02-08 04:40:36.890 13403 14220 D WebRTCManager:    streams count: 1
02-08 04:40:36.890 13403 14220 D WebRTCManager:    Processing track: kind=audio, id=ca04bf16-7ddc-4825-8356-115b5e33c275
02-08 04:40:36.890 13403 14220 D WebRTCManager:    ✅ Remote audio track ENABLED for playback!
02-08 04:40:36.890 13403 14220 D WebRTCManager:    remoteAudioTrack.id: ca04bf16-7ddc-4825-8356-115b5e33c275
02-08 04:40:36.890 13403 14220 D WebRTCManager:    remoteAudioTrack.enabled: true
02-08 04:40:36.890 13403 14220 D WebRTCManager:    remoteAudioTrack.state: LIVE
02-08 04:40:36.890 13403 14220 D WebRTCManager:    Current audio state:
02-08 04:40:36.892 13403 14220 D WebRTCManager:    - Mode: 3
02-08 04:40:36.893 13403 14220 D WebRTCManager:    - Speakerphone: false
02-08 04:40:36.894 13403 14220 D WebRTCManager:    - Voice call volume: 9
02-08 04:40:36.894 13403 14220 D WebRTCManager:    Stream ID: stream0
02-08 04:40:36.894 13403 14220 D WebRTCManager:    Audio tracks in stream: 1
02-08 04:40:36.894 13403 14220 D WebRTCManager:    Audio track [0]: id=ca04bf16-7ddc-4825-8356-115b5e33c275, enabled=true
02-08 04:40:36.894 13403 14220 D WebRTCManager: ═══════════════════════════════════════════════════
02-08 04:40:36.894 13403 14220 D WebRTCManager: ═══════════════════════════════════════════════════
02-08 04:40:36.894 13403 14220 D WebRTCManager: 📥 onAddStream - REMOTE STREAM ADDED!
02-08 04:40:36.894 13403 14220 D WebRTCManager:    stream: true
02-08 04:40:36.894 13403 14220 D WebRTCManager:    stream.id: stream0
02-08 04:40:36.894 13403 14220 D WebRTCManager:    audioTracks count: 1
02-08 04:40:36.894 13403 14220 D WebRTCManager:    videoTracks count: 0
02-08 04:40:36.894 13403 14220 D WebRTCManager:    Audio track[0]: id=ca04bf16-7ddc-4825-8356-115b5e33c275, enabled=true, state=LIVE
02-08 04:40:36.894 13403 14220 D WebRTCManager:    Audio track[0] ENABLED: true
02-08 04:40:36.894 13403 14220 D WebRTCManager: ═══════════════════════════════════════════════════
02-08 04:40:36.894 13403 14220 D WebRTCManager:    ✅ Remote description set successfully!
02-08 04:40:36.894 13403 14220 D WebRTCManager:    isAnswer: true
02-08 04:40:36.895 13403 13454 D WebRTCManager: ═══════════════════════════════════════════════════
02-08 04:40:36.895 13403 13454 D CallManager: 📨 [MessageCollector] Received: IceCandidate
02-08 04:40:36.895 13403 13454 D CallManager: 📩 Processing message: IceCandidate
02-08 04:40:36.895 13403 13454 D CallManager: 📥 Received ICE candidate: candidate:263294812 1 udp 2122260223 192.168.1.183...
02-08 04:40:36.896 13403 13454 D WebRTCManager: Remote ICE candidate added
02-08 04:40:36.918 13403 13454 D CallManager: 📨 [MessageCollector] Received: IceCandidate
02-08 04:40:36.919 13403 13454 D CallManager: 📩 Processing message: IceCandidate
02-08 04:40:36.919 13403 13454 D CallManager: 📥 Received ICE candidate: candidate:385309953 1 udp 2121998079 127.0.0.1 428...
02-08 04:40:36.920 13403 13454 D WebRTCManager: Remote ICE candidate added
02-08 04:40:36.920 13403 13454 D CallManager: 📨 [MessageCollector] Received: IceCandidate
02-08 04:40:36.921 13403 13454 D CallManager: 📩 Processing message: IceCandidate
02-08 04:40:36.921 13403 13454 D CallManager: 📥 Received ICE candidate: candidate:1005488602 1 udp 2122071295 ::1 48557 ty...
02-08 04:40:36.921 13403 13454 D WebRTCManager: Remote ICE candidate added
02-08 04:40:36.922 13403 13454 D CallManager: 📨 [MessageCollector] Received: IceCandidate
02-08 04:40:36.922 13403 13454 D CallManager: 📩 Processing message: IceCandidate
02-08 04:40:36.922 13403 13454 D CallManager: 📥 Received ICE candidate: candidate:648481945 1 udp 1686052607 154.159.237.6...
02-08 04:40:36.923 13403 13454 D WebRTCManager: Remote ICE candidate added
02-08 04:40:36.971 13403 13454 D CallManager: 📨 [MessageCollector] Received: IceCandidate
02-08 04:40:36.972 13403 13454 D CallManager: 📩 Processing message: IceCandidate
02-08 04:40:36.972 13403 13454 D CallManager: 📥 Received ICE candidate: candidate:4203978519 1 tcp 1518214911 10.43.174.17...
02-08 04:40:36.973 13403 13454 D WebRTCManager: Remote ICE candidate added
02-08 04:40:37.029 13403 13454 D CallManager: 📨 [MessageCollector] Received: IceCandidate
02-08 04:40:37.029 13403 13454 D CallManager: 📩 Processing message: IceCandidate
02-08 04:40:37.029 13403 13454 D CallManager: 📥 Received ICE candidate: candidate:3035889666 1 tcp 1518149375 10.0.132.80 ...
02-08 04:40:37.030 13403 13454 D WebRTCManager: Remote ICE candidate added
02-08 04:40:37.032 13403 13454 D CallManager: 📨 [MessageCollector] Received: IceCandidate
02-08 04:40:37.032 13403 13454 D CallManager: 📩 Processing message: IceCandidate
02-08 04:40:37.032 13403 13454 D CallManager: 📥 Received ICE candidate: candidate:1748549529 1 tcp 1518018303 127.0.0.1 53...
02-08 04:40:37.034 13403 13454 D WebRTCManager: Remote ICE candidate added
02-08 04:40:37.036 13403 13454 D CallManager: 📨 [MessageCollector] Received: IceCandidate
02-08 04:40:37.036 13403 13454 D CallManager: 📩 Processing message: IceCandidate
02-08 04:40:37.037 13403 13454 D CallManager: 📥 Received ICE candidate: candidate:1159818050 1 tcp 1518091519 ::1 35195 ty...
02-08 04:40:37.038 13403 13454 D WebRTCManager: Remote ICE candidate added
02-08 04:40:37.165 13403 14220 D WebRTCManager: ═══════════════════════════════════════════════════
02-08 04:40:37.165 13403 14220 D WebRTCManager: 🔗 ICE connection state: CONNECTED
02-08 04:40:37.165 13403 14220 D WebRTCManager:    ✅ ICE CONNECTED - WebRTC call established!
02-08 04:40:37.167 13403 14220 D WebRTCManager:    🔊 Re-applying audio configuration (WebRTC resets it)...
02-08 04:40:37.167 13403 13403 D CallManager: 🔊 WebRTC state changed: CONNECTED
02-08 04:40:37.167 13403 13403 D CallManager: 🔊 WebRTC CONNECTED - verifying audio setup...
02-08 04:40:37.169 13403 14220 D WebRTCManager:    forceAudioModeForCall: current mode = 3
02-08 04:40:37.171 13403 14220 D WebRTCManager:    ✅ Audio mode confirmed: MODE_IN_COMMUNICATION
02-08 04:40:37.171 13403 14220 D WebRTCManager:    ─────────────────────────────────────────────
02-08 04:40:37.171 13403 14220 D WebRTCManager:    AUDIO VERIFICATION ON ICE CONNECTED:
02-08 04:40:37.171 13403 14220 D WebRTCManager:    Local audio track: true
02-08 04:40:37.171 13403 14220 D WebRTCManager:    Local audio enabled: true
02-08 04:40:37.171 13403 14220 D WebRTCManager:    Remote audio track: true
02-08 04:40:37.172 13403 14220 D WebRTCManager:    Remote audio enabled: true
02-08 04:40:37.172 13403 14220 D WebRTCManager:    Transceiver[0]:
02-08 04:40:37.172 13403 14220 D WebRTCManager:      - mediaType: MEDIA_TYPE_AUDIO
02-08 04:40:37.173 13403 14220 D WebRTCManager:      - direction: SEND_RECV
02-08 04:40:37.173 13403 14220 D WebRTCManager:      - currentDirection: SEND_RECV
02-08 04:40:37.174 13403 14220 D WebRTCManager:      - mid: 0
02-08 04:40:37.174 13403 14220 D WebRTCManager:      - Receiver track: kind=audio, enabled=true, state=LIVE
02-08 04:40:37.174 13403 14220 D WebRTCManager:      - Sender track: kind=audio, enabled=true, state=LIVE
02-08 04:40:37.174 13403 14220 D WebRTCManager:    AudioManager state AFTER force:
02-08 04:40:37.175 13403 14220 D WebRTCManager:    - Mode: 3 (3=IN_COMMUNICATION)
02-08 04:40:37.177 13403 14220 D WebRTCManager:    - Speakerphone: false
02-08 04:40:37.178 13403 14220 D WebRTCManager:    - Mic muted: false
02-08 04:40:37.179 13403 14220 D WebRTCManager:    - Voice volume: 9
02-08 04:40:37.179 13403 14220 D WebRTCManager:    ─────────────────────────────────────────────
02-08 04:40:37.179 13403 14220 D WebRTCManager: ═══════════════════════════════════════════════════
02-08 04:40:37.272 13403 14268 D WebRTCManager: ═══════════════════════════════════════════════════
02-08 04:40:37.272 13403 14268 D WebRTCManager: 🎤 AUDIO RECORD STARTED - Microphone capture beginning!
02-08 04:40:37.272 13403 14268 D WebRTCManager: ═══════════════════════════════════════════════════
02-08 04:40:37.675 13403 13403 D WebRTCManager: ═══════════════════════════════════════════════════
02-08 04:40:37.675 13403 13403 D WebRTCManager: 🔍 VERIFYING AUDIO SETUP
02-08 04:40:37.675 13403 13403 D WebRTCManager:    ✅ Local audio track OK
02-08 04:40:37.675 13403 13403 D WebRTCManager:    ✅ Remote audio track OK
02-08 04:40:37.676 13403 13403 D WebRTCManager:    ✅ Audio mode OK
02-08 04:40:37.677 13403 13403 D WebRTCManager:    ✅ Voice call volume OK: 9
02-08 04:40:37.677 13403 13403 D WebRTCManager:    Result: ✅ AUDIO SETUP VALID
02-08 04:40:37.677 13403 13403 D WebRTCManager: ═══════════════════════════════════════════════════
02-08 04:40:37.677 13403 13403 D WebRTCManager: ═══════════════════════════════════════════════════
02-08 04:40:37.677 13403 13403 D WebRTCManager: 📊 WEBRTC STATS DEBUG
02-08 04:40:37.677 13403 13403 D WebRTCManager:    State: CONNECTED
02-08 04:40:37.678 13403 13403 D WebRTCManager:    Local audio track: audio0, enabled=true
02-08 04:40:37.678 13403 13403 D WebRTCManager:    Remote audio track: ca04bf16-7ddc-4825-8356-115b5e33c275, enabled=true
02-08 04:40:37.678 13403 13403 D WebRTCManager:    Muted: false
02-08 04:40:37.680 13403 13403 D WebRTCManager:    Transceiver[0]:
02-08 04:40:37.680 13403 13403 D WebRTCManager:      - Type: MEDIA_TYPE_AUDIO
02-08 04:40:37.680 13403 13403 D WebRTCManager:      - Direction: SEND_RECV
02-08 04:40:37.680 13403 13403 D WebRTCManager:      - Current direction: SEND_RECV
02-08 04:40:37.680 13403 13403 D WebRTCManager:      - Stopped: false
02-08 04:40:37.681 13403 13403 D WebRTCManager:      - Sender track: audio, enabled=true
02-08 04:40:37.681 13403 13403 D WebRTCManager:      - Receiver track: audio, enabled=true
02-08 04:40:37.681 13403 13403 D WebRTCManager:    AudioManager:
02-08 04:40:37.682 13403 13403 D WebRTCManager:      - Mode: 3
02-08 04:40:37.683 13403 13403 D WebRTCManager:      - Speakerphone: false
02-08 04:40:37.683 13403 13403 D WebRTCManager:      - Microphone muted: false
02-08 04:40:37.684 13403 13403 D WebRTCManager:      - Voice call volume: 9
02-08 04:40:37.685 13403 13403 D WebRTCManager:      - Music volume: 13
02-08 04:40:37.685 13403 13403 D WebRTCManager: ═══════════════════════════════════════════════════
