--------- beginning of main
02-08 04:25:46.246  9903  9948 D CallManager: 📨 [MessageCollector] Received: CallEnded
02-08 04:25:46.246  9903  9948 D CallManager: 📩 Processing message: CallEnded
02-08 04:25:46.247  9903  9948 D CallManager: 📞 Call ended: ac865adc-d566-4dcc-bb05-69bb9dce65f1, reason: ended
02-08 04:25:46.250  9903  9948 D WebRTCManager: ═══════════════════════════════════════════════════
02-08 04:25:46.250  9903  9948 D WebRTCManager: 🛑 Closing WebRTC connection
02-08 04:25:46.251  9903  9948 D WebRTCManager:    Final state:
02-08 04:25:46.251  9903  9948 D WebRTCManager:    - Local audio track: true, enabled=true
02-08 04:25:46.251  9903  9948 D WebRTCManager:    - Remote audio track: true, enabled=true
02-08 04:25:46.251  9903  9948 D WebRTCManager:    - Connection state: CONNECTED
02-08 04:25:46.263  9903  9948 D WebRTCManager: Audio configuration restored
02-08 04:25:46.442  9903 10558 D WebRTCManager: ═══════════════════════════════════════════════════
02-08 04:25:46.442  9903 10558 D WebRTCManager: 🎤 AUDIO RECORD STOPPED - Microphone capture ended!
02-08 04:25:46.442  9903 10558 D WebRTCManager: ═══════════════════════════════════════════════════
02-08 04:25:46.449  9903 10504 D WebRTCManager: ═══════════════════════════════════════════════════
02-08 04:25:46.450  9903 10504 D WebRTCManager: 🔗 ICE connection state: DISCONNECTED
02-08 04:25:46.450  9903 10504 W WebRTCManager:    ⚠️ ICE DISCONNECTED
02-08 04:25:46.450  9903 10504 D WebRTCManager: ═══════════════════════════════════════════════════
02-08 04:25:46.452  9903 10504 D WebRTCManager: ═══════════════════════════════════════════════════
02-08 04:25:46.452  9903 10504 D WebRTCManager: 🔗 ICE connection state: CLOSED
02-08 04:25:46.452  9903 10504 D WebRTCManager:    🚫 ICE CLOSED
02-08 04:25:46.452  9903 10504 D WebRTCManager: ═══════════════════════════════════════════════════
02-08 04:25:46.453  9903 10504 D WebRTCManager: Signaling state: CLOSED
02-08 04:25:46.492  9903 10503 D WebRTCManager: ═══════════════════════════════════════════════════
02-08 04:25:46.492  9903 10503 D WebRTCManager: 🔇 AUDIO TRACK STOPPED - Remote audio playback ended!
02-08 04:25:46.492  9903 10503 D WebRTCManager: ═══════════════════════════════════════════════════
02-08 04:25:46.499  9903  9948 D WebRTCManager: ═══════════════════════════════════════════════════
02-08 04:26:12.303  9903  9903 D CallManager: Submitting share: Confession, Light, 10 min
02-08 04:26:12.310  9903  9948 D CallManager: 📨 [MessageCollector] Received: ShareSubmitted
02-08 04:26:12.311  9903  9948 D CallManager: 📩 Processing message: ShareSubmitted
02-08 04:26:12.311  9903  9948 D CallManager: 📝 Share submitted: bebeb69c-15f1-4b67-9def-fbb53b360047, status: queued
02-08 04:26:13.788  9903  9949 D CallManager: 📨 [MessageCollector] Received: MatchMade
02-08 04:26:13.788  9903  9949 D CallManager: 📩 Processing message: MatchMade
02-08 04:26:13.789  9903  9949 D CallManager: ═══════════════════════════════════════════════════
02-08 04:26:13.789  9903  9949 D CallManager: 🎯 MATCH MADE RECEIVED!
02-08 04:26:13.789  9903  9949 D CallManager:    Thread: DefaultDispatcher-worker-3
02-08 04:26:13.789  9903  9949 D CallManager:    Call ID: b00c71fc-0a66-42b8-8443-7399ce6b08c5
02-08 04:26:13.790  9903  9949 D CallManager:    Role: sharer
02-08 04:26:13.790  9903  9949 D CallManager:    Duration: 10 min
02-08 04:26:13.790  9903  9949 D CallManager:    Topic: Confession
02-08 04:26:13.790  9903  9949 D CallManager:    Intent: you
02-08 04:26:13.790  9903  9949 D CallManager:    TURN servers: 2
02-08 04:26:13.790  9903  9949 D CallManager: ═══════════════════════════════════════════════════
02-08 04:26:13.790  9903  9949 D CallManager:    Step 1: Setting currentRole to 'sharer'
02-08 04:26:13.791  9903  9949 D CallManager:    ✓ currentRole is now: sharer
02-08 04:26:13.791  9903  9949 D CallManager:    Step 2: Setting matchConsumed to false
02-08 04:26:13.792  9903  9949 D CallManager:    Step 3: Setting currentCallId to 'b00c71fc-0a66-42b8-8443-7399ce6b08c5'
02-08 04:26:13.792  9903  9949 D CallManager:    Step 4: Clearing pendingShareId and incomingPreview
02-08 04:26:13.792  9903  9949 D CallManager:    Step 5: Updating call parameters
02-08 04:26:13.793  9903  9949 D CallManager:    Step 6: Setting matchInfo (THIS TRIGGERS NAVIGATION)
02-08 04:26:13.793  9903  9949 D CallManager:    ✓ matchInfo is now set
02-08 04:26:13.793  9903  9949 D CallManager: 📞 All state updated, now initializing WebRTC...
02-08 04:26:13.793  9903  9949 D CallManager:    TURN: [turn:localhost:3478]
02-08 04:26:13.793  9903  9949 D CallManager:    TURN: [stun:stun.l.google.com:19302]
02-08 04:26:13.793  9903  9949 D CallManager: 🎬 Step 7: Calling initializeWebRTC(isInitiator=true)
02-08 04:26:13.794  9903  9949 D CallManager: ═══════════════════════════════════════════════════
02-08 04:26:13.794  9903  9949 D CallManager: 🎬 initializeWebRTC CALLED
02-08 04:26:13.794  9903  9949 D CallManager:    Thread: DefaultDispatcher-worker-3
02-08 04:26:13.794  9903  9949 D CallManager:    isInitiator: true
02-08 04:26:13.794  9903  9949 D CallManager:    turnServers: 2
02-08 04:26:13.794  9903  9949 D CallManager:    callId: b00c71fc-0a66-42b8-8443-7399ce6b08c5
02-08 04:26:13.794  9903  9949 D CallManager:    isWebRTCInitializing: false
02-08 04:26:13.794  9903  9949 D CallManager:    lastInitializedCallId: null
02-08 04:26:13.794  9903  9949 D CallManager: ═══════════════════════════════════════════════════
02-08 04:26:13.794  9903  9949 D CallManager:    Set isWebRTCInitializing = true
02-08 04:26:13.794  9903  9949 D CallManager:    Cancelled previous WebRTC job
02-08 04:26:13.794  9903  9949 D CallManager:    Launching coroutine on Main thread...
02-08 04:26:13.795  9903  9949 D CallManager:    ✓ initializeWebRTC launched
02-08 04:26:13.816  9903  9903 D CallManager: ═══════════════════════════════════════════════════
02-08 04:26:13.816  9903  9903 D CallManager: 🔒 tryConsumeMatch() CALLED
02-08 04:26:13.816  9903  9903 D CallManager:    Thread: main
02-08 04:26:13.816  9903  9903 D CallManager:    Current _matchConsumed.value: false
02-08 04:26:13.816  9903  9903 D CallManager:    Current matchInfo: b00c71fc-0a66-42b8-8443-7399ce6b08c5
02-08 04:26:13.816  9903  9903 D CallManager:    [INSIDE LOCK] Checking consumed state...
02-08 04:26:13.816  9903  9903 D CallManager:    ✓ Match consumed successfully - returning true
02-08 04:26:13.816  9903  9903 D CallManager: ═══════════════════════════════════════════════════
02-08 04:26:13.829  9903  9903 D CallManager: 🔧 initializeWebRTC - NOW ON MAIN THREAD
02-08 04:26:13.829  9903  9903 D CallManager:    Thread: main
02-08 04:26:13.829  9903  9903 D CallManager: 🧹 Disposing existing WebRTC manager
02-08 04:26:13.829  9903  9903 D WebRTCManager: ═══════════════════════════════════════════════════
02-08 04:26:13.829  9903  9903 D WebRTCManager: 🛑 Closing WebRTC connection
02-08 04:26:13.829  9903  9903 D WebRTCManager:    Final state:
02-08 04:26:13.829  9903  9903 D WebRTCManager:    - Local audio track: false, enabled=null
02-08 04:26:13.829  9903  9903 D WebRTCManager:    - Remote audio track: false, enabled=null
02-08 04:26:13.829  9903  9903 D WebRTCManager:    - Connection state: IDLE
02-08 04:26:13.836  9903  9903 D WebRTCManager: Audio configuration restored
02-08 04:26:13.836  9903  9903 D WebRTCManager: ═══════════════════════════════════════════════════
02-08 04:26:13.841  9903  9903 D WebRTCManager: WebRTCManager disposed
02-08 04:26:13.841  9903  9903 D CallManager: 🆕 Creating new WebRTCManager...
02-08 04:26:13.841  9903  9903 D WebRTCManager: ═══════════════════════════════════════════════════
02-08 04:26:13.841  9903  9903 D WebRTCManager: 🆕 WebRTCManager CONSTRUCTOR CALLED
02-08 04:26:13.841  9903  9903 D WebRTCManager:    Thread: main
02-08 04:26:13.841  9903  9903 D WebRTCManager: ═══════════════════════════════════════════════════
02-08 04:26:13.841  9903  9903 D WebRTCManager: PeerConnectionFactory already initialized
02-08 04:26:13.842  9903  9903 D WebRTCManager: 🏭 initializePeerConnectionFactory starting...
02-08 04:26:13.842  9903  9903 D WebRTCManager:    ⚠️ Voice anonymization TEMPORARILY DISABLED for debugging
02-08 04:26:13.849  9903  9903 D WebRTCManager:    ✅ PeerConnectionFactory created (standard audio, no voice processing)
02-08 04:26:13.849  9903  9903 D WebRTCManager:    ✓ WebRTCManager constructor completed
02-08 04:26:13.851  9903  9903 D CallManager: 🔌 Creating peer connection...
02-08 04:26:13.851  9903  9903 D WebRTCManager: ═══════════════════════════════════════════════════
02-08 04:26:13.851  9903  9903 D WebRTCManager: 🔌 createPeerConnection CALLED
02-08 04:26:13.851  9903  9903 D WebRTCManager:    isInitiator: true
02-08 04:26:13.851  9903  9903 D WebRTCManager:    Role: SHARER (will create offer)
02-08 04:26:13.851  9903  9903 D WebRTCManager:    TURN servers: 2
02-08 04:26:13.851  9903  9903 D WebRTCManager:    - [turn:localhost:3478]
02-08 04:26:13.851  9903  9903 D WebRTCManager:    - [stun:stun.l.google.com:19302]
02-08 04:26:13.851  9903  9903 D WebRTCManager: ═══════════════════════════════════════════════════
02-08 04:26:13.851  9903  9903 D WebRTCManager: ═══════════════════════════════════════════════════
02-08 04:26:13.851  9903  9903 D WebRTCManager: 🔊 configureAudioForCall CALLED
02-08 04:26:13.853  9903  9903 D WebRTCManager:    Saved audio mode: 0, speakerphone: false
02-08 04:26:13.854  9903  9903 D WebRTCManager:    Set mode to MODE_IN_COMMUNICATION
02-08 04:26:13.986  9903  9903 D WebRTCManager:    Set speakerphone ON for hands-free calling
02-08 04:26:13.993  9903  9903 D WebRTCManager:    Set VOICE_CALL volume to 9 / 11
02-08 04:26:14.023  9903  9903 D WebRTCManager:    Set MUSIC volume to 13 / 15 (fallback)
02-08 04:26:14.026  9903  9903 D WebRTCManager:    Audio focus request result: 1 (1=granted)
02-08 04:26:14.026  9903  9903 D WebRTCManager:    ─────────────────────────────────────────────
02-08 04:26:14.026  9903  9903 D WebRTCManager:    FINAL AUDIO STATE:
02-08 04:26:14.220  9903  9903 D WebRTCManager:    - Mode: 3 (3=MODE_IN_COMMUNICATION)
02-08 04:26:14.222  9903  9903 D WebRTCManager:    - Speakerphone: true
02-08 04:26:14.224  9903  9903 D WebRTCManager:    - Microphone muted: false
02-08 04:26:14.225  9903  9903 D WebRTCManager:    - Music active: false
02-08 04:26:14.263  9903  9903 D WebRTCManager:    - Voice call volume: 11
02-08 04:26:14.263  9903  9903 D WebRTCManager: ═══════════════════════════════════════════════════
02-08 04:26:14.264  9903  9903 D WebRTCManager:    ICE servers built: 3
02-08 04:26:14.268  9903  9903 D WebRTCManager: ✅ PeerConnection created
02-08 04:26:14.268  9903  9903 D WebRTCManager: ═══════════════════════════════════════════════════
02-08 04:26:14.268  9903  9903 D WebRTCManager: 🎤 createLocalAudioTrack CALLED
02-08 04:26:14.268  9903  9903 D WebRTCManager:    Thread: main
02-08 04:26:14.268  9903  9903 D WebRTCManager:    peerConnectionFactory: true
02-08 04:26:14.269  9903  9903 D WebRTCManager:    peerConnection: true
02-08 04:26:14.269  9903  9903 D WebRTCManager:    ✓ Audio constraints created
02-08 04:26:14.269  9903  9903 D WebRTCManager:    audioSource created: true
02-08 04:26:14.271  9903  9903 D WebRTCManager:    localAudioTrack created: true
02-08 04:26:14.271  9903  9903 D WebRTCManager:    localAudioTrack enabled: true
02-08 04:26:14.272  9903 11058 D WebRTCManager: Renegotiation needed
02-08 04:26:14.273  9903  9903 D WebRTCManager:    Track added to peerConnection, sender: true
02-08 04:26:14.273  9903  9903 D WebRTCManager:    Sender track: audio
02-08 04:26:14.273  9903  9903 D WebRTCManager:    ─────────────────────────────────────────────
02-08 04:26:14.273  9903  9903 D WebRTCManager:    TRANSCEIVERS AFTER ADDING LOCAL TRACK:
02-08 04:26:14.276  9903  9903 D WebRTCManager:    Transceiver[0]:
02-08 04:26:14.276  9903  9903 D WebRTCManager:      - mediaType: MEDIA_TYPE_AUDIO
02-08 04:26:14.276  9903  9903 D WebRTCManager:      - direction: SEND_RECV
02-08 04:26:14.276  9903  9903 D WebRTCManager:      - currentDirection: null
02-08 04:26:14.277  9903  9903 D WebRTCManager:      - mid: null
02-08 04:26:14.277  9903  9903 D WebRTCManager:      - sender.track: audio
02-08 04:26:14.277  9903  9903 D WebRTCManager:      - receiver.track: audio
02-08 04:26:14.277  9903  9903 D WebRTCManager:    ─────────────────────────────────────────────
02-08 04:26:14.277  9903  9903 D WebRTCManager: ═══════════════════════════════════════════════════
02-08 04:26:14.277  9903  9903 D WebRTCManager: ✅ Local audio track created - THIS DEVICE CAN NOW TRANSMIT AUDIO
02-08 04:26:14.277  9903  9903 D WebRTCManager: 🔄 State set to CONNECTING
02-08 04:26:14.278  9903  9903 D WebRTCManager: 📤 Creating offer (we are initiator)
02-08 04:26:14.279  9903  9903 D WebRTCManager: PeerConnection created (initiator: true)
02-08 04:26:14.280  9903  9903 D CallManager: ✅ WebRTC initialized successfully, isInitiator: true
02-08 04:26:14.281  9903 11058 D WebRTCManager: ═══════════════════════════════════════════════════
02-08 04:26:14.281  9903 11058 D WebRTCManager: 📤 OFFER CREATED!
02-08 04:26:14.281  9903 11058 D WebRTCManager:    type: OFFER
02-08 04:26:14.281  9903 11058 D WebRTCManager:    description length: 1173
02-08 04:26:14.282  9903 11058 D WebRTCManager:    hasAudio: true
02-08 04:26:14.282  9903 11058 D WebRTCManager:    audioDirection: sendrecv
02-08 04:26:14.282  9903 11058 D WebRTCManager:    Transceivers at offer creation:
02-08 04:26:14.283  9903 11058 D WebRTCManager:      [0] type=MEDIA_TYPE_AUDIO, dir=SEND_RECV, mid=null
02-08 04:26:14.283  9903 11058 D WebRTCManager: ═══════════════════════════════════════════════════
02-08 04:26:14.287  9903 11058 D WebRTCManager: Signaling state: HAVE_LOCAL_OFFER
02-08 04:26:14.291  9903 11058 D WebRTCManager: Local description set
02-08 04:26:14.325  9903 11058 D WebRTCManager: ICE gathering state: GATHERING
02-08 04:26:14.349  9903 11058 D WebRTCManager: Local ICE candidate: 0
02-08 04:26:14.350  9903 11058 D WebRTCManager: Local ICE candidate: 0
02-08 04:26:14.351  9903 11058 D WebRTCManager: Local ICE candidate: 0
02-08 04:26:14.408  9903 11058 D WebRTCManager: Local ICE candidate: 0
02-08 04:26:14.429  9903  9903 D CallManager: 🔊 WebRTC state changed: CONNECTING
02-08 04:26:14.451  9903  9949 D CallManager: 📤 Sending OFFER for call b00c71fc-0a66-42b8-8443-7399ce6b08c5
02-08 04:26:14.453  9903 11058 D WebRTCManager: Local ICE candidate: 0
02-08 04:26:14.453  9903 11058 D WebRTCManager: Local ICE candidate: 0
02-08 04:26:14.453  9903 11058 D WebRTCManager: Local ICE candidate: 0
02-08 04:26:14.455  9903  9949 D CallManager: 📤 Sending ICE candidate for call b00c71fc-0a66-42b8-8443-7399ce6b08c5
02-08 04:26:14.456  9903  9949 D CallManager: 📤 Sending ICE candidate for call b00c71fc-0a66-42b8-8443-7399ce6b08c5
02-08 04:26:14.458  9903  9949 D CallManager: 📤 Sending ICE candidate for call b00c71fc-0a66-42b8-8443-7399ce6b08c5
02-08 04:26:14.459  9903  9949 D CallManager: 📤 Sending ICE candidate for call b00c71fc-0a66-42b8-8443-7399ce6b08c5
02-08 04:26:14.462  9903  9949 D CallManager: 📤 Sending ICE candidate for call b00c71fc-0a66-42b8-8443-7399ce6b08c5
02-08 04:26:14.464  9903  9949 D CallManager: 📤 Sending ICE candidate for call b00c71fc-0a66-42b8-8443-7399ce6b08c5
02-08 04:26:14.467  9903  9949 D CallManager: 📤 Sending ICE candidate for call b00c71fc-0a66-42b8-8443-7399ce6b08c5
02-08 04:26:14.588  9903  9949 D CallManager: 📨 [MessageCollector] Received: WebRtcAnswer
02-08 04:26:14.588  9903  9949 D CallManager: 📩 Processing message: WebRtcAnswer
02-08 04:26:14.589  9903  9949 D CallManager: 📥 Received WebRTC ANSWER, sdp length: 1135
02-08 04:26:14.589  9903  9949 D WebRTCManager: ═══════════════════════════════════════════════════
02-08 04:26:14.589  9903  9949 D WebRTCManager: 📥 setRemoteDescription CALLED
02-08 04:26:14.589  9903  9949 D WebRTCManager:    Thread: DefaultDispatcher-worker-3
02-08 04:26:14.589  9903  9949 D WebRTCManager:    isAnswer: true
02-08 04:26:14.589  9903  9949 D WebRTCManager:    sdp.type: ANSWER
02-08 04:26:14.589  9903  9949 D WebRTCManager:    sdp.description length: 1135
02-08 04:26:14.589  9903  9949 D WebRTCManager:    hasRemoteDescriptionBeenSet: false
02-08 04:26:14.590  9903  9949 D WebRTCManager:    peerConnection: true
02-08 04:26:14.590  9903  9949 D WebRTCManager:    ✓ Set hasRemoteDescriptionBeenSet = true
02-08 04:26:14.591  9903 11058 D WebRTCManager: Signaling state: STABLE
02-08 04:26:14.667  9903 11131 D WebRTCManager: ═══════════════════════════════════════════════════
02-08 04:26:14.667  9903 11131 D WebRTCManager: 🔊 AUDIO TRACK STARTED - Remote audio playback beginning!
02-08 04:26:14.667  9903 11131 D WebRTCManager: ═══════════════════════════════════════════════════
02-08 04:26:14.668  9903 11058 D WebRTCManager: ═══════════════════════════════════════════════════
02-08 04:26:14.668  9903 11058 D WebRTCManager: 🔗 ICE connection state: CHECKING
02-08 04:26:14.668  9903 11058 D WebRTCManager:    🔍 ICE checking - attempting to connect...
02-08 04:26:14.668  9903 11058 D WebRTCManager: ═══════════════════════════════════════════════════
02-08 04:26:14.670  9903 11058 D WebRTCManager: ═══════════════════════════════════════════════════
02-08 04:26:14.670  9903 11058 D WebRTCManager: 🔊 onTrack - TRANSCEIVER RECEIVED!
02-08 04:26:14.670  9903 11058 D WebRTCManager:    Thread: signaling_threa - 11058
02-08 04:26:14.670  9903 11058 D WebRTCManager:    transceiver: true
02-08 04:26:14.670  9903 11058 D WebRTCManager:    mediaType: MEDIA_TYPE_AUDIO
02-08 04:26:14.670  9903 11058 D WebRTCManager:    direction: SEND_RECV
02-08 04:26:14.670  9903 11058 D WebRTCManager:    mid: 0
02-08 04:26:14.671  9903 11058 D WebRTCManager:    currentDirection: SEND_RECV
02-08 04:26:14.671  9903 11058 D WebRTCManager:    isStopped: false
02-08 04:26:14.671  9903 11058 D WebRTCManager:    This is an AUDIO transceiver
02-08 04:26:14.671  9903 11058 D WebRTCManager:    Receiver track: kind=audio, id=76e7d455-a8c1-4308-acb1-4696527a7c4a, enabled=true
02-08 04:26:14.671  9903 11058 D WebRTCManager:    ✅ Remote audio track from transceiver ENABLED!
02-08 04:26:14.671  9903 11058 D WebRTCManager:    Track state: LIVE
02-08 04:26:14.671  9903 11058 D WebRTCManager:    Track enabled: true
02-08 04:26:14.671  9903 11058 D WebRTCManager:    Sender track (local): kind=audio, id=audio0, enabled=true
02-08 04:26:14.671  9903 11058 D WebRTCManager: ═══════════════════════════════════════════════════
02-08 04:26:14.671  9903 11058 D WebRTCManager: ═══════════════════════════════════════════════════
02-08 04:26:14.671  9903 11058 D WebRTCManager: 🔊 onAddTrack - REMOTE TRACK ADDED!
02-08 04:26:14.671  9903 11058 D WebRTCManager:    Thread: signaling_threa - 11058
02-08 04:26:14.671  9903 11058 D WebRTCManager:    receiver: true
02-08 04:26:14.671  9903 11058 D WebRTCManager:    receiver.track: org.webrtc.AudioTrack@1199481
02-08 04:26:14.672  9903 11058 D WebRTCManager:    receiver.track kind: audio
02-08 04:26:14.672  9903 11058 D WebRTCManager:    receiver.track id: 76e7d455-a8c1-4308-acb1-4696527a7c4a
02-08 04:26:14.672  9903 11058 D WebRTCManager:    receiver.track enabled: true
02-08 04:26:14.672  9903 11058 D WebRTCManager:    streams count: 1
02-08 04:26:14.672  9903 11058 D WebRTCManager:    Processing track: kind=audio, id=76e7d455-a8c1-4308-acb1-4696527a7c4a
02-08 04:26:14.672  9903 11058 D WebRTCManager:    ✅ Remote audio track ENABLED for playback!
02-08 04:26:14.672  9903 11058 D WebRTCManager:    remoteAudioTrack.id: 76e7d455-a8c1-4308-acb1-4696527a7c4a
02-08 04:26:14.672  9903 11058 D WebRTCManager:    remoteAudioTrack.enabled: true
02-08 04:26:14.672  9903 11058 D WebRTCManager:    remoteAudioTrack.state: LIVE
02-08 04:26:14.672  9903 11058 D WebRTCManager:    Current audio state:
02-08 04:26:14.674  9903 11058 D WebRTCManager:    - Mode: 3
02-08 04:26:14.677  9903 11058 D WebRTCManager:    - Speakerphone: true
02-08 04:26:14.685  9903 11058 D WebRTCManager:    - Voice call volume: 11
02-08 04:26:14.685  9903 11058 D WebRTCManager:    Stream ID: stream0
02-08 04:26:14.685  9903 11058 D WebRTCManager:    Audio tracks in stream: 1
02-08 04:26:14.685  9903 11058 D WebRTCManager:    Audio track [0]: id=76e7d455-a8c1-4308-acb1-4696527a7c4a, enabled=true
02-08 04:26:14.685  9903 11058 D WebRTCManager: ═══════════════════════════════════════════════════
02-08 04:26:14.685  9903 11058 D WebRTCManager: ═══════════════════════════════════════════════════
02-08 04:26:14.686  9903 11058 D WebRTCManager: 📥 onAddStream - REMOTE STREAM ADDED!
02-08 04:26:14.686  9903 11058 D WebRTCManager:    stream: true
02-08 04:26:14.686  9903 11058 D WebRTCManager:    stream.id: stream0
02-08 04:26:14.686  9903 11058 D WebRTCManager:    audioTracks count: 1
02-08 04:26:14.686  9903 11058 D WebRTCManager:    videoTracks count: 0
02-08 04:26:14.686  9903 11058 D WebRTCManager:    Audio track[0]: id=76e7d455-a8c1-4308-acb1-4696527a7c4a, enabled=true, state=LIVE
02-08 04:26:14.686  9903 11058 D WebRTCManager:    Audio track[0] ENABLED: true
02-08 04:26:14.686  9903 11058 D WebRTCManager: ═══════════════════════════════════════════════════
02-08 04:26:14.686  9903 11058 D WebRTCManager:    ✅ Remote description set successfully!
02-08 04:26:14.686  9903 11058 D WebRTCManager:    isAnswer: true
02-08 04:26:14.686  9903  9949 D WebRTCManager: ═══════════════════════════════════════════════════
02-08 04:26:14.687  9903  9949 D CallManager: 📨 [MessageCollector] Received: IceCandidate
02-08 04:26:14.687  9903  9949 D CallManager: 📩 Processing message: IceCandidate
02-08 04:26:14.687  9903  9949 D CallManager: 📥 Received ICE candidate: candidate:4276027863 1 udp 2122260223 192.168.1.18...
02-08 04:26:14.687  9903  9949 D WebRTCManager: Remote ICE candidate added
02-08 04:26:14.698  9903  9949 D CallManager: 📨 [MessageCollector] Received: IceCandidate
02-08 04:26:14.698  9903  9949 D CallManager: 📩 Processing message: IceCandidate
02-08 04:26:14.698  9903  9949 D CallManager: 📥 Received ICE candidate: candidate:3944507980 1 udp 2121998079 127.0.0.1 34...
02-08 04:26:14.699  9903  9949 D WebRTCManager: Remote ICE candidate added
02-08 04:26:14.700  9903  9949 D CallManager: 📨 [MessageCollector] Received: IceCandidate
02-08 04:26:14.700  9903  9949 D CallManager: 📩 Processing message: IceCandidate
02-08 04:26:14.700  9903  9949 D CallManager: 📥 Received ICE candidate: candidate:4197480644 1 udp 2122071295 ::1 59440 ty...
02-08 04:26:14.701  9903  9949 D WebRTCManager: Remote ICE candidate added
02-08 04:26:14.702  9903  9949 D CallManager: 📨 [MessageCollector] Received: IceCandidate
02-08 04:26:14.702  9903  9949 D CallManager: 📩 Processing message: IceCandidate
02-08 04:26:14.702  9903  9949 D CallManager: 📥 Received ICE candidate: candidate:368583019 1 udp 1686052607 154.159.237.6...
02-08 04:26:14.703  9903  9949 D WebRTCManager: Remote ICE candidate added
02-08 04:26:14.743  9903  9952 D CallManager: 📨 [MessageCollector] Received: IceCandidate
02-08 04:26:14.744  9903  9952 D CallManager: 📩 Processing message: IceCandidate
02-08 04:26:14.744  9903  9952 D CallManager: 📥 Received ICE candidate: candidate:522501087 1 tcp 1518214911 10.43.174.172...
02-08 04:26:14.744  9903  9952 D WebRTCManager: Remote ICE candidate added
02-08 04:26:14.791  9903 10511 D CallManager: 📨 [MessageCollector] Received: IceCandidate
02-08 04:26:14.792  9903 10511 D CallManager: 📩 Processing message: IceCandidate
02-08 04:26:14.792  9903 10511 D CallManager: 📥 Received ICE candidate: candidate:1924610219 1 tcp 1518149375 10.0.132.80 ...
02-08 04:26:14.793  9903 10511 D WebRTCManager: Remote ICE candidate added
02-08 04:26:14.794  9903 10511 D CallManager: 📨 [MessageCollector] Received: IceCandidate
02-08 04:26:14.795  9903 10511 D CallManager: 📩 Processing message: IceCandidate
02-08 04:26:14.795  9903 10511 D CallManager: 📥 Received ICE candidate: candidate:364297944 1 tcp 1518018303 127.0.0.1 372...
02-08 04:26:14.796  9903 10511 D WebRTCManager: Remote ICE candidate added
02-08 04:26:14.796  9903 10511 D CallManager: 📨 [MessageCollector] Received: IceCandidate
02-08 04:26:14.797  9903 10511 D CallManager: 📩 Processing message: IceCandidate
02-08 04:26:14.797  9903 10511 D CallManager: 📥 Received ICE candidate: candidate:77245520 1 tcp 1518091519 ::1 59433 typ ...
02-08 04:26:14.797  9903 10511 D WebRTCManager: Remote ICE candidate added
02-08 04:26:14.910  9903 11058 D WebRTCManager: ═══════════════════════════════════════════════════
02-08 04:26:14.910  9903 11058 D WebRTCManager: 🔗 ICE connection state: CONNECTED
02-08 04:26:14.910  9903 11058 D WebRTCManager:    ✅ ICE CONNECTED - WebRTC call established!
02-08 04:26:14.911  9903 11058 D WebRTCManager:    🔊 Re-applying audio configuration (WebRTC resets it)...
02-08 04:26:14.913  9903 11058 D WebRTCManager:    forceAudioModeForCall: current mode = 3
02-08 04:26:14.915  9903 11058 D WebRTCManager:    ✅ Audio mode confirmed: MODE_IN_COMMUNICATION
02-08 04:26:14.915  9903 11058 D WebRTCManager:    ─────────────────────────────────────────────
02-08 04:26:14.915  9903 11058 D WebRTCManager:    AUDIO VERIFICATION ON ICE CONNECTED:
02-08 04:26:14.915  9903 11058 D WebRTCManager:    Local audio track: true
02-08 04:26:14.915  9903 11058 D WebRTCManager:    Local audio enabled: true
02-08 04:26:14.916  9903 11058 D WebRTCManager:    Remote audio track: true
02-08 04:26:14.916  9903 11058 D WebRTCManager:    Remote audio enabled: true
02-08 04:26:14.916  9903 11058 D WebRTCManager:    Transceiver[0]:
02-08 04:26:14.917  9903 11058 D WebRTCManager:      - mediaType: MEDIA_TYPE_AUDIO
02-08 04:26:14.917  9903 11058 D WebRTCManager:      - direction: SEND_RECV
02-08 04:26:14.917  9903 11058 D WebRTCManager:      - currentDirection: SEND_RECV
02-08 04:26:14.917  9903 11058 D WebRTCManager:      - mid: 0
02-08 04:26:14.918  9903 11058 D WebRTCManager:      - Receiver track: kind=audio, enabled=true, state=LIVE
02-08 04:26:14.918  9903 11058 D WebRTCManager:      - Sender track: kind=audio, enabled=true, state=LIVE
02-08 04:26:14.918  9903 11058 D WebRTCManager:    AudioManager state AFTER force:
02-08 04:26:14.919  9903  9903 D CallManager: 🔊 WebRTC state changed: CONNECTED
02-08 04:26:14.919  9903  9903 D CallManager: 🔊 WebRTC CONNECTED - verifying audio setup...
02-08 04:26:14.919  9903 11058 D WebRTCManager:    - Mode: 3 (3=IN_COMMUNICATION)
02-08 04:26:14.921  9903 11058 D WebRTCManager:    - Speakerphone: true
02-08 04:26:14.923  9903 11058 D WebRTCManager:    - Mic muted: false
02-08 04:26:14.924  9903 11058 D WebRTCManager:    - Voice volume: 11
02-08 04:26:14.924  9903 11058 D WebRTCManager:    ─────────────────────────────────────────────
02-08 04:26:14.924  9903 11058 D WebRTCManager: ═══════════════════════════════════════════════════
02-08 04:26:15.031  9903 11136 D WebRTCManager: ═══════════════════════════════════════════════════
02-08 04:26:15.031  9903 11136 D WebRTCManager: 🎤 AUDIO RECORD STARTED - Microphone capture beginning!
02-08 04:26:15.031  9903 11136 D WebRTCManager: ═══════════════════════════════════════════════════
02-08 04:26:15.422  9903  9903 D WebRTCManager: ═══════════════════════════════════════════════════
02-08 04:26:15.422  9903  9903 D WebRTCManager: 🔍 VERIFYING AUDIO SETUP
02-08 04:26:15.422  9903  9903 D WebRTCManager:    ✅ Local audio track OK
02-08 04:26:15.423  9903  9903 D WebRTCManager:    ✅ Remote audio track OK
02-08 04:26:15.424  9903  9903 D WebRTCManager:    ✅ Audio mode OK
02-08 04:26:15.425  9903  9903 D WebRTCManager:    ✅ Voice call volume OK: 11
02-08 04:26:15.426  9903  9903 D WebRTCManager:    Result: ✅ AUDIO SETUP VALID
02-08 04:26:15.426  9903  9903 D WebRTCManager: ═══════════════════════════════════════════════════
02-08 04:26:15.426  9903  9903 D WebRTCManager: ═══════════════════════════════════════════════════
02-08 04:26:15.426  9903  9903 D WebRTCManager: 📊 WEBRTC STATS DEBUG
02-08 04:26:15.426  9903  9903 D WebRTCManager:    State: CONNECTED
02-08 04:26:15.426  9903  9903 D WebRTCManager:    Local audio track: audio0, enabled=true
02-08 04:26:15.427  9903  9903 D WebRTCManager:    Remote audio track: 76e7d455-a8c1-4308-acb1-4696527a7c4a, enabled=true
02-08 04:26:15.427  9903  9903 D WebRTCManager:    Muted: false
02-08 04:26:15.429  9903  9903 D WebRTCManager:    Transceiver[0]:
02-08 04:26:15.429  9903  9903 D WebRTCManager:      - Type: MEDIA_TYPE_AUDIO
02-08 04:26:15.430  9903  9903 D WebRTCManager:      - Direction: SEND_RECV
02-08 04:26:15.430  9903  9903 D WebRTCManager:      - Current direction: SEND_RECV
02-08 04:26:15.430  9903  9903 D WebRTCManager:      - Stopped: false
02-08 04:26:15.431  9903  9903 D WebRTCManager:      - Sender track: audio, enabled=true
02-08 04:26:15.431  9903  9903 D WebRTCManager:      - Receiver track: audio, enabled=true
02-08 04:26:15.431  9903  9903 D WebRTCManager:    AudioManager:
02-08 04:26:15.432  9903  9903 D WebRTCManager:      - Mode: 3
02-08 04:26:15.433  9903  9903 D WebRTCManager:      - Speakerphone: true
02-08 04:26:15.434  9903  9903 D WebRTCManager:      - Microphone muted: false
02-08 04:26:15.435  9903  9903 D WebRTCManager:      - Voice call volume: 11
02-08 04:26:15.435  9903  9903 D WebRTCManager:      - Music volume: 13
02-08 04:26:15.436  9903  9903 D WebRTCManager: ═══════════════════════════════════════════════════
02-08 04:26:37.684  9903 11058 D WebRTCManager: ═══════════════════════════════════════════════════
02-08 04:26:37.685  9903 11058 D WebRTCManager: 🔗 ICE connection state: DISCONNECTED
02-08 04:26:37.685  9903 11058 W WebRTCManager:    ⚠️ ICE DISCONNECTED
02-08 04:26:37.685  9903 11058 D WebRTCManager: ═══════════════════════════════════════════════════
02-08 04:26:37.687  9903 10511 D CallManager: 📨 [MessageCollector] Received: CallEnded
02-08 04:26:37.688  9903 10511 D CallManager: 📩 Processing message: CallEnded
02-08 04:26:37.688  9903 10511 D CallManager: 📞 Call ended: b00c71fc-0a66-42b8-8443-7399ce6b08c5, reason: ended
02-08 04:26:37.691  9903 10511 D WebRTCManager: ═══════════════════════════════════════════════════
02-08 04:26:37.691  9903 10511 D WebRTCManager: 🛑 Closing WebRTC connection
02-08 04:26:37.691  9903 10511 D WebRTCManager:    Final state:
02-08 04:26:37.692  9903 10511 D WebRTCManager:    - Local audio track: true, enabled=true
02-08 04:26:37.693  9903 10511 D WebRTCManager:    - Remote audio track: true, enabled=true
02-08 04:26:37.693  9903 10511 D WebRTCManager:    - Connection state: DISCONNECTED
02-08 04:26:37.704  9903 10511 D WebRTCManager: Audio configuration restored
02-08 04:26:37.942  9903 11136 D WebRTCManager: ═══════════════════════════════════════════════════
02-08 04:26:37.942  9903 11136 D WebRTCManager: 🎤 AUDIO RECORD STOPPED - Microphone capture ended!
02-08 04:26:37.942  9903 11136 D WebRTCManager: ═══════════════════════════════════════════════════
02-08 04:26:37.961  9903 11058 D WebRTCManager: ═══════════════════════════════════════════════════
02-08 04:26:37.961  9903 11058 D WebRTCManager: 🔗 ICE connection state: CLOSED
02-08 04:26:37.961  9903 11058 D WebRTCManager:    🚫 ICE CLOSED
02-08 04:26:37.961  9903 11058 D WebRTCManager: ═══════════════════════════════════════════════════
02-08 04:26:37.961  9903 11058 D WebRTCManager: Signaling state: CLOSED
02-08 04:26:37.995  9903 11057 D WebRTCManager: ═══════════════════════════════════════════════════
02-08 04:26:37.995  9903 11057 D WebRTCManager: 🔇 AUDIO TRACK STOPPED - Remote audio playback ended!
02-08 04:26:37.995  9903 11057 D WebRTCManager: ═══════════════════════════════════════════════════
02-08 04:26:38.006  9903 10511 D WebRTCManager: ═══════════════════════════════════════════════════
02-08 04:27:18.687  9903  9903 D CallManager: Submitting share: Advice, Very Heavy, 10 min
02-08 04:27:18.702  9903 10511 D CallManager: 📨 [MessageCollector] Received: ShareSubmitted
02-08 04:27:18.702  9903 10511 D CallManager: 📩 Processing message: ShareSubmitted
02-08 04:27:18.702  9903 10511 D CallManager: 📝 Share submitted: 4af3e514-54ac-4ae2-907f-4ce78df120a5, status: queued
02-08 04:27:20.066  9903  9952 D CallManager: 📨 [MessageCollector] Received: MatchMade
02-08 04:27:20.067  9903  9952 D CallManager: 📩 Processing message: MatchMade
02-08 04:27:20.067  9903  9952 D CallManager: ═══════════════════════════════════════════════════
02-08 04:27:20.067  9903  9952 D CallManager: 🎯 MATCH MADE RECEIVED!
02-08 04:27:20.067  9903  9952 D CallManager:    Thread: DefaultDispatcher-worker-6
02-08 04:27:20.067  9903  9952 D CallManager:    Call ID: becdffcb-fca8-4c70-aff0-98c05bcdf1f8
02-08 04:27:20.067  9903  9952 D CallManager:    Role: sharer
02-08 04:27:20.067  9903  9952 D CallManager:    Duration: 10 min
02-08 04:27:20.067  9903  9952 D CallManager:    Topic: Advice
02-08 04:27:20.067  9903  9952 D CallManager:    Intent: quick 
02-08 04:27:20.067  9903  9952 D CallManager:    TURN servers: 2
02-08 04:27:20.067  9903  9952 D CallManager: ═══════════════════════════════════════════════════
02-08 04:27:20.068  9903  9952 D CallManager:    Step 1: Setting currentRole to 'sharer'
02-08 04:27:20.068  9903  9952 D CallManager:    ✓ currentRole is now: sharer
02-08 04:27:20.068  9903  9952 D CallManager:    Step 2: Setting matchConsumed to false
02-08 04:27:20.068  9903  9952 D CallManager:    Step 3: Setting currentCallId to 'becdffcb-fca8-4c70-aff0-98c05bcdf1f8'
02-08 04:27:20.068  9903  9952 D CallManager:    Step 4: Clearing pendingShareId and incomingPreview
02-08 04:27:20.069  9903  9952 D CallManager:    Step 5: Updating call parameters
02-08 04:27:20.069  9903  9952 D CallManager:    Step 6: Setting matchInfo (THIS TRIGGERS NAVIGATION)
02-08 04:27:20.069  9903  9952 D CallManager:    ✓ matchInfo is now set
02-08 04:27:20.069  9903  9952 D CallManager: 📞 All state updated, now initializing WebRTC...
02-08 04:27:20.069  9903  9952 D CallManager:    TURN: [turn:localhost:3478]
02-08 04:27:20.069  9903  9952 D CallManager:    TURN: [stun:stun.l.google.com:19302]
02-08 04:27:20.069  9903  9952 D CallManager: 🎬 Step 7: Calling initializeWebRTC(isInitiator=true)
02-08 04:27:20.070  9903  9952 D CallManager: ═══════════════════════════════════════════════════
02-08 04:27:20.070  9903  9952 D CallManager: 🎬 initializeWebRTC CALLED
02-08 04:27:20.070  9903  9952 D CallManager:    Thread: DefaultDispatcher-worker-6
02-08 04:27:20.070  9903  9952 D CallManager:    isInitiator: true
02-08 04:27:20.070  9903  9952 D CallManager:    turnServers: 2
02-08 04:27:20.070  9903  9952 D CallManager:    callId: becdffcb-fca8-4c70-aff0-98c05bcdf1f8
02-08 04:27:20.070  9903  9952 D CallManager:    isWebRTCInitializing: false
02-08 04:27:20.070  9903  9952 D CallManager:    lastInitializedCallId: null
02-08 04:27:20.070  9903  9952 D CallManager: ═══════════════════════════════════════════════════
02-08 04:27:20.071  9903  9952 D CallManager:    Set isWebRTCInitializing = true
02-08 04:27:20.071  9903  9952 D CallManager:    Cancelled previous WebRTC job
02-08 04:27:20.071  9903  9952 D CallManager:    Launching coroutine on Main thread...
02-08 04:27:20.071  9903  9952 D CallManager:    ✓ initializeWebRTC launched
02-08 04:27:20.072  9903  9903 D CallManager: 🔧 initializeWebRTC - NOW ON MAIN THREAD
02-08 04:27:20.073  9903  9903 D CallManager:    Thread: main
02-08 04:27:20.073  9903  9903 D CallManager: 🧹 Disposing existing WebRTC manager
02-08 04:27:20.073  9903  9903 D WebRTCManager: ═══════════════════════════════════════════════════
02-08 04:27:20.073  9903  9903 D WebRTCManager: 🛑 Closing WebRTC connection
02-08 04:27:20.073  9903  9903 D WebRTCManager:    Final state:
02-08 04:27:20.073  9903  9903 D WebRTCManager:    - Local audio track: false, enabled=null
02-08 04:27:20.073  9903  9903 D WebRTCManager:    - Remote audio track: false, enabled=null
02-08 04:27:20.073  9903  9903 D WebRTCManager:    - Connection state: IDLE
02-08 04:27:20.077  9903  9903 D WebRTCManager: Audio configuration restored
02-08 04:27:20.077  9903  9903 D WebRTCManager: ═══════════════════════════════════════════════════
02-08 04:27:20.081  9903  9903 D WebRTCManager: WebRTCManager disposed
02-08 04:27:20.081  9903  9903 D CallManager: 🆕 Creating new WebRTCManager...
02-08 04:27:20.082  9903  9903 D WebRTCManager: ═══════════════════════════════════════════════════
02-08 04:27:20.082  9903  9903 D WebRTCManager: 🆕 WebRTCManager CONSTRUCTOR CALLED
02-08 04:27:20.082  9903  9903 D WebRTCManager:    Thread: main
02-08 04:27:20.082  9903  9903 D WebRTCManager: ═══════════════════════════════════════════════════
02-08 04:27:20.082  9903  9903 D WebRTCManager: PeerConnectionFactory already initialized
02-08 04:27:20.082  9903  9903 D WebRTCManager: 🏭 initializePeerConnectionFactory starting...
02-08 04:27:20.082  9903  9903 D WebRTCManager:    ⚠️ Voice anonymization TEMPORARILY DISABLED for debugging
02-08 04:27:20.091  9903  9903 D WebRTCManager:    ✅ PeerConnectionFactory created (standard audio, no voice processing)
02-08 04:27:20.091  9903  9903 D WebRTCManager:    ✓ WebRTCManager constructor completed
02-08 04:27:20.092  9903  9903 D CallManager: 🔌 Creating peer connection...
02-08 04:27:20.092  9903  9903 D WebRTCManager: ═══════════════════════════════════════════════════
02-08 04:27:20.092  9903  9903 D WebRTCManager: 🔌 createPeerConnection CALLED
02-08 04:27:20.092  9903  9903 D WebRTCManager:    isInitiator: true
02-08 04:27:20.092  9903  9903 D WebRTCManager:    Role: SHARER (will create offer)
02-08 04:27:20.092  9903  9903 D WebRTCManager:    TURN servers: 2
02-08 04:27:20.092  9903  9903 D WebRTCManager:    - [turn:localhost:3478]
02-08 04:27:20.092  9903  9903 D WebRTCManager:    - [stun:stun.l.google.com:19302]
02-08 04:27:20.092  9903  9903 D WebRTCManager: ═══════════════════════════════════════════════════
02-08 04:27:20.092  9903  9903 D WebRTCManager: ═══════════════════════════════════════════════════
02-08 04:27:20.092  9903  9903 D WebRTCManager: 🔊 configureAudioForCall CALLED
02-08 04:27:20.094  9903  9903 D WebRTCManager:    Saved audio mode: 0, speakerphone: false
02-08 04:27:20.095  9903  9903 D WebRTCManager:    Set mode to MODE_IN_COMMUNICATION
02-08 04:27:20.197  9903  9903 D WebRTCManager:    Set speakerphone ON for hands-free calling
02-08 04:27:20.207  9903  9903 D WebRTCManager:    Set VOICE_CALL volume to 9 / 11
02-08 04:27:20.213  9903  9903 D WebRTCManager:    Set MUSIC volume to 13 / 15 (fallback)
02-08 04:27:20.216  9903  9903 D WebRTCManager:    Audio focus request result: 1 (1=granted)
02-08 04:27:20.216  9903  9903 D WebRTCManager:    ─────────────────────────────────────────────
02-08 04:27:20.216  9903  9903 D WebRTCManager:    FINAL AUDIO STATE:
02-08 04:27:20.537  9903  9903 D WebRTCManager:    - Mode: 3 (3=MODE_IN_COMMUNICATION)
02-08 04:27:20.573  9903  9903 D WebRTCManager:    - Speakerphone: true
02-08 04:27:20.574  9903  9903 D WebRTCManager:    - Microphone muted: false
02-08 04:27:20.575  9903  9903 D WebRTCManager:    - Music active: false
02-08 04:27:20.626  9903  9903 D WebRTCManager:    - Voice call volume: 11
02-08 04:27:20.626  9903  9903 D WebRTCManager: ═══════════════════════════════════════════════════
02-08 04:27:20.626  9903  9903 D WebRTCManager:    ICE servers built: 3
02-08 04:27:20.630  9903  9903 D WebRTCManager: ✅ PeerConnection created
02-08 04:27:20.630  9903  9903 D WebRTCManager: ═══════════════════════════════════════════════════
02-08 04:27:20.630  9903  9903 D WebRTCManager: 🎤 createLocalAudioTrack CALLED
02-08 04:27:20.630  9903  9903 D WebRTCManager:    Thread: main
02-08 04:27:20.630  9903  9903 D WebRTCManager:    peerConnectionFactory: true
02-08 04:27:20.630  9903  9903 D WebRTCManager:    peerConnection: true
02-08 04:27:20.630  9903  9903 D WebRTCManager:    ✓ Audio constraints created
02-08 04:27:20.630  9903  9903 D WebRTCManager:    audioSource created: true
02-08 04:27:20.631  9903  9903 D WebRTCManager:    localAudioTrack created: true
02-08 04:27:20.631  9903  9903 D WebRTCManager:    localAudioTrack enabled: true
02-08 04:27:20.632  9903 11422 D WebRTCManager: Renegotiation needed
02-08 04:27:20.633  9903  9903 D WebRTCManager:    Track added to peerConnection, sender: true
02-08 04:27:20.633  9903  9903 D WebRTCManager:    Sender track: audio
02-08 04:27:20.633  9903  9903 D WebRTCManager:    ─────────────────────────────────────────────
02-08 04:27:20.633  9903  9903 D WebRTCManager:    TRANSCEIVERS AFTER ADDING LOCAL TRACK:
02-08 04:27:20.633  9903  9903 D WebRTCManager:    Transceiver[0]:
02-08 04:27:20.634  9903  9903 D WebRTCManager:      - mediaType: MEDIA_TYPE_AUDIO
02-08 04:27:20.634  9903  9903 D WebRTCManager:      - direction: SEND_RECV
02-08 04:27:20.634  9903  9903 D WebRTCManager:      - currentDirection: null
02-08 04:27:20.634  9903  9903 D WebRTCManager:      - mid: null
02-08 04:27:20.634  9903  9903 D WebRTCManager:      - sender.track: audio
02-08 04:27:20.634  9903  9903 D WebRTCManager:      - receiver.track: audio
02-08 04:27:20.634  9903  9903 D WebRTCManager:    ─────────────────────────────────────────────
02-08 04:27:20.634  9903  9903 D WebRTCManager: ═══════════════════════════════════════════════════
02-08 04:27:20.634  9903  9903 D WebRTCManager: ✅ Local audio track created - THIS DEVICE CAN NOW TRANSMIT AUDIO
02-08 04:27:20.634  9903  9903 D WebRTCManager: 🔄 State set to CONNECTING
02-08 04:27:20.635  9903  9903 D WebRTCManager: 📤 Creating offer (we are initiator)
02-08 04:27:20.636  9903  9903 D WebRTCManager: PeerConnection created (initiator: true)
02-08 04:27:20.636  9903  9903 D CallManager: ✅ WebRTC initialized successfully, isInitiator: true
02-08 04:27:20.636  9903 11422 D WebRTCManager: ═══════════════════════════════════════════════════
02-08 04:27:20.636  9903 11422 D WebRTCManager: 📤 OFFER CREATED!
02-08 04:27:20.636  9903 11422 D WebRTCManager:    type: OFFER
02-08 04:27:20.636  9903 11422 D WebRTCManager:    description length: 1175
02-08 04:27:20.637  9903 11422 D WebRTCManager:    hasAudio: true
02-08 04:27:20.637  9903 11422 D WebRTCManager:    audioDirection: sendrecv
02-08 04:27:20.637  9903 11422 D WebRTCManager:    Transceivers at offer creation:
02-08 04:27:20.638  9903 11422 D WebRTCManager:      [0] type=MEDIA_TYPE_AUDIO, dir=SEND_RECV, mid=null
02-08 04:27:20.638  9903 11422 D WebRTCManager: ═══════════════════════════════════════════════════
02-08 04:27:20.641  9903 11422 D WebRTCManager: Signaling state: HAVE_LOCAL_OFFER
02-08 04:27:20.644  9903 11422 D WebRTCManager: Local description set
02-08 04:27:20.648  9903  9903 D CallManager: 🔊 WebRTC state changed: CONNECTING
02-08 04:27:20.650  9903  9903 D CallManager: ═══════════════════════════════════════════════════
02-08 04:27:20.650  9903  9903 D CallManager: 🔒 tryConsumeMatch() CALLED
02-08 04:27:20.650  9903  9903 D CallManager:    Thread: main
02-08 04:27:20.650  9903  9903 D CallManager:    Current _matchConsumed.value: false
02-08 04:27:20.650  9903  9903 D CallManager:    Current matchInfo: becdffcb-fca8-4c70-aff0-98c05bcdf1f8
02-08 04:27:20.650  9903  9903 D CallManager:    [INSIDE LOCK] Checking consumed state...
02-08 04:27:20.650  9903  9903 D CallManager:    ✓ Match consumed successfully - returning true
02-08 04:27:20.650  9903  9903 D CallManager: ═══════════════════════════════════════════════════
02-08 04:27:20.673  9903 11422 D WebRTCManager: ICE gathering state: GATHERING
02-08 04:27:20.696  9903 11422 D WebRTCManager: Local ICE candidate: 0
02-08 04:27:20.697  9903 11422 D WebRTCManager: Local ICE candidate: 0
02-08 04:27:20.698  9903 11422 D WebRTCManager: Local ICE candidate: 0
02-08 04:27:20.740  9903 11422 D WebRTCManager: Local ICE candidate: 0
02-08 04:27:20.769  9903  9949 D CallManager: 📤 Sending OFFER for call becdffcb-fca8-4c70-aff0-98c05bcdf1f8
02-08 04:27:20.799  9903 11422 D WebRTCManager: Local ICE candidate: 0
02-08 04:27:20.799  9903 11422 D WebRTCManager: Local ICE candidate: 0
02-08 04:27:20.799  9903 11422 D WebRTCManager: Local ICE candidate: 0
02-08 04:27:20.801  9903  9949 D CallManager: 📤 Sending ICE candidate for call becdffcb-fca8-4c70-aff0-98c05bcdf1f8
02-08 04:27:20.803  9903  9949 D CallManager: 📤 Sending ICE candidate for call becdffcb-fca8-4c70-aff0-98c05bcdf1f8
02-08 04:27:20.805  9903  9949 D CallManager: 📤 Sending ICE candidate for call becdffcb-fca8-4c70-aff0-98c05bcdf1f8
02-08 04:27:20.806  9903  9949 D CallManager: 📤 Sending ICE candidate for call becdffcb-fca8-4c70-aff0-98c05bcdf1f8
02-08 04:27:20.809  9903  9949 D CallManager: 📤 Sending ICE candidate for call becdffcb-fca8-4c70-aff0-98c05bcdf1f8
02-08 04:27:20.810  9903  9949 D CallManager: 📤 Sending ICE candidate for call becdffcb-fca8-4c70-aff0-98c05bcdf1f8
02-08 04:27:20.812  9903  9949 D CallManager: 📤 Sending ICE candidate for call becdffcb-fca8-4c70-aff0-98c05bcdf1f8
02-08 04:27:20.934  9903  9949 D CallManager: 📨 [MessageCollector] Received: WebRtcAnswer
02-08 04:27:20.935  9903  9949 D CallManager: 📩 Processing message: WebRtcAnswer
02-08 04:27:20.935  9903  9949 D CallManager: 📥 Received WebRTC ANSWER, sdp length: 1135
02-08 04:27:20.935  9903  9949 D WebRTCManager: ═══════════════════════════════════════════════════
02-08 04:27:20.935  9903  9949 D WebRTCManager: 📥 setRemoteDescription CALLED
02-08 04:27:20.935  9903  9949 D WebRTCManager:    Thread: DefaultDispatcher-worker-3
02-08 04:27:20.935  9903  9949 D WebRTCManager:    isAnswer: true
02-08 04:27:20.935  9903  9949 D WebRTCManager:    sdp.type: ANSWER
02-08 04:27:20.935  9903  9949 D WebRTCManager:    sdp.description length: 1135
02-08 04:27:20.936  9903  9949 D WebRTCManager:    hasRemoteDescriptionBeenSet: false
02-08 04:27:20.936  9903  9949 D WebRTCManager:    peerConnection: true
02-08 04:27:20.936  9903  9949 D WebRTCManager:    ✓ Set hasRemoteDescriptionBeenSet = true
02-08 04:27:20.938  9903 11422 D WebRTCManager: Signaling state: STABLE
02-08 04:27:21.005  9903 11475 D WebRTCManager: ═══════════════════════════════════════════════════
02-08 04:27:21.005  9903 11475 D WebRTCManager: 🔊 AUDIO TRACK STARTED - Remote audio playback beginning!
02-08 04:27:21.005  9903 11422 D WebRTCManager: ═══════════════════════════════════════════════════
02-08 04:27:21.005  9903 11475 D WebRTCManager: ═══════════════════════════════════════════════════
02-08 04:27:21.005  9903 11422 D WebRTCManager: 🔗 ICE connection state: CHECKING
02-08 04:27:21.005  9903 11422 D WebRTCManager:    🔍 ICE checking - attempting to connect...
02-08 04:27:21.005  9903 11422 D WebRTCManager: ═══════════════════════════════════════════════════
02-08 04:27:21.006  9903 11422 D WebRTCManager: ═══════════════════════════════════════════════════
02-08 04:27:21.006  9903 11422 D WebRTCManager: 🔊 onTrack - TRANSCEIVER RECEIVED!
02-08 04:27:21.006  9903 11422 D WebRTCManager:    Thread: signaling_threa - 11422
02-08 04:27:21.006  9903 11422 D WebRTCManager:    transceiver: true
02-08 04:27:21.006  9903 11422 D WebRTCManager:    mediaType: MEDIA_TYPE_AUDIO
02-08 04:27:21.006  9903 11422 D WebRTCManager:    direction: SEND_RECV
02-08 04:27:21.006  9903 11422 D WebRTCManager:    mid: 0
02-08 04:27:21.007  9903 11422 D WebRTCManager:    currentDirection: SEND_RECV
02-08 04:27:21.007  9903 11422 D WebRTCManager:    isStopped: false
02-08 04:27:21.007  9903 11422 D WebRTCManager:    This is an AUDIO transceiver
02-08 04:27:21.007  9903 11422 D WebRTCManager:    Receiver track: kind=audio, id=0b9beceb-d924-4369-a68b-4ed0cfe34465, enabled=true
02-08 04:27:21.007  9903 11422 D WebRTCManager:    ✅ Remote audio track from transceiver ENABLED!
02-08 04:27:21.007  9903 11422 D WebRTCManager:    Track state: LIVE
02-08 04:27:21.007  9903 11422 D WebRTCManager:    Track enabled: true
02-08 04:27:21.007  9903 11422 D WebRTCManager:    Sender track (local): kind=audio, id=audio0, enabled=true
02-08 04:27:21.007  9903 11422 D WebRTCManager: ═══════════════════════════════════════════════════
02-08 04:27:21.007  9903 11422 D WebRTCManager: ═══════════════════════════════════════════════════
02-08 04:27:21.007  9903 11422 D WebRTCManager: 🔊 onAddTrack - REMOTE TRACK ADDED!
02-08 04:27:21.007  9903 11422 D WebRTCManager:    Thread: signaling_threa - 11422
02-08 04:27:21.007  9903 11422 D WebRTCManager:    receiver: true
02-08 04:27:21.007  9903 11422 D WebRTCManager:    receiver.track: org.webrtc.AudioTrack@3c66101
02-08 04:27:21.007  9903 11422 D WebRTCManager:    receiver.track kind: audio
02-08 04:27:21.008  9903 11422 D WebRTCManager:    receiver.track id: 0b9beceb-d924-4369-a68b-4ed0cfe34465
02-08 04:27:21.008  9903 11422 D WebRTCManager:    receiver.track enabled: true
02-08 04:27:21.008  9903 11422 D WebRTCManager:    streams count: 1
02-08 04:27:21.008  9903 11422 D WebRTCManager:    Processing track: kind=audio, id=0b9beceb-d924-4369-a68b-4ed0cfe34465
02-08 04:27:21.008  9903 11422 D WebRTCManager:    ✅ Remote audio track ENABLED for playback!
02-08 04:27:21.008  9903 11422 D WebRTCManager:    remoteAudioTrack.id: 0b9beceb-d924-4369-a68b-4ed0cfe34465
02-08 04:27:21.008  9903 11422 D WebRTCManager:    remoteAudioTrack.enabled: true
02-08 04:27:21.008  9903 11422 D WebRTCManager:    remoteAudioTrack.state: LIVE
02-08 04:27:21.008  9903 11422 D WebRTCManager:    Current audio state:
02-08 04:27:21.011  9903 11422 D WebRTCManager:    - Mode: 3
02-08 04:27:21.012  9903 11422 D WebRTCManager:    - Speakerphone: true
02-08 04:27:21.013  9903 11422 D WebRTCManager:    - Voice call volume: 11
02-08 04:27:21.013  9903 11422 D WebRTCManager:    Stream ID: stream0
02-08 04:27:21.013  9903 11422 D WebRTCManager:    Audio tracks in stream: 1
02-08 04:27:21.014  9903 11422 D WebRTCManager:    Audio track [0]: id=0b9beceb-d924-4369-a68b-4ed0cfe34465, enabled=true
02-08 04:27:21.014  9903 11422 D WebRTCManager: ═══════════════════════════════════════════════════
02-08 04:27:21.014  9903 11422 D WebRTCManager: ═══════════════════════════════════════════════════
02-08 04:27:21.014  9903 11422 D WebRTCManager: 📥 onAddStream - REMOTE STREAM ADDED!
