02-08 04:37:37.487 13403 13403 D WebRTCManager: ═══════════════════════════════════════════════════
02-08 04:37:37.487 13403 13403 D WebRTCManager: 🆕 WebRTCManager CONSTRUCTOR CALLED
02-08 04:37:37.487 13403 13403 D WebRTCManager:    Thread: main
02-08 04:37:37.487 13403 13403 D WebRTCManager: ═══════════════════════════════════════════════════
02-08 04:37:37.487 13403 13403 D WebRTCManager: PeerConnectionFactory already initialized
02-08 04:37:37.487 13403 13403 D WebRTCManager: 🏭 initializePeerConnectionFactory starting...
02-08 04:37:37.487 13403 13403 D WebRTCManager:    ⚠️ Voice anonymization TEMPORARILY DISABLED for debugging
02-08 04:37:37.491 13403 13403 D WebRTCManager:    ✅ JavaAudioDeviceModule created
02-08 04:37:37.491 13403 13403 D WebRTCManager:       - Hardware AEC enabled: true
02-08 04:37:37.491 13403 13403 D WebRTCManager:       - Hardware NS enabled: true
02-08 04:37:37.497 13403 13403 D WebRTCManager:    ✅ PeerConnectionFactory created (standard audio, no voice processing)
02-08 04:37:37.497 13403 13403 D WebRTCManager:    ✓ WebRTCManager constructor completed
02-08 04:37:37.499 13403 13403 D CallManager: 🔌 Creating peer connection...
02-08 04:37:37.499 13403 13403 D WebRTCManager: ═══════════════════════════════════════════════════
02-08 04:37:37.499 13403 13403 D WebRTCManager: 🔌 createPeerConnection CALLED
02-08 04:37:37.499 13403 13403 D WebRTCManager:    isInitiator: false
02-08 04:37:37.499 13403 13403 D WebRTCManager:    Role: LISTENER (will wait for offer)
02-08 04:37:37.499 13403 13403 D WebRTCManager:    TURN servers: 2
02-08 04:37:37.499 13403 13403 D WebRTCManager:    - [turn:localhost:3478]
02-08 04:37:37.499 13403 13403 D WebRTCManager:    - [stun:stun.l.google.com:19302]
02-08 04:37:37.499 13403 13403 D WebRTCManager: ═══════════════════════════════════════════════════
02-08 04:37:37.499 13403 13403 D WebRTCManager: ═══════════════════════════════════════════════════
02-08 04:37:37.499 13403 13403 D WebRTCManager: 🔊 configureAudioForCall CALLED
02-08 04:37:37.500 13403 13403 D WebRTCManager:    Saved audio mode: 0, speakerphone: false
02-08 04:37:37.501 13403 13403 D WebRTCManager:    Set mode to MODE_IN_COMMUNICATION
02-08 04:37:37.502 13403 13403 D WebRTCManager:    Set speakerphone OFF (prevents echo)
02-08 04:37:37.710 13403 13403 D WebRTCManager:    Set VOICE_CALL volume to 9 / 11
02-08 04:37:37.741 13403 13403 D WebRTCManager:    Set MUSIC volume to 13 / 15 (fallback)
02-08 04:37:37.745 13403 13403 D WebRTCManager:    Audio focus request result: 1 (1=granted)
02-08 04:37:37.745 13403 13403 D WebRTCManager:    ─────────────────────────────────────────────
02-08 04:37:37.745 13403 13403 D WebRTCManager:    FINAL AUDIO STATE:
02-08 04:37:37.747 13403 13403 D WebRTCManager:    - Mode: 3 (3=MODE_IN_COMMUNICATION)
02-08 04:37:37.748 13403 13403 D WebRTCManager:    - Speakerphone: false
02-08 04:37:37.749 13403 13403 D WebRTCManager:    - Microphone muted: false
02-08 04:37:37.751 13403 13403 D WebRTCManager:    - Music active: false
02-08 04:37:37.840 13403 13403 D WebRTCManager:    - Voice call volume: 9
02-08 04:37:37.840 13403 13403 D WebRTCManager: ═══════════════════════════════════════════════════
02-08 04:37:37.840 13403 13403 D WebRTCManager:    ICE servers built: 3
02-08 04:37:37.845 13403 13403 D WebRTCManager: ✅ PeerConnection created
02-08 04:37:37.845 13403 13403 D WebRTCManager: ═══════════════════════════════════════════════════
02-08 04:37:37.845 13403 13403 D WebRTCManager: 🎤 createLocalAudioTrack CALLED
02-08 04:37:37.845 13403 13403 D WebRTCManager:    Thread: main
02-08 04:37:37.845 13403 13403 D WebRTCManager:    peerConnectionFactory: true
02-08 04:37:37.845 13403 13403 D WebRTCManager:    peerConnection: true
02-08 04:37:37.845 13403 13403 D WebRTCManager:    ✓ Audio constraints created
02-08 04:37:37.846 13403 13403 D WebRTCManager:    audioSource created: true
02-08 04:37:37.846 13403 13403 D WebRTCManager:    localAudioTrack created: true
02-08 04:37:37.847 13403 13403 D WebRTCManager:    localAudioTrack enabled: true
02-08 04:37:37.848 13403 13762 D WebRTCManager: Renegotiation needed
02-08 04:37:37.849 13403 13403 D WebRTCManager:    Track added to peerConnection, sender: true
02-08 04:37:37.849 13403 13403 D WebRTCManager:    Sender track: audio
02-08 04:37:37.849 13403 13403 D WebRTCManager:    ─────────────────────────────────────────────
02-08 04:37:37.849 13403 13403 D WebRTCManager:    TRANSCEIVERS AFTER ADDING LOCAL TRACK:
02-08 04:37:37.850 13403 13403 D WebRTCManager:    Transceiver[0]:
02-08 04:37:37.851 13403 13403 D WebRTCManager:      - mediaType: MEDIA_TYPE_AUDIO
02-08 04:37:37.851 13403 13403 D WebRTCManager:      - direction: SEND_RECV
02-08 04:37:37.851 13403 13403 D WebRTCManager:      - currentDirection: null
02-08 04:37:37.852 13403 13403 D WebRTCManager:      - mid: null
02-08 04:37:37.852 13403 13403 D WebRTCManager:      - sender.track: audio
02-08 04:37:37.852 13403 13403 D WebRTCManager:      - receiver.track: audio
02-08 04:37:37.852 13403 13403 D WebRTCManager:    ─────────────────────────────────────────────
02-08 04:37:37.852 13403 13403 D WebRTCManager: ═══════════════════════════════════════════════════
02-08 04:37:37.852 13403 13403 D WebRTCManager: ✅ Local audio track created - THIS DEVICE CAN NOW TRANSMIT AUDIO
02-08 04:37:37.852 13403 13403 D WebRTCManager: 🔄 State set to CONNECTING
02-08 04:37:37.853 13403 13403 D WebRTCManager: PeerConnection created (initiator: false)
02-08 04:37:37.853 13403 13403 D CallManager: ✅ WebRTC initialized successfully, isInitiator: false
02-08 04:37:37.875 13403 13403 D CallManager: 🔊 WebRTC state changed: CONNECTING
02-08 04:37:37.887 13403 13403 D CallManager: ═══════════════════════════════════════════════════
02-08 04:37:37.887 13403 13403 D CallManager: 🔒 tryConsumeMatch() CALLED
02-08 04:37:37.887 13403 13403 D CallManager:    Thread: main
02-08 04:37:37.887 13403 13403 D CallManager:    Current _matchConsumed.value: false
02-08 04:37:37.887 13403 13403 D CallManager:    Current matchInfo: 156450b1-d364-4080-9c51-ab1e30bc1b7a
02-08 04:37:37.887 13403 13403 D CallManager:    [INSIDE LOCK] Checking consumed state...
02-08 04:37:37.887 13403 13403 D CallManager:    ✓ Match consumed successfully - returning true
02-08 04:37:37.887 13403 13403 D CallManager: ═══════════════════════════════════════════════════
02-08 04:37:37.934 13403 13456 D CallManager: 📨 [MessageCollector] Received: WebRtcOffer
02-08 04:37:37.934 13403 13456 D CallManager: 📩 Processing message: WebRtcOffer
02-08 04:37:37.934 13403 13456 D CallManager: 📥 Received WebRTC OFFER, sdp length: 1173
02-08 04:37:37.934 13403 13456 D WebRTCManager: ═══════════════════════════════════════════════════
02-08 04:37:37.934 13403 13456 D WebRTCManager: 📥 setRemoteDescription CALLED
02-08 04:37:37.934 13403 13456 D WebRTCManager:    Thread: DefaultDispatcher-worker-4
02-08 04:37:37.934 13403 13456 D WebRTCManager:    isAnswer: false
02-08 04:37:37.934 13403 13456 D WebRTCManager:    sdp.type: OFFER
02-08 04:37:37.934 13403 13456 D WebRTCManager:    sdp.description length: 1173
02-08 04:37:37.934 13403 13456 D WebRTCManager:    hasRemoteDescriptionBeenSet: false
02-08 04:37:37.934 13403 13456 D WebRTCManager:    peerConnection: true
02-08 04:37:37.934 13403 13456 D WebRTCManager:    ✓ Set hasRemoteDescriptionBeenSet = true
02-08 04:37:37.936 13403 13762 D WebRTCManager: Signaling state: HAVE_REMOTE_OFFER
02-08 04:37:37.938 13403 13762 D WebRTCManager: ═══════════════════════════════════════════════════
02-08 04:37:37.938 13403 13762 D WebRTCManager: 🔊 onTrack - TRANSCEIVER RECEIVED!
02-08 04:37:37.938 13403 13762 D WebRTCManager:    Thread: signaling_threa - 13762
02-08 04:37:37.938 13403 13762 D WebRTCManager:    transceiver: true
02-08 04:37:37.938 13403 13762 D WebRTCManager:    mediaType: MEDIA_TYPE_AUDIO
02-08 04:37:37.938 13403 13762 D WebRTCManager:    direction: SEND_RECV
02-08 04:37:37.939 13403 13762 D WebRTCManager:    mid: 0
02-08 04:37:37.939 13403 13762 D WebRTCManager:    currentDirection: null
02-08 04:37:37.939 13403 13762 D WebRTCManager:    isStopped: false
02-08 04:37:37.939 13403 13762 D WebRTCManager:    This is an AUDIO transceiver
02-08 04:37:37.939 13403 13762 D WebRTCManager:    Receiver track: kind=audio, id=8f184831-fb79-4344-b489-4d9f61ee1b13, enabled=true
02-08 04:37:37.939 13403 13762 D WebRTCManager:    ✅ Remote audio track from transceiver ENABLED!
02-08 04:37:37.939 13403 13762 D WebRTCManager:    Track state: LIVE
02-08 04:37:37.939 13403 13762 D WebRTCManager:    Track enabled: true
02-08 04:37:37.939 13403 13762 D WebRTCManager:    Sender track (local): kind=audio, id=audio0, enabled=true
02-08 04:37:37.940 13403 13762 D WebRTCManager: ═══════════════════════════════════════════════════
02-08 04:37:37.940 13403 13762 D WebRTCManager: ═══════════════════════════════════════════════════
02-08 04:37:37.940 13403 13762 D WebRTCManager: 🔊 onAddTrack - REMOTE TRACK ADDED!
02-08 04:37:37.940 13403 13762 D WebRTCManager:    Thread: signaling_threa - 13762
02-08 04:37:37.940 13403 13762 D WebRTCManager:    receiver: true
02-08 04:37:37.940 13403 13762 D WebRTCManager:    receiver.track: org.webrtc.AudioTrack@edb44d8
02-08 04:37:37.940 13403 13762 D WebRTCManager:    receiver.track kind: audio
02-08 04:37:37.940 13403 13762 D WebRTCManager:    receiver.track id: 8f184831-fb79-4344-b489-4d9f61ee1b13
02-08 04:37:37.941 13403 13762 D WebRTCManager:    receiver.track enabled: true
02-08 04:37:37.941 13403 13762 D WebRTCManager:    streams count: 1
02-08 04:37:37.941 13403 13762 D WebRTCManager:    Processing track: kind=audio, id=8f184831-fb79-4344-b489-4d9f61ee1b13
02-08 04:37:37.941 13403 13762 D WebRTCManager:    ✅ Remote audio track ENABLED for playback!
02-08 04:37:37.941 13403 13762 D WebRTCManager:    remoteAudioTrack.id: 8f184831-fb79-4344-b489-4d9f61ee1b13
02-08 04:37:37.941 13403 13762 D WebRTCManager:    remoteAudioTrack.enabled: true
02-08 04:37:37.941 13403 13762 D WebRTCManager:    remoteAudioTrack.state: LIVE
02-08 04:37:37.941 13403 13762 D WebRTCManager:    Current audio state:
02-08 04:37:37.943 13403 13762 D WebRTCManager:    - Mode: 3
02-08 04:37:37.944 13403 13762 D WebRTCManager:    - Speakerphone: false
02-08 04:37:37.950 13403 13762 D WebRTCManager:    - Voice call volume: 9
02-08 04:37:37.950 13403 13762 D WebRTCManager:    Stream ID: stream0
02-08 04:37:37.950 13403 13762 D WebRTCManager:    Audio tracks in stream: 1
02-08 04:37:37.950 13403 13762 D WebRTCManager:    Audio track [0]: id=8f184831-fb79-4344-b489-4d9f61ee1b13, enabled=true
02-08 04:37:37.950 13403 13762 D WebRTCManager: ═══════════════════════════════════════════════════
02-08 04:37:37.950 13403 13762 D WebRTCManager: ═══════════════════════════════════════════════════
02-08 04:37:37.951 13403 13762 D WebRTCManager: 📥 onAddStream - REMOTE STREAM ADDED!
02-08 04:37:37.951 13403 13762 D WebRTCManager:    stream: true
02-08 04:37:37.951 13403 13762 D WebRTCManager:    stream.id: stream0
02-08 04:37:37.951 13403 13762 D WebRTCManager:    audioTracks count: 1
02-08 04:37:37.951 13403 13762 D WebRTCManager:    videoTracks count: 0
02-08 04:37:37.951 13403 13762 D WebRTCManager:    Audio track[0]: id=8f184831-fb79-4344-b489-4d9f61ee1b13, enabled=true, state=LIVE
02-08 04:37:37.952 13403 13762 D WebRTCManager:    Audio track[0] ENABLED: true
02-08 04:37:37.952 13403 13762 D WebRTCManager: ═══════════════════════════════════════════════════
02-08 04:37:37.952 13403 13762 D WebRTCManager:    ✅ Remote description set successfully!
02-08 04:37:37.952 13403 13762 D WebRTCManager:    isAnswer: false
02-08 04:37:37.952 13403 13762 D WebRTCManager:    📤 Creating answer...
02-08 04:37:37.954 13403 13456 D WebRTCManager: ═══════════════════════════════════════════════════
02-08 04:37:37.955 13403 13762 D WebRTCManager: ═══════════════════════════════════════════════════
02-08 04:37:37.955 13403 13762 D WebRTCManager: 📤 ANSWER CREATED!
02-08 04:37:37.955 13403 13762 D WebRTCManager:    type: ANSWER
02-08 04:37:37.955 13403 13762 D WebRTCManager:    description length: 1135
02-08 04:37:37.955 13403 13762 D WebRTCManager:    hasAudio: true
02-08 04:37:37.955 13403 13762 D WebRTCManager:    audioDirection: sendrecv
02-08 04:37:37.955 13403 13762 D WebRTCManager:    Transceivers at answer creation:
02-08 04:37:37.956 13403 13762 D WebRTCManager:      [0] type=MEDIA_TYPE_AUDIO, dir=SEND_RECV, mid=0
02-08 04:37:37.956 13403 13762 D WebRTCManager: ═══════════════════════════════════════════════════
02-08 04:37:37.956 13403 13454 D CallManager: 📨 [MessageCollector] Received: IceCandidate
02-08 04:37:37.956 13403 13454 D CallManager: 📩 Processing message: IceCandidate
02-08 04:37:37.957 13403 13454 D CallManager: 📥 Received ICE candidate: candidate:4231857362 1 udp 2122260223 192.168.1.18...
02-08 04:37:37.958 13403 13762 D WebRTCManager: Signaling state: STABLE
02-08 04:37:38.009 13403 13771 D WebRTCManager: ═══════════════════════════════════════════════════
02-08 04:37:38.009 13403 13771 D WebRTCManager: 🔊 AUDIO TRACK STARTED - Remote audio playback beginning!
02-08 04:37:38.009 13403 13771 D WebRTCManager: ═══════════════════════════════════════════════════
02-08 04:37:38.010 13403 13762 D WebRTCManager: Local description (answer) set
02-08 04:37:38.036 13403 13454 D WebRTCManager: Remote ICE candidate added
02-08 04:37:38.036 13403 13762 D WebRTCManager: ICE gathering state: GATHERING
02-08 04:37:38.037 13403 13454 D CallManager: 📨 [MessageCollector] Received: IceCandidate
02-08 04:37:38.037 13403 13454 D CallManager: 📩 Processing message: IceCandidate
02-08 04:37:38.037 13403 13454 D CallManager: 📥 Received ICE candidate: candidate:3850098319 1 udp 2121998079 127.0.0.1 50...
02-08 04:37:38.038 13403 13454 D WebRTCManager: Remote ICE candidate added
02-08 04:37:38.038 13403 13454 D CallManager: 📨 [MessageCollector] Received: IceCandidate
02-08 04:37:38.039 13403 13454 D CallManager: 📩 Processing message: IceCandidate
02-08 04:37:38.039 13403 13454 D CallManager: 📥 Received ICE candidate: candidate:3361866324 1 udp 2122071295 ::1 45900 ty...
02-08 04:37:38.039 13403 13454 D WebRTCManager: Remote ICE candidate added
02-08 04:37:38.040 13403 13454 D CallManager: 📨 [MessageCollector] Received: IceCandidate
02-08 04:37:38.040 13403 13454 D CallManager: 📩 Processing message: IceCandidate
02-08 04:37:38.040 13403 13454 D CallManager: 📥 Received ICE candidate: candidate:3576399639 1 udp 1686052607 154.159.237....
02-08 04:37:38.041 13403 13454 D WebRTCManager: Remote ICE candidate added
02-08 04:37:38.041 13403 13454 D CallManager: 📨 [MessageCollector] Received: IceCandidate
02-08 04:37:38.042 13403 13454 D CallManager: 📩 Processing message: IceCandidate
02-08 04:37:38.042 13403 13454 D CallManager: 📥 Received ICE candidate: candidate:153031833 1 tcp 1518214911 10.43.174.172...
02-08 04:37:38.042 13403 13454 D WebRTCManager: Remote ICE candidate added
02-08 04:37:38.043 13403 13454 D CallManager: 📨 [MessageCollector] Received: IceCandidate
02-08 04:37:38.043 13403 13454 D CallManager: 📩 Processing message: IceCandidate
02-08 04:37:38.043 13403 13454 D CallManager: 📥 Received ICE candidate: candidate:1199082380 1 tcp 1518149375 10.0.132.80 ...
02-08 04:37:38.044 13403 13454 D WebRTCManager: Remote ICE candidate added
02-08 04:37:38.044 13403 13454 D CallManager: 📨 [MessageCollector] Received: IceCandidate
02-08 04:37:38.044 13403 13454 D CallManager: 📩 Processing message: IceCandidate
02-08 04:37:38.044 13403 13454 D CallManager: 📥 Received ICE candidate: candidate:2612278295 1 tcp 1518018303 127.0.0.1 59...
02-08 04:37:38.045 13403 13454 D WebRTCManager: Remote ICE candidate added
02-08 04:37:38.045 13403 13454 D CallManager: 📨 [MessageCollector] Received: IceCandidate
02-08 04:37:38.045 13403 13454 D CallManager: 📩 Processing message: IceCandidate
02-08 04:37:38.045 13403 13454 D CallManager: 📥 Received ICE candidate: candidate:3064848588 1 tcp 1518091519 ::1 42215 ty...
02-08 04:37:38.045 13403 13454 D WebRTCManager: Remote ICE candidate added
02-08 04:37:38.050 13403 13762 D WebRTCManager: ═══════════════════════════════════════════════════
02-08 04:37:38.050 13403 13762 D WebRTCManager: 🔗 ICE connection state: CHECKING
02-08 04:37:38.050 13403 13762 D WebRTCManager:    🔍 ICE checking - attempting to connect...
02-08 04:37:38.050 13403 13762 D WebRTCManager: ═══════════════════════════════════════════════════
02-08 04:37:38.061 13403 13762 D WebRTCManager: Local ICE candidate: 0
02-08 04:37:38.061 13403 13762 D WebRTCManager: Local ICE candidate: 0
02-08 04:37:38.062 13403 13762 D WebRTCManager: Local ICE candidate: 0
02-08 04:37:38.072 13403 13454 D CallManager: 📤 Sending ANSWER for call 156450b1-d364-4080-9c51-ab1e30bc1b7a
02-08 04:37:38.077 13403 13454 D CallManager: 📤 Sending ICE candidate for call 156450b1-d364-4080-9c51-ab1e30bc1b7a
02-08 04:37:38.079 13403 13454 D CallManager: 📤 Sending ICE candidate for call 156450b1-d364-4080-9c51-ab1e30bc1b7a
02-08 04:37:38.080 13403 13454 D CallManager: 📤 Sending ICE candidate for call 156450b1-d364-4080-9c51-ab1e30bc1b7a
02-08 04:37:38.160 13403 13762 D WebRTCManager: Local ICE candidate: 0
02-08 04:37:38.166 13403 13454 D CallManager: 📤 Sending ICE candidate for call 156450b1-d364-4080-9c51-ab1e30bc1b7a
02-08 04:37:38.166 13403 13762 D WebRTCManager: Local ICE candidate: 0
02-08 04:37:38.167 13403 13454 D CallManager: 📤 Sending ICE candidate for call 156450b1-d364-4080-9c51-ab1e30bc1b7a
02-08 04:37:38.168 13403 13762 D WebRTCManager: Local ICE candidate: 0
02-08 04:37:38.170 13403 13454 D CallManager: 📤 Sending ICE candidate for call 156450b1-d364-4080-9c51-ab1e30bc1b7a
02-08 04:37:38.170 13403 13762 D WebRTCManager: Local ICE candidate: 0
02-08 04:37:38.173 13403 13454 D CallManager: 📤 Sending ICE candidate for call 156450b1-d364-4080-9c51-ab1e30bc1b7a
02-08 04:37:38.344 13403 13762 D WebRTCManager: ═══════════════════════════════════════════════════
02-08 04:37:38.344 13403 13762 D WebRTCManager: 🔗 ICE connection state: CONNECTED
02-08 04:37:38.344 13403 13762 D WebRTCManager:    ✅ ICE CONNECTED - WebRTC call established!
02-08 04:37:38.344 13403 13762 D WebRTCManager:    🔊 Re-applying audio configuration (WebRTC resets it)...
02-08 04:37:38.346 13403 13762 D WebRTCManager:    forceAudioModeForCall: current mode = 3
02-08 04:37:38.348 13403 13762 D WebRTCManager:    ✅ Audio mode confirmed: MODE_IN_COMMUNICATION
02-08 04:37:38.348 13403 13762 D WebRTCManager:    ─────────────────────────────────────────────
02-08 04:37:38.348 13403 13762 D WebRTCManager:    AUDIO VERIFICATION ON ICE CONNECTED:
02-08 04:37:38.348 13403 13762 D WebRTCManager:    Local audio track: true
02-08 04:37:38.348 13403 13762 D WebRTCManager:    Local audio enabled: true
02-08 04:37:38.348 13403 13762 D WebRTCManager:    Remote audio track: true
02-08 04:37:38.349 13403 13403 D CallManager: 🔊 WebRTC state changed: CONNECTED
02-08 04:37:38.349 13403 13762 D WebRTCManager:    Remote audio enabled: true
02-08 04:37:38.349 13403 13403 D CallManager: 🔊 WebRTC CONNECTED - verifying audio setup...
02-08 04:37:38.349 13403 13762 D WebRTCManager:    Transceiver[0]:
02-08 04:37:38.349 13403 13762 D WebRTCManager:      - mediaType: MEDIA_TYPE_AUDIO
02-08 04:37:38.350 13403 13762 D WebRTCManager:      - direction: SEND_RECV
02-08 04:37:38.350 13403 13762 D WebRTCManager:      - currentDirection: SEND_RECV
02-08 04:37:38.350 13403 13762 D WebRTCManager:      - mid: 0
02-08 04:37:38.350 13403 13762 D WebRTCManager:      - Receiver track: kind=audio, enabled=true, state=LIVE
02-08 04:37:38.350 13403 13762 D WebRTCManager:      - Sender track: kind=audio, enabled=true, state=LIVE
02-08 04:37:38.350 13403 13762 D WebRTCManager:    AudioManager state AFTER force:
02-08 04:37:38.351 13403 13762 D WebRTCManager:    - Mode: 3 (3=IN_COMMUNICATION)
02-08 04:37:38.352 13403 13762 D WebRTCManager:    - Speakerphone: false
02-08 04:37:38.353 13403 13762 D WebRTCManager:    - Mic muted: false
02-08 04:37:38.355 13403 13762 D WebRTCManager:    - Voice volume: 9
02-08 04:37:38.355 13403 13762 D WebRTCManager:    ─────────────────────────────────────────────
02-08 04:37:38.355 13403 13762 D WebRTCManager: ═══════════════════════════════════════════════════
02-08 04:37:38.458 13403 13814 D WebRTCManager: ═══════════════════════════════════════════════════
02-08 04:37:38.459 13403 13814 D WebRTCManager: 🎤 AUDIO RECORD STARTED - Microphone capture beginning!
02-08 04:37:38.459 13403 13814 D WebRTCManager: ═══════════════════════════════════════════════════
02-08 04:37:38.852 13403 13403 D WebRTCManager: ═══════════════════════════════════════════════════
02-08 04:37:38.852 13403 13403 D WebRTCManager: 🔍 VERIFYING AUDIO SETUP
02-08 04:37:38.852 13403 13403 D WebRTCManager:    ✅ Local audio track OK
02-08 04:37:38.852 13403 13403 D WebRTCManager:    ✅ Remote audio track OK
02-08 04:37:38.853 13403 13403 D WebRTCManager:    ✅ Audio mode OK
02-08 04:37:38.854 13403 13403 D WebRTCManager:    ✅ Voice call volume OK: 9
02-08 04:37:38.854 13403 13403 D WebRTCManager:    Result: ✅ AUDIO SETUP VALID
02-08 04:37:38.854 13403 13403 D WebRTCManager: ═══════════════════════════════════════════════════
02-08 04:37:38.854 13403 13403 D WebRTCManager: ═══════════════════════════════════════════════════
02-08 04:37:38.854 13403 13403 D WebRTCManager: 📊 WEBRTC STATS DEBUG
02-08 04:37:38.854 13403 13403 D WebRTCManager:    State: CONNECTED
02-08 04:37:38.854 13403 13403 D WebRTCManager:    Local audio track: audio0, enabled=true
02-08 04:37:38.854 13403 13403 D WebRTCManager:    Remote audio track: 8f184831-fb79-4344-b489-4d9f61ee1b13, enabled=true
02-08 04:37:38.854 13403 13403 D WebRTCManager:    Muted: false
02-08 04:37:38.856 13403 13403 D WebRTCManager:    Transceiver[0]:
02-08 04:37:38.856 13403 13403 D WebRTCManager:      - Type: MEDIA_TYPE_AUDIO
02-08 04:37:38.856 13403 13403 D WebRTCManager:      - Direction: SEND_RECV
02-08 04:37:38.857 13403 13403 D WebRTCManager:      - Current direction: SEND_RECV
02-08 04:37:38.857 13403 13403 D WebRTCManager:      - Stopped: false
02-08 04:37:38.857 13403 13403 D WebRTCManager:      - Sender track: audio, enabled=true
02-08 04:37:38.857 13403 13403 D WebRTCManager:      - Receiver track: audio, enabled=true
02-08 04:37:38.857 13403 13403 D WebRTCManager:    AudioManager:
02-08 04:37:38.858 13403 13403 D WebRTCManager:      - Mode: 3
02-08 04:37:38.859 13403 13403 D WebRTCManager:      - Speakerphone: false
02-08 04:37:38.859 13403 13403 D WebRTCManager:      - Microphone muted: false
02-08 04:37:38.859 13403 13403 D WebRTCManager:      - Voice call volume: 9
02-08 04:37:38.860 13403 13403 D WebRTCManager:      - Music volume: 13
02-08 04:37:38.860 13403 13403 D WebRTCManager: ═══════════════════════════════════════════════════
02-08 04:38:14.255 13403 13403 D CallManager: ═══════════════════════════════════════════════════
02-08 04:38:14.255 13403 13403 D CallManager: 📞 endCall() CALLED
02-08 04:38:14.255 13403 13403 D CallManager:    Thread: main
02-08 04:38:14.255 13403 13403 D CallManager:    Current callId: 156450b1-d364-4080-9c51-ab1e30bc1b7a
02-08 04:38:14.255 13403 13403 D CallManager:    Current role: listener
02-08 04:38:14.255 13403 13403 D CallManager:    WebRTC state: CONNECTED
02-08 04:38:14.255 13403 13403 D CallManager:    📤 Sending endCall to server for: 156450b1-d364-4080-9c51-ab1e30bc1b7a
02-08 04:38:14.255 13403 13403 D CallManager:    ✓ endCall sent to server
02-08 04:38:14.255 13403 13403 D CallManager:    Cancelling WebRTC job...
02-08 04:38:14.256 13403 13403 D CallManager:    ✓ WebRTC job cancelled
02-08 04:38:14.256 13403 13403 D CallManager:    Closing WebRTC manager...
02-08 04:38:14.256 13403 13403 D WebRTCManager: ═══════════════════════════════════════════════════
02-08 04:38:14.256 13403 13403 D WebRTCManager: 🛑 Closing WebRTC connection
02-08 04:38:14.256 13403 13403 D WebRTCManager:    Final state:
02-08 04:38:14.256 13403 13403 D WebRTCManager:    - Local audio track: true, enabled=true
02-08 04:38:14.257 13403 13403 D WebRTCManager:    - Remote audio track: true, enabled=true
02-08 04:38:14.257 13403 13403 D WebRTCManager:    - Connection state: CONNECTED
02-08 04:38:14.260 13403 13403 D WebRTCManager: Audio configuration restored
02-08 04:38:14.267 13403 13454 D CallManager: 📨 [MessageCollector] Received: CallEnded
02-08 04:38:14.267 13403 13454 D CallManager: 📩 Processing message: CallEnded
02-08 04:38:14.267 13403 13454 D CallManager: 📞 Call ended: 156450b1-d364-4080-9c51-ab1e30bc1b7a, reason: ended
02-08 04:38:14.267 13403 13454 D WebRTCManager: ═══════════════════════════════════════════════════
02-08 04:38:14.267 13403 13454 D WebRTCManager: 🛑 Closing WebRTC connection
02-08 04:38:14.267 13403 13454 D WebRTCManager:    Final state:
02-08 04:38:14.415 13403 13814 D WebRTCManager: ═══════════════════════════════════════════════════
02-08 04:38:14.415 13403 13814 D WebRTCManager: 🎤 AUDIO RECORD STOPPED - Microphone capture ended!
02-08 04:38:14.415 13403 13814 D WebRTCManager: ═══════════════════════════════════════════════════
02-08 04:38:14.427 13403 13762 D WebRTCManager: ═══════════════════════════════════════════════════
02-08 04:38:14.427 13403 13762 D WebRTCManager: 🔗 ICE connection state: DISCONNECTED
02-08 04:38:14.427 13403 13762 W WebRTCManager:    ⚠️ ICE DISCONNECTED
02-08 04:38:14.427 13403 13454 D WebRTCManager:    - Local audio track: true, enabled=false
02-08 04:38:14.427 13403 13762 D WebRTCManager: ═══════════════════════════════════════════════════
02-08 04:38:14.427 13403 13454 D WebRTCManager:    - Remote audio track: true, enabled=false
02-08 04:38:14.427 13403 13454 D WebRTCManager:    - Connection state: DISCONNECTED
02-08 04:38:14.429 13403 13762 D WebRTCManager: ═══════════════════════════════════════════════════
02-08 04:38:14.429 13403 13762 D WebRTCManager: 🔗 ICE connection state: CLOSED
02-08 04:38:14.429 13403 13762 D WebRTCManager:    🚫 ICE CLOSED
02-08 04:38:14.429 13403 13762 D WebRTCManager: ═══════════════════════════════════════════════════
02-08 04:38:14.429 13403 13762 D WebRTCManager: Signaling state: CLOSED
02-08 04:38:14.442 13403 13761 D WebRTCManager: ═══════════════════════════════════════════════════
02-08 04:38:14.442 13403 13761 D WebRTCManager: 🔇 AUDIO TRACK STOPPED - Remote audio playback ended!
02-08 04:38:14.442 13403 13761 D WebRTCManager: ═══════════════════════════════════════════════════
02-08 04:38:14.460 13403 13403 D WebRTCManager: ═══════════════════════════════════════════════════
02-08 04:38:14.461 13403 13403 D CallManager:    ✓ WebRTC manager closed
02-08 04:38:14.461 13403 13403 D CallManager:    Resetting state...
02-08 04:38:14.461 13403 13403 D CallManager:    ✓ State reset
02-08 04:38:14.461 13403 13403 D CallManager:    ✓ Initialization tracking reset
02-08 04:38:14.461 13403 13403 D CallManager: ═══════════════════════════════════════════════════
02-08 04:38:14.461 13403 13403 D CallManager: ✅ Call ended successfully
02-08 04:38:14.490 13403 13454 D WebRTCManager: Audio configuration restored
02-08 04:38:14.491 13403 13454 D WebRTCManager: ═══════════════════════════════════════════════════
02-08 04:38:29.618 13403 13403 D CallManager: Submitting share: Advice, Heavy, 10 min
02-08 04:38:29.628 13403 13454 D CallManager: 📨 [MessageCollector] Received: ShareSubmitted
02-08 04:38:29.628 13403 13454 D CallManager: 📩 Processing message: ShareSubmitted
02-08 04:38:29.628 13403 13454 D CallManager: 📝 Share submitted: 34cc4f5f-5d9e-46c8-8518-b8b66911c8c6, status: queued
02-08 04:38:51.276 13403 13458 D CallManager: 📨 [MessageCollector] Received: MatchMade
02-08 04:38:51.277 13403 13458 D CallManager: 📩 Processing message: MatchMade
02-08 04:38:51.277 13403 13458 D CallManager: ═══════════════════════════════════════════════════
02-08 04:38:51.277 13403 13458 D CallManager: 🎯 MATCH MADE RECEIVED!
02-08 04:38:51.277 13403 13458 D CallManager:    Thread: DefaultDispatcher-worker-6
02-08 04:38:51.277 13403 13458 D CallManager:    Call ID: dbc9231d-e9f2-45d4-8380-88fb32301e78
02-08 04:38:51.277 13403 13458 D CallManager:    Role: sharer
02-08 04:38:51.277 13403 13458 D CallManager:    Duration: 10 min
02-08 04:38:51.277 13403 13458 D CallManager:    Topic: Advice
02-08 04:38:51.277 13403 13458 D CallManager:    Intent: x 
02-08 04:38:51.277 13403 13458 D CallManager:    TURN servers: 2
02-08 04:38:51.277 13403 13458 D CallManager: ═══════════════════════════════════════════════════
02-08 04:38:51.277 13403 13458 D CallManager:    Step 1: Setting currentRole to 'sharer'
02-08 04:38:51.277 13403 13458 D CallManager:    ✓ currentRole is now: sharer
02-08 04:38:51.277 13403 13458 D CallManager:    Step 2: Setting matchConsumed to false
02-08 04:38:51.277 13403 13458 D CallManager:    Step 3: Setting currentCallId to 'dbc9231d-e9f2-45d4-8380-88fb32301e78'
02-08 04:38:51.277 13403 13458 D CallManager:    Step 4: Clearing pendingShareId and incomingPreview
02-08 04:38:51.278 13403 13458 D CallManager:    Step 5: Updating call parameters
02-08 04:38:51.278 13403 13458 D CallManager:    Step 6: Setting matchInfo (THIS TRIGGERS NAVIGATION)
02-08 04:38:51.278 13403 13458 D CallManager:    ✓ matchInfo is now set
02-08 04:38:51.278 13403 13458 D CallManager: 📞 All state updated, now initializing WebRTC...
02-08 04:38:51.278 13403 13458 D CallManager:    TURN: [turn:localhost:3478]
02-08 04:38:51.278 13403 13458 D CallManager:    TURN: [stun:stun.l.google.com:19302]
02-08 04:38:51.278 13403 13458 D CallManager: 🎬 Step 7: Calling initializeWebRTC(isInitiator=true)
02-08 04:38:51.278 13403 13458 D CallManager: ═══════════════════════════════════════════════════
02-08 04:38:51.278 13403 13458 D CallManager: 🎬 initializeWebRTC CALLED
02-08 04:38:51.278 13403 13458 D CallManager:    Thread: DefaultDispatcher-worker-6
02-08 04:38:51.278 13403 13458 D CallManager:    isInitiator: true
02-08 04:38:51.278 13403 13458 D CallManager:    turnServers: 2
02-08 04:38:51.278 13403 13458 D CallManager:    callId: dbc9231d-e9f2-45d4-8380-88fb32301e78
02-08 04:38:51.278 13403 13458 D CallManager:    isWebRTCInitializing: false
02-08 04:38:51.278 13403 13458 D CallManager:    lastInitializedCallId: null
02-08 04:38:51.278 13403 13458 D CallManager: ═══════════════════════════════════════════════════
02-08 04:38:51.278 13403 13458 D CallManager:    Set isWebRTCInitializing = true
02-08 04:38:51.278 13403 13458 D CallManager:    Cancelled previous WebRTC job
02-08 04:38:51.278 13403 13458 D CallManager:    Launching coroutine on Main thread...
02-08 04:38:51.279 13403 13458 D CallManager:    ✓ initializeWebRTC launched
02-08 04:38:51.280 13403 13403 D CallManager: 🔧 initializeWebRTC - NOW ON MAIN THREAD
02-08 04:38:51.280 13403 13403 D CallManager:    Thread: main
02-08 04:38:51.280 13403 13403 D CallManager: 🧹 Disposing existing WebRTC manager
02-08 04:38:51.280 13403 13403 D WebRTCManager: ═══════════════════════════════════════════════════
02-08 04:38:51.280 13403 13403 D WebRTCManager: 🛑 Closing WebRTC connection
02-08 04:38:51.280 13403 13403 D WebRTCManager:    Final state:
02-08 04:38:51.280 13403 13403 D WebRTCManager:    - Local audio track: false, enabled=null
02-08 04:38:51.280 13403 13403 D WebRTCManager:    - Remote audio track: false, enabled=null
02-08 04:38:51.280 13403 13403 D WebRTCManager:    - Connection state: IDLE
02-08 04:38:51.285 13403 13403 D WebRTCManager: Audio configuration restored
02-08 04:38:51.285 13403 13403 D WebRTCManager: ═══════════════════════════════════════════════════
02-08 04:38:51.289 13403 13403 D WebRTCManager: WebRTCManager disposed
02-08 04:38:51.289 13403 13403 D CallManager: 🆕 Creating new WebRTCManager...
02-08 04:38:51.290 13403 13403 D WebRTCManager: ═══════════════════════════════════════════════════
02-08 04:38:51.290 13403 13403 D WebRTCManager: 🆕 WebRTCManager CONSTRUCTOR CALLED
02-08 04:38:51.290 13403 13403 D WebRTCManager:    Thread: main
02-08 04:38:51.290 13403 13403 D WebRTCManager: ═══════════════════════════════════════════════════
02-08 04:38:51.290 13403 13403 D WebRTCManager: PeerConnectionFactory already initialized
02-08 04:38:51.290 13403 13403 D WebRTCManager: 🏭 initializePeerConnectionFactory starting...
02-08 04:38:51.290 13403 13403 D WebRTCManager:    ⚠️ Voice anonymization TEMPORARILY DISABLED for debugging
02-08 04:38:51.293 13403 13403 D WebRTCManager:    ✅ JavaAudioDeviceModule created
02-08 04:38:51.293 13403 13403 D WebRTCManager:       - Hardware AEC enabled: true
02-08 04:38:51.293 13403 13403 D WebRTCManager:       - Hardware NS enabled: true
02-08 04:38:51.299 13403 13403 D WebRTCManager:    ✅ PeerConnectionFactory created (standard audio, no voice processing)
02-08 04:38:51.299 13403 13403 D WebRTCManager:    ✓ WebRTCManager constructor completed
02-08 04:38:51.300 13403 13403 D CallManager: 🔌 Creating peer connection...
02-08 04:38:51.301 13403 13403 D WebRTCManager: ═══════════════════════════════════════════════════
02-08 04:38:51.301 13403 13403 D WebRTCManager: 🔌 createPeerConnection CALLED
02-08 04:38:51.301 13403 13403 D WebRTCManager:    isInitiator: true
02-08 04:38:51.301 13403 13403 D WebRTCManager:    Role: SHARER (will create offer)
02-08 04:38:51.301 13403 13403 D WebRTCManager:    TURN servers: 2
02-08 04:38:51.301 13403 13403 D WebRTCManager:    - [turn:localhost:3478]
02-08 04:38:51.301 13403 13403 D WebRTCManager:    - [stun:stun.l.google.com:19302]
02-08 04:38:51.301 13403 13403 D WebRTCManager: ═══════════════════════════════════════════════════
02-08 04:38:51.301 13403 13403 D WebRTCManager: ═══════════════════════════════════════════════════
02-08 04:38:51.301 13403 13403 D WebRTCManager: 🔊 configureAudioForCall CALLED
02-08 04:38:51.302 13403 13403 D WebRTCManager:    Saved audio mode: 0, speakerphone: false
02-08 04:38:51.303 13403 13403 D WebRTCManager:    Set mode to MODE_IN_COMMUNICATION
02-08 04:38:51.304 13403 13403 D WebRTCManager:    Set speakerphone OFF (prevents echo)
02-08 04:38:51.412 13403 13403 D WebRTCManager:    Set VOICE_CALL volume to 9 / 11
02-08 04:38:51.457 13403 13403 D WebRTCManager:    Set MUSIC volume to 13 / 15 (fallback)
02-08 04:38:51.461 13403 13403 D WebRTCManager:    Audio focus request result: 1 (1=granted)
02-08 04:38:51.461 13403 13403 D WebRTCManager:    ─────────────────────────────────────────────
02-08 04:38:51.461 13403 13403 D WebRTCManager:    FINAL AUDIO STATE:
02-08 04:38:51.468 13403 13403 D WebRTCManager:    - Mode: 3 (3=MODE_IN_COMMUNICATION)
02-08 04:38:51.470 13403 13403 D WebRTCManager:    - Speakerphone: false
02-08 04:38:51.471 13403 13403 D WebRTCManager:    - Microphone muted: false
02-08 04:38:51.476 13403 13403 D WebRTCManager:    - Music active: false
02-08 04:38:51.572 13403 13403 D WebRTCManager:    - Voice call volume: 9
02-08 04:38:51.572 13403 13403 D WebRTCManager: ═══════════════════════════════════════════════════
02-08 04:38:51.573 13403 13403 D WebRTCManager:    ICE servers built: 3
02-08 04:38:51.575 13403 13403 D WebRTCManager: ✅ PeerConnection created
02-08 04:38:51.575 13403 13403 D WebRTCManager: ═══════════════════════════════════════════════════
02-08 04:38:51.575 13403 13403 D WebRTCManager: 🎤 createLocalAudioTrack CALLED
02-08 04:38:51.575 13403 13403 D WebRTCManager:    Thread: main
02-08 04:38:51.575 13403 13403 D WebRTCManager:    peerConnectionFactory: true
02-08 04:38:51.576 13403 13403 D WebRTCManager:    peerConnection: true
02-08 04:38:51.576 13403 13403 D WebRTCManager:    ✓ Audio constraints created
02-08 04:38:51.576 13403 13403 D WebRTCManager:    audioSource created: true
02-08 04:38:51.576 13403 13403 D WebRTCManager:    localAudioTrack created: true
02-08 04:38:51.577 13403 13403 D WebRTCManager:    localAudioTrack enabled: true
02-08 04:38:51.577 13403 13962 D WebRTCManager: Renegotiation needed
02-08 04:38:51.578 13403 13403 D WebRTCManager:    Track added to peerConnection, sender: true
02-08 04:38:51.578 13403 13403 D WebRTCManager:    Sender track: audio
02-08 04:38:51.578 13403 13403 D WebRTCManager:    ─────────────────────────────────────────────
02-08 04:38:51.578 13403 13403 D WebRTCManager:    TRANSCEIVERS AFTER ADDING LOCAL TRACK:
02-08 04:38:51.580 13403 13403 D WebRTCManager:    Transceiver[0]:
02-08 04:38:51.580 13403 13403 D WebRTCManager:      - mediaType: MEDIA_TYPE_AUDIO
02-08 04:38:51.580 13403 13403 D WebRTCManager:      - direction: SEND_RECV
02-08 04:38:51.580 13403 13403 D WebRTCManager:      - currentDirection: null
02-08 04:38:51.581 13403 13403 D WebRTCManager:      - mid: null
02-08 04:38:51.581 13403 13403 D WebRTCManager:      - sender.track: audio
02-08 04:38:51.581 13403 13403 D WebRTCManager:      - receiver.track: audio
02-08 04:38:51.581 13403 13403 D WebRTCManager:    ─────────────────────────────────────────────
02-08 04:38:51.581 13403 13403 D WebRTCManager: ═══════════════════════════════════════════════════
02-08 04:38:51.581 13403 13403 D WebRTCManager: ✅ Local audio track created - THIS DEVICE CAN NOW TRANSMIT AUDIO
02-08 04:38:51.581 13403 13403 D WebRTCManager: 🔄 State set to CONNECTING
02-08 04:38:51.581 13403 13403 D WebRTCManager: 📤 Creating offer (we are initiator)
02-08 04:38:51.583 13403 13403 D WebRTCManager: PeerConnection created (initiator: true)
02-08 04:38:51.583 13403 13403 D CallManager: ✅ WebRTC initialized successfully, isInitiator: true
02-08 04:38:51.583 13403 13962 D WebRTCManager: ═══════════════════════════════════════════════════
02-08 04:38:51.583 13403 13962 D WebRTCManager: 📤 OFFER CREATED!
02-08 04:38:51.583 13403 13962 D WebRTCManager:    type: OFFER
02-08 04:38:51.583 13403 13962 D WebRTCManager:    description length: 1175
02-08 04:38:51.584 13403 13962 D WebRTCManager:    hasAudio: true
02-08 04:38:51.584 13403 13962 D WebRTCManager:    audioDirection: sendrecv
02-08 04:38:51.584 13403 13962 D WebRTCManager:    Transceivers at offer creation:
02-08 04:38:51.585 13403 13962 D WebRTCManager:      [0] type=MEDIA_TYPE_AUDIO, dir=SEND_RECV, mid=null
02-08 04:38:51.585 13403 13962 D WebRTCManager: ═══════════════════════════════════════════════════
02-08 04:38:51.588 13403 13962 D WebRTCManager: Signaling state: HAVE_LOCAL_OFFER
02-08 04:38:51.593 13403 13962 D WebRTCManager: Local description set
02-08 04:38:51.597 13403 13403 D CallManager: 🔊 WebRTC state changed: CONNECTING
02-08 04:38:51.598 13403 13403 D CallManager: ═══════════════════════════════════════════════════
02-08 04:38:51.598 13403 13403 D CallManager: 🔒 tryConsumeMatch() CALLED
02-08 04:38:51.598 13403 13403 D CallManager:    Thread: main
02-08 04:38:51.598 13403 13403 D CallManager:    Current _matchConsumed.value: false
02-08 04:38:51.598 13403 13403 D CallManager:    Current matchInfo: dbc9231d-e9f2-45d4-8380-88fb32301e78
02-08 04:38:51.599 13403 13403 D CallManager:    [INSIDE LOCK] Checking consumed state...
02-08 04:38:51.599 13403 13403 D CallManager:    ✓ Match consumed successfully - returning true
02-08 04:38:51.599 13403 13403 D CallManager: ═══════════════════════════════════════════════════
02-08 04:38:51.607 13403 13454 D CallManager: 📤 Sending OFFER for call dbc9231d-e9f2-45d4-8380-88fb32301e78
02-08 04:38:51.617 13403 13962 D WebRTCManager: ICE gathering state: GATHERING
02-08 04:38:51.646 13403 13962 D WebRTCManager: Local ICE candidate: 0
02-08 04:38:51.647 13403 13962 D WebRTCManager: Local ICE candidate: 0
02-08 04:38:51.648 13403 13962 D WebRTCManager: Local ICE candidate: 0
02-08 04:38:51.708 13403 13962 D WebRTCManager: Local ICE candidate: 0
02-08 04:38:51.733 13403 13454 D CallManager: 📤 Sending ICE candidate for call dbc9231d-e9f2-45d4-8380-88fb32301e78
02-08 04:38:51.734 13403 13454 D CallManager: 📤 Sending ICE candidate for call dbc9231d-e9f2-45d4-8380-88fb32301e78
02-08 04:38:51.735 13403 13453 D CallManager: 📨 [MessageCollector] Received: WebRtcAnswer
02-08 04:38:51.735 13403 13453 D CallManager: 📩 Processing message: WebRtcAnswer
02-08 04:38:51.735 13403 13453 D CallManager: 📥 Received WebRTC ANSWER, sdp length: 1134
02-08 04:38:51.735 13403 13453 D WebRTCManager: ═══════════════════════════════════════════════════
02-08 04:38:51.735 13403 13453 D WebRTCManager: 📥 setRemoteDescription CALLED
02-08 04:38:51.735 13403 13453 D WebRTCManager:    Thread: DefaultDispatcher-worker-1
02-08 04:38:51.735 13403 13453 D WebRTCManager:    isAnswer: true
02-08 04:38:51.735 13403 13454 D CallManager: 📤 Sending ICE candidate for call dbc9231d-e9f2-45d4-8380-88fb32301e78
02-08 04:38:51.735 13403 13453 D WebRTCManager:    sdp.type: ANSWER
02-08 04:38:51.735 13403 13453 D WebRTCManager:    sdp.description length: 1134
02-08 04:38:51.735 13403 13453 D WebRTCManager:    hasRemoteDescriptionBeenSet: false
02-08 04:38:51.735 13403 13453 D WebRTCManager:    peerConnection: true
02-08 04:38:51.735 13403 13453 D WebRTCManager:    ✓ Set hasRemoteDescriptionBeenSet = true
02-08 04:38:51.737 13403 13962 D WebRTCManager: Signaling state: STABLE
02-08 04:38:51.738 13403 13454 D CallManager: 📤 Sending ICE candidate for call dbc9231d-e9f2-45d4-8380-88fb32301e78
02-08 04:38:51.789 13403 13962 D WebRTCManager: ═══════════════════════════════════════════════════
02-08 04:38:51.789 13403 13962 D WebRTCManager: 🔗 ICE connection state: CHECKING
02-08 04:38:51.789 13403 13962 D WebRTCManager:    🔍 ICE checking - attempting to connect...
02-08 04:38:51.789 13403 13962 D WebRTCManager: ═══════════════════════════════════════════════════
02-08 04:38:51.790 13403 14003 D WebRTCManager: ═══════════════════════════════════════════════════
02-08 04:38:51.790 13403 14003 D WebRTCManager: 🔊 AUDIO TRACK STARTED - Remote audio playback beginning!
02-08 04:38:51.790 13403 14003 D WebRTCManager: ═══════════════════════════════════════════════════
02-08 04:38:51.791 13403 13962 D WebRTCManager: ═══════════════════════════════════════════════════
02-08 04:38:51.791 13403 13962 D WebRTCManager: 🔊 onTrack - TRANSCEIVER RECEIVED!
02-08 04:38:51.791 13403 13962 D WebRTCManager:    Thread: signaling_threa - 13962
02-08 04:38:51.791 13403 13962 D WebRTCManager:    transceiver: true
02-08 04:38:51.791 13403 13962 D WebRTCManager:    mediaType: MEDIA_TYPE_AUDIO
02-08 04:38:51.791 13403 13962 D WebRTCManager:    direction: SEND_RECV
02-08 04:38:51.791 13403 13962 D WebRTCManager:    mid: 0
02-08 04:38:51.791 13403 13962 D WebRTCManager:    currentDirection: SEND_RECV
02-08 04:38:51.791 13403 13962 D WebRTCManager:    isStopped: false
02-08 04:38:51.792 13403 13962 D WebRTCManager:    This is an AUDIO transceiver
02-08 04:38:51.792 13403 13962 D WebRTCManager:    Receiver track: kind=audio, id=31174148-01dc-48c1-b9e8-6cc701bbbd8d, enabled=true
02-08 04:38:51.792 13403 13962 D WebRTCManager:    ✅ Remote audio track from transceiver ENABLED!
02-08 04:38:51.792 13403 13962 D WebRTCManager:    Track state: LIVE
02-08 04:38:51.792 13403 13962 D WebRTCManager:    Track enabled: true
02-08 04:38:51.792 13403 13962 D WebRTCManager:    Sender track (local): kind=audio, id=audio0, enabled=true
02-08 04:38:51.792 13403 13962 D WebRTCManager: ═══════════════════════════════════════════════════
02-08 04:38:51.792 13403 13962 D WebRTCManager: ═══════════════════════════════════════════════════
02-08 04:38:51.792 13403 13962 D WebRTCManager: 🔊 onAddTrack - REMOTE TRACK ADDED!
02-08 04:38:51.793 13403 13962 D WebRTCManager:    Thread: signaling_threa - 13962
02-08 04:38:51.793 13403 13962 D WebRTCManager:    receiver: true
02-08 04:38:51.793 13403 13962 D WebRTCManager:    receiver.track: org.webrtc.AudioTrack@1d6e995
02-08 04:38:51.793 13403 13962 D WebRTCManager:    receiver.track kind: audio
02-08 04:38:51.793 13403 13962 D WebRTCManager:    receiver.track id: 31174148-01dc-48c1-b9e8-6cc701bbbd8d
02-08 04:38:51.793 13403 13962 D WebRTCManager:    receiver.track enabled: true
02-08 04:38:51.793 13403 13962 D WebRTCManager:    streams count: 1
02-08 04:38:51.793 13403 13962 D WebRTCManager:    Processing track: kind=audio, id=31174148-01dc-48c1-b9e8-6cc701bbbd8d
02-08 04:38:51.793 13403 13962 D WebRTCManager:    ✅ Remote audio track ENABLED for playback!
02-08 04:38:51.793 13403 13962 D WebRTCManager:    remoteAudioTrack.id: 31174148-01dc-48c1-b9e8-6cc701bbbd8d
02-08 04:38:51.793 13403 13962 D WebRTCManager:    remoteAudioTrack.enabled: true
02-08 04:38:51.793 13403 13962 D WebRTCManager:    remoteAudioTrack.state: LIVE
02-08 04:38:51.793 13403 13962 D WebRTCManager:    Current audio state:
02-08 04:38:51.794 13403 13962 D WebRTCManager:    - Mode: 3
02-08 04:38:51.795 13403 13962 D WebRTCManager:    - Speakerphone: false
02-08 04:38:51.804 13403 13962 D WebRTCManager:    - Voice call volume: 9
02-08 04:38:51.805 13403 13962 D WebRTCManager:    Stream ID: stream0
02-08 04:38:51.805 13403 13962 D WebRTCManager:    Audio tracks in stream: 1
02-08 04:38:51.805 13403 13962 D WebRTCManager:    Audio track [0]: id=31174148-01dc-48c1-b9e8-6cc701bbbd8d, enabled=true
02-08 04:38:51.805 13403 13962 D WebRTCManager: ═══════════════════════════════════════════════════
02-08 04:38:51.805 13403 13962 D WebRTCManager: ═══════════════════════════════════════════════════
02-08 04:38:51.805 13403 13962 D WebRTCManager: 📥 onAddStream - REMOTE STREAM ADDED!
02-08 04:38:51.805 13403 13962 D WebRTCManager:    stream: true
02-08 04:38:51.805 13403 13962 D WebRTCManager:    stream.id: stream0
02-08 04:38:51.805 13403 13962 D WebRTCManager:    audioTracks count: 1
02-08 04:38:51.806 13403 13962 D WebRTCManager:    videoTracks count: 0
02-08 04:38:51.806 13403 13962 D WebRTCManager:    Audio track[0]: id=31174148-01dc-48c1-b9e8-6cc701bbbd8d, enabled=true, state=LIVE
02-08 04:38:51.806 13403 13962 D WebRTCManager:    Audio track[0] ENABLED: true
02-08 04:38:51.806 13403 13962 D WebRTCManager: ═══════════════════════════════════════════════════
02-08 04:38:51.806 13403 13962 D WebRTCManager:    ✅ Remote description set successfully!
02-08 04:38:51.806 13403 13962 D WebRTCManager:    isAnswer: true
02-08 04:38:51.806 13403 13453 D WebRTCManager: ═══════════════════════════════════════════════════
02-08 04:38:51.806 13403 13962 D WebRTCManager: Local ICE candidate: 0
02-08 04:38:51.807 13403 13962 D WebRTCManager: Local ICE candidate: 0
02-08 04:38:51.807 13403 13962 D WebRTCManager: Local ICE candidate: 0
02-08 04:38:51.808 13403 13453 D CallManager: 📤 Sending ICE candidate for call dbc9231d-e9f2-45d4-8380-88fb32301e78
02-08 04:38:51.810 13403 13453 D CallManager: 📤 Sending ICE candidate for call dbc9231d-e9f2-45d4-8380-88fb32301e78
02-08 04:38:51.811 13403 13453 D CallManager: 📤 Sending ICE candidate for call dbc9231d-e9f2-45d4-8380-88fb32301e78
02-08 04:38:51.858 13403 13454 D CallManager: 📨 [MessageCollector] Received: IceCandidate
02-08 04:38:51.859 13403 13454 D CallManager: 📩 Processing message: IceCandidate
02-08 04:38:51.859 13403 13454 D CallManager: 📥 Received ICE candidate: candidate:655551136 1 udp 2122260223 192.168.1.183...
02-08 04:38:51.859 13403 13454 D WebRTCManager: Remote ICE candidate added
02-08 04:38:51.860 13403 13454 D CallManager: 📨 [MessageCollector] Received: IceCandidate
02-08 04:38:51.860 13403 13454 D CallManager: 📩 Processing message: IceCandidate
02-08 04:38:51.860 13403 13454 D CallManager: 📥 Received ICE candidate: candidate:1045707005 1 udp 2121998079 127.0.0.1 56...
02-08 04:38:51.860 13403 13454 D WebRTCManager: Remote ICE candidate added
02-08 04:38:51.863 13403 13457 D CallManager: 📨 [MessageCollector] Received: IceCandidate
02-08 04:38:51.863 13403 13457 D CallManager: 📩 Processing message: IceCandidate
02-08 04:38:51.863 13403 13457 D CallManager: 📥 Received ICE candidate: candidate:323873830 1 udp 2122071295 ::1 59241 typ...
02-08 04:38:51.863 13403 13457 D WebRTCManager: Remote ICE candidate added
02-08 04:38:51.864 13403 13457 D CallManager: 📨 [MessageCollector] Received: IceCandidate
02-08 04:38:51.864 13403 13457 D CallManager: 📩 Processing message: IceCandidate
02-08 04:38:51.865 13403 13457 D CallManager: 📥 Received ICE candidate: candidate:235170149 1 udp 1686052607 154.159.237.6...
02-08 04:38:51.866 13403 13457 D WebRTCManager: Remote ICE candidate added
02-08 04:38:51.890 13403 13457 D CallManager: 📨 [MessageCollector] Received: IceCandidate
02-08 04:38:51.890 13403 13457 D CallManager: 📩 Processing message: IceCandidate
02-08 04:38:51.891 13403 13457 D CallManager: 📥 Received ICE candidate: candidate:3526425323 1 tcp 1518214911 10.43.174.17...
02-08 04:38:51.892 13403 13457 D WebRTCManager: Remote ICE candidate added
02-08 04:38:51.951 13403 13457 D CallManager: 📨 [MessageCollector] Received: IceCandidate
02-08 04:38:51.952 13403 13457 D CallManager: 📩 Processing message: IceCandidate
02-08 04:38:51.952 13403 13457 D CallManager: 📥 Received ICE candidate: candidate:2622973438 1 tcp 1518149375 10.0.132.80 ...
02-08 04:38:51.953 13403 13457 D WebRTCManager: Remote ICE candidate added
02-08 04:38:51.954 13403 13457 D CallManager: 📨 [MessageCollector] Received: IceCandidate
02-08 04:38:51.955 13403 13457 D CallManager: 📩 Processing message: IceCandidate
02-08 04:38:51.955 13403 13457 D CallManager: 📥 Received ICE candidate: candidate:1083955813 1 tcp 1518018303 127.0.0.1 54...
02-08 04:38:51.956 13403 13457 D WebRTCManager: Remote ICE candidate added
02-08 04:38:51.957 13403 13457 D CallManager: 📨 [MessageCollector] Received: IceCandidate
02-08 04:38:51.957 13403 13457 D CallManager: 📩 Processing message: IceCandidate
02-08 04:38:51.957 13403 13457 D CallManager: 📥 Received ICE candidate: candidate:1837239998 1 tcp 1518091519 ::1 50583 ty...
02-08 04:38:51.957 13403 13457 D WebRTCManager: Remote ICE candidate added
02-08 04:38:52.093 13403 13962 D WebRTCManager: ═══════════════════════════════════════════════════
02-08 04:38:52.093 13403 13962 D WebRTCManager: 🔗 ICE connection state: CONNECTED
02-08 04:38:52.093 13403 13962 D WebRTCManager:    ✅ ICE CONNECTED - WebRTC call established!
02-08 04:38:52.094 13403 13962 D WebRTCManager:    🔊 Re-applying audio configuration (WebRTC resets it)...
02-08 04:38:52.095 13403 13962 D WebRTCManager:    forceAudioModeForCall: current mode = 3
02-08 04:38:52.095 13403 13403 D CallManager: 🔊 WebRTC state changed: CONNECTED
