02-08 04:27:21.014  9903 11422 D WebRTCManager:    stream: true
02-08 04:27:21.014  9903 11422 D WebRTCManager:    stream.id: stream0
02-08 04:27:21.014  9903 11422 D WebRTCManager:    audioTracks count: 1
02-08 04:27:21.014  9903 11422 D WebRTCManager:    videoTracks count: 0
02-08 04:27:21.014  9903 11422 D WebRTCManager:    Audio track[0]: id=0b9beceb-d924-4369-a68b-4ed0cfe34465, enabled=true, state=LIVE
02-08 04:27:21.014  9903 11422 D WebRTCManager:    Audio track[0] ENABLED: true
02-08 04:27:21.014  9903 11422 D WebRTCManager: ═══════════════════════════════════════════════════
02-08 04:27:21.014  9903 11422 D WebRTCManager:    ✅ Remote description set successfully!
02-08 04:27:21.015  9903 11422 D WebRTCManager:    isAnswer: true
02-08 04:27:21.015  9903  9949 D WebRTCManager: ═══════════════════════════════════════════════════
02-08 04:27:21.015  9903  9949 D CallManager: 📨 [MessageCollector] Received: IceCandidate
02-08 04:27:21.016  9903  9949 D CallManager: 📩 Processing message: IceCandidate
02-08 04:27:21.016  9903  9949 D CallManager: 📥 Received ICE candidate: candidate:1944532382 1 udp 2122260223 192.168.1.18...
02-08 04:27:21.017  9903  9949 D WebRTCManager: Remote ICE candidate added
02-08 04:27:21.017  9903  9949 D CallManager: 📨 [MessageCollector] Received: IceCandidate
02-08 04:27:21.017  9903  9949 D CallManager: 📩 Processing message: IceCandidate
02-08 04:27:21.017  9903  9949 D CallManager: 📥 Received ICE candidate: candidate:1713659397 1 udp 2121998079 127.0.0.1 49...
02-08 04:27:21.018  9903  9949 D WebRTCManager: Remote ICE candidate added
02-08 04:27:21.019  9903  9949 D CallManager: 📨 [MessageCollector] Received: IceCandidate
02-08 04:27:21.019  9903  9949 D CallManager: 📩 Processing message: IceCandidate
02-08 04:27:21.019  9903  9949 D CallManager: 📥 Received ICE candidate: candidate:1997032589 1 udp 2122071295 ::1 42149 ty...
02-08 04:27:21.019  9903  9949 D WebRTCManager: Remote ICE candidate added
02-08 04:27:21.033  9903  9952 D CallManager: 📨 [MessageCollector] Received: IceCandidate
02-08 04:27:21.033  9903  9952 D CallManager: 📩 Processing message: IceCandidate
02-08 04:27:21.033  9903  9952 D CallManager: 📥 Received ICE candidate: candidate:2562725154 1 udp 1686052607 154.159.237....
02-08 04:27:21.034  9903  9952 D WebRTCManager: Remote ICE candidate added
02-08 04:27:21.084  9903  9952 D CallManager: 📨 [MessageCollector] Received: IceCandidate
02-08 04:27:21.084  9903  9952 D CallManager: 📩 Processing message: IceCandidate
02-08 04:27:21.085  9903  9952 D CallManager: 📥 Received ICE candidate: candidate:2451345302 1 tcp 1518214911 10.43.174.17...
02-08 04:27:21.085  9903  9952 D WebRTCManager: Remote ICE candidate added
02-08 04:27:21.086  9903  9952 D CallManager: 📨 [MessageCollector] Received: IceCandidate
02-08 04:27:21.087  9903  9952 D CallManager: 📩 Processing message: IceCandidate
02-08 04:27:21.087  9903  9952 D CallManager: 📥 Received ICE candidate: candidate:4287565026 1 tcp 1518149375 10.0.132.80 ...
02-08 04:27:21.088  9903  9952 D WebRTCManager: Remote ICE candidate added
02-08 04:27:21.089  9903  9952 D CallManager: 📨 [MessageCollector] Received: IceCandidate
02-08 04:27:21.089  9903  9952 D CallManager: 📩 Processing message: IceCandidate
02-08 04:27:21.089  9903  9952 D CallManager: 📥 Received ICE candidate: candidate:2559478417 1 tcp 1518018303 127.0.0.1 56...
02-08 04:27:21.090  9903  9952 D WebRTCManager: Remote ICE candidate added
02-08 04:27:21.147  9903  9948 D CallManager: 📨 [MessageCollector] Received: IceCandidate
02-08 04:27:21.147  9903  9948 D CallManager: 📩 Processing message: IceCandidate
02-08 04:27:21.148  9903  9948 D CallManager: 📥 Received ICE candidate: candidate:2309134361 1 tcp 1518091519 ::1 60531 ty...
02-08 04:27:21.149  9903  9948 D WebRTCManager: Remote ICE candidate added
02-08 04:27:21.279  9903 11422 D WebRTCManager: ═══════════════════════════════════════════════════
02-08 04:27:21.279  9903 11422 D WebRTCManager: 🔗 ICE connection state: CONNECTED
02-08 04:27:21.279  9903 11422 D WebRTCManager:    ✅ ICE CONNECTED - WebRTC call established!
02-08 04:27:21.281  9903 11422 D WebRTCManager:    🔊 Re-applying audio configuration (WebRTC resets it)...
02-08 04:27:21.283  9903 11422 D WebRTCManager:    forceAudioModeForCall: current mode = 3
02-08 04:27:21.286  9903 11422 D WebRTCManager:    ✅ Audio mode confirmed: MODE_IN_COMMUNICATION
02-08 04:27:21.286  9903 11422 D WebRTCManager:    ─────────────────────────────────────────────
02-08 04:27:21.286  9903 11422 D WebRTCManager:    AUDIO VERIFICATION ON ICE CONNECTED:
02-08 04:27:21.286  9903 11422 D WebRTCManager:    Local audio track: true
02-08 04:27:21.287  9903 11422 D WebRTCManager:    Local audio enabled: true
02-08 04:27:21.287  9903  9903 D CallManager: 🔊 WebRTC state changed: CONNECTED
02-08 04:27:21.287  9903 11422 D WebRTCManager:    Remote audio track: true
02-08 04:27:21.287  9903  9903 D CallManager: 🔊 WebRTC CONNECTED - verifying audio setup...
02-08 04:27:21.287  9903 11422 D WebRTCManager:    Remote audio enabled: true
02-08 04:27:21.287  9903 11422 D WebRTCManager:    Transceiver[0]:
02-08 04:27:21.287  9903 11422 D WebRTCManager:      - mediaType: MEDIA_TYPE_AUDIO
02-08 04:27:21.288  9903 11422 D WebRTCManager:      - direction: SEND_RECV
02-08 04:27:21.288  9903 11422 D WebRTCManager:      - currentDirection: SEND_RECV
02-08 04:27:21.288  9903 11422 D WebRTCManager:      - mid: 0
02-08 04:27:21.288  9903 11422 D WebRTCManager:      - Receiver track: kind=audio, enabled=true, state=LIVE
02-08 04:27:21.288  9903 11422 D WebRTCManager:      - Sender track: kind=audio, enabled=true, state=LIVE
02-08 04:27:21.288  9903 11422 D WebRTCManager:    AudioManager state AFTER force:
02-08 04:27:21.289  9903 11422 D WebRTCManager:    - Mode: 3 (3=IN_COMMUNICATION)
02-08 04:27:21.290  9903 11422 D WebRTCManager:    - Speakerphone: true
02-08 04:27:21.291  9903 11422 D WebRTCManager:    - Mic muted: false
02-08 04:27:21.292  9903 11422 D WebRTCManager:    - Voice volume: 11
02-08 04:27:21.292  9903 11422 D WebRTCManager:    ─────────────────────────────────────────────
02-08 04:27:21.292  9903 11422 D WebRTCManager: ═══════════════════════════════════════════════════
02-08 04:27:21.398  9903 11481 D WebRTCManager: ═══════════════════════════════════════════════════
02-08 04:27:21.398  9903 11481 D WebRTCManager: 🎤 AUDIO RECORD STARTED - Microphone capture beginning!
02-08 04:27:21.398  9903 11481 D WebRTCManager: ═══════════════════════════════════════════════════
02-08 04:27:21.787  9903  9903 D WebRTCManager: ═══════════════════════════════════════════════════
02-08 04:27:21.787  9903  9903 D WebRTCManager: 🔍 VERIFYING AUDIO SETUP
02-08 04:27:21.788  9903  9903 D WebRTCManager:    ✅ Local audio track OK
02-08 04:27:21.788  9903  9903 D WebRTCManager:    ✅ Remote audio track OK
02-08 04:27:21.789  9903  9903 D WebRTCManager:    ✅ Audio mode OK
02-08 04:27:21.790  9903  9903 D WebRTCManager:    ✅ Voice call volume OK: 11
02-08 04:27:21.790  9903  9903 D WebRTCManager:    Result: ✅ AUDIO SETUP VALID
02-08 04:27:21.790  9903  9903 D WebRTCManager: ═══════════════════════════════════════════════════
02-08 04:27:21.790  9903  9903 D WebRTCManager: ═══════════════════════════════════════════════════
02-08 04:27:21.790  9903  9903 D WebRTCManager: 📊 WEBRTC STATS DEBUG
02-08 04:27:21.790  9903  9903 D WebRTCManager:    State: CONNECTED
02-08 04:27:21.791  9903  9903 D WebRTCManager:    Local audio track: audio0, enabled=true
02-08 04:27:21.791  9903  9903 D WebRTCManager:    Remote audio track: 0b9beceb-d924-4369-a68b-4ed0cfe34465, enabled=true
02-08 04:27:21.791  9903  9903 D WebRTCManager:    Muted: false
02-08 04:27:21.792  9903  9903 D WebRTCManager:    Transceiver[0]:
02-08 04:27:21.792  9903  9903 D WebRTCManager:      - Type: MEDIA_TYPE_AUDIO
02-08 04:27:21.793  9903  9903 D WebRTCManager:      - Direction: SEND_RECV
02-08 04:27:21.793  9903  9903 D WebRTCManager:      - Current direction: SEND_RECV
02-08 04:27:21.794  9903  9903 D WebRTCManager:      - Stopped: false
02-08 04:27:21.794  9903  9903 D WebRTCManager:      - Sender track: audio, enabled=true
02-08 04:27:21.794  9903  9903 D WebRTCManager:      - Receiver track: audio, enabled=true
02-08 04:27:21.794  9903  9903 D WebRTCManager:    AudioManager:
02-08 04:27:21.796  9903  9903 D WebRTCManager:      - Mode: 3
02-08 04:27:21.796  9903  9903 D WebRTCManager:      - Speakerphone: true
02-08 04:27:21.797  9903  9903 D WebRTCManager:      - Microphone muted: false
02-08 04:27:21.797  9903  9903 D WebRTCManager:      - Voice call volume: 11
02-08 04:27:21.798  9903  9903 D WebRTCManager:      - Music volume: 13
02-08 04:27:21.798  9903  9903 D WebRTCManager: ═══════════════════════════════════════════════════
02-08 04:29:14.518  9903  9948 D CallManager: 📨 [MessageCollector] Received: CallEnded
02-08 04:29:14.518  9903  9948 D CallManager: 📩 Processing message: CallEnded
02-08 04:29:14.519  9903  9948 D CallManager: 📞 Call ended: becdffcb-fca8-4c70-aff0-98c05bcdf1f8, reason: ended
02-08 04:29:14.523  9903  9948 D WebRTCManager: ═══════════════════════════════════════════════════
02-08 04:29:14.524  9903  9948 D WebRTCManager: 🛑 Closing WebRTC connection
02-08 04:29:14.524  9903  9948 D WebRTCManager:    Final state:
02-08 04:29:14.524  9903  9948 D WebRTCManager:    - Local audio track: true, enabled=true
02-08 04:29:14.525  9903  9948 D WebRTCManager:    - Remote audio track: true, enabled=true
02-08 04:29:14.526  9903  9948 D WebRTCManager:    - Connection state: CONNECTED
02-08 04:29:14.534  9903  9948 D WebRTCManager: Audio configuration restored
02-08 04:29:14.805  9903 11481 D WebRTCManager: ═══════════════════════════════════════════════════
02-08 04:29:14.805  9903 11481 D WebRTCManager: 🎤 AUDIO RECORD STOPPED - Microphone capture ended!
02-08 04:29:14.805  9903 11481 D WebRTCManager: ═══════════════════════════════════════════════════
02-08 04:29:14.817  9903 11422 D WebRTCManager: ═══════════════════════════════════════════════════
02-08 04:29:14.817  9903 11422 D WebRTCManager: 🔗 ICE connection state: DISCONNECTED
02-08 04:29:14.817  9903 11422 W WebRTCManager:    ⚠️ ICE DISCONNECTED
02-08 04:29:14.817  9903 11422 D WebRTCManager: ═══════════════════════════════════════════════════
02-08 04:29:14.819  9903 11422 D WebRTCManager: ═══════════════════════════════════════════════════
02-08 04:29:14.819  9903 11422 D WebRTCManager: 🔗 ICE connection state: CLOSED
02-08 04:29:14.819  9903 11422 D WebRTCManager:    🚫 ICE CLOSED
02-08 04:29:14.819  9903 11422 D WebRTCManager: ═══════════════════════════════════════════════════
02-08 04:29:14.819  9903 11422 D WebRTCManager: Signaling state: CLOSED
02-08 04:29:14.838  9903 11421 D WebRTCManager: ═══════════════════════════════════════════════════
02-08 04:29:14.838  9903 11421 D WebRTCManager: 🔇 AUDIO TRACK STOPPED - Remote audio playback ended!
02-08 04:29:14.838  9903 11421 D WebRTCManager: ═══════════════════════════════════════════════════
02-08 04:29:14.844  9903  9948 D WebRTCManager: ═══════════════════════════════════════════════════
02-08 04:36:28.191 13403 13403 D WebRTCManager: ═══════════════════════════════════════════════════
02-08 04:36:28.191 13403 13403 D WebRTCManager: 🏭 INITIALIZING PeerConnectionFactory (ONCE)
02-08 04:36:28.191 13403 13403 D WebRTCManager:    Thread: main
02-08 04:36:28.207 13403 13403 D WebRTCManager:    ✓ PeerConnectionFactory initialized successfully
02-08 04:36:28.207 13403 13403 D WebRTCManager: ═══════════════════════════════════════════════════
02-08 04:36:28.224 13403 13403 D CallManager: ═══════════════════════════════════════════════════
02-08 04:36:28.224 13403 13403 D CallManager: 🚀 initialize() CALLED
02-08 04:36:28.224 13403 13403 D CallManager:    Thread: main
02-08 04:36:28.224 13403 13403 D CallManager:    isInitialized: false
02-08 04:36:28.224 13403 13403 D CallManager:    ✓ Set isInitialized = true
02-08 04:36:28.224 13403 13403 D CallManager:    ✓ appContext set
02-08 04:36:28.224 13403 13403 D CallManager:    Existing userId from prefs: 2099046b-47f5-47a8-86d5-e65033dd8059
02-08 04:36:28.224 13403 13403 D CallManager:    📱 Final User ID: 2099046b-47f5-47a8-86d5-e65033dd8059
02-08 04:36:28.224 13403 13403 D CallManager:    🔌 Connecting to signaling server...
02-08 04:36:28.280 13403 13403 D CallManager:    ✓ signalingClient.connect() called
02-08 04:36:28.280 13403 13403 D CallManager:    📨 Starting message collector coroutine...
02-08 04:36:28.287 13403 13403 D CallManager:    🔌 Starting connection state collector coroutine...
02-08 04:36:28.289 13403 13403 D CallManager:    ✅ All collector coroutines launched
02-08 04:36:28.289 13403 13403 D CallManager: ═══════════════════════════════════════════════════
02-08 04:36:28.290 13403 13453 D CallManager:    [MessageCollector] Coroutine started
02-08 04:36:28.294 13403 13454 D CallManager:    [ConnectionStateCollector] Coroutine started
02-08 04:36:28.296 13403 13454 D CallManager: 🔌 [ConnectionStateCollector] State: CONNECTING
02-08 04:36:28.297 13403 13454 D CallManager:    currentCallId: null
02-08 04:36:28.297 13403 13454 D CallManager:    currentRole: null
02-08 04:36:28.297 13403 13454 D CallManager:    hasAutoRegistered: false
02-08 04:36:28.321 13403 13453 D CallManager: 🔌 [ConnectionStateCollector] State: CONNECTED
02-08 04:36:28.321 13403 13453 D CallManager:    currentCallId: null
02-08 04:36:28.321 13403 13453 D CallManager:    currentRole: null
02-08 04:36:28.321 13403 13453 D CallManager:    hasAutoRegistered: false
02-08 04:36:28.321 13403 13453 D CallManager:    📝 Registering as listener...
02-08 04:36:28.327 13403 13453 D CallManager:    ✓ register() called
02-08 04:36:28.327 13403 13453 D CallManager:    📡 Setting availability to true...
02-08 04:36:28.330 13403 13453 D CallManager:    ✅ Auto-registered as listener with availability ON
02-08 04:36:28.330 13403 13453 D CallManager:    🔑 Registering FCM token...
02-08 04:36:28.330 13403 13453 D CallManager: 🔑 registerFcmToken() called
02-08 04:36:28.330 13403 13453 D CallManager:    hasFcmTokenRegistered: false
02-08 04:36:28.330 13403 13453 D CallManager:    ✓ Set hasFcmTokenRegistered = true
02-08 04:36:28.343 13403 13454 D CallManager: 📨 [MessageCollector] Received: AvailabilityConfirmed
02-08 04:36:28.343 13403 13454 D CallManager: 📩 Processing message: AvailabilityConfirmed
02-08 04:36:28.343 13403 13454 D CallManager: ❓ Unhandled message type: AvailabilityConfirmed
02-08 04:36:28.368 13403 13454 D CallManager: 📨 [MessageCollector] Received: Connected
02-08 04:36:28.368 13403 13454 D CallManager: 📩 Processing message: Connected
02-08 04:36:28.368 13403 13454 D CallManager: 🔗 Connected with client ID: anon_9d697bd1-5fdf-42d7-b2e8-3909749b6320
02-08 04:36:29.416 13403 13403 D CallManager: ═══════════════════════════════════════════════════
02-08 04:36:29.416 13403 13403 D CallManager: 🚀 initialize() CALLED
02-08 04:36:29.416 13403 13403 D CallManager:    Thread: main
02-08 04:36:29.416 13403 13403 D CallManager:    isInitialized: true
02-08 04:36:29.416 13403 13403 D CallManager:    ⚠️ Already initialized - returning early
02-08 04:36:29.417 13403 13403 D CallManager: ═══════════════════════════════════════════════════
02-08 04:36:29.417 13403 13403 D CallManager: ═══════════════════════════════════════════════════
02-08 04:36:29.417 13403 13403 D CallManager: 👂 setRoleListener() CALLED
02-08 04:36:29.417 13403 13403 D CallManager:    Thread: main
02-08 04:36:29.417 13403 13403 D CallManager:    available: true
02-08 04:36:29.417 13403 13403 D CallManager:    topics: []
02-08 04:36:29.417 13403 13403 D CallManager:    Current role: listener
02-08 04:36:29.417 13403 13403 D CallManager:    Current availability: true
02-08 04:36:29.417 13403 13403 D CallManager:    Connection state: CONNECTED
02-08 04:36:29.417 13403 13403 D CallManager:    roleChanged: false
02-08 04:36:29.417 13403 13403 D CallManager:    availabilityChanged: false
02-08 04:36:29.417 13403 13403 D CallManager:    ⚠️ No change needed - returning early
02-08 04:36:29.417 13403 13403 D CallManager: ═══════════════════════════════════════════════════
02-08 04:36:29.421 13403 13403 D CallManager:    ✓ Got FCM token: elX_hCRySM-KK7Jr_dW-...
02-08 04:36:52.533 13403 13403 D CallManager: Submitting share: Grief, Very Heavy, 10 min
02-08 04:36:52.589 13403 13453 D CallManager: 📨 [MessageCollector] Received: ShareSubmitted
02-08 04:36:52.589 13403 13453 D CallManager: 📩 Processing message: ShareSubmitted
02-08 04:36:52.589 13403 13453 D CallManager: 📝 Share submitted: 9b7c61cf-e063-43c2-8c9b-cedd3c7b4732, status: queued
02-08 04:36:54.021 13403 13456 D CallManager: 📨 [MessageCollector] Received: MatchMade
02-08 04:36:54.021 13403 13456 D CallManager: 📩 Processing message: MatchMade
02-08 04:36:54.021 13403 13456 D CallManager: ═══════════════════════════════════════════════════
02-08 04:36:54.021 13403 13456 D CallManager: 🎯 MATCH MADE RECEIVED!
02-08 04:36:54.021 13403 13456 D CallManager:    Thread: DefaultDispatcher-worker-4
02-08 04:36:54.021 13403 13456 D CallManager:    Call ID: db4d2252-9a3d-4785-b9cc-1d8fd58ae17c
02-08 04:36:54.021 13403 13456 D CallManager:    Role: sharer
02-08 04:36:54.021 13403 13456 D CallManager:    Duration: 10 min
02-08 04:36:54.022 13403 13456 D CallManager:    Topic: Grief
02-08 04:36:54.022 13403 13456 D CallManager:    Intent: quick question for me and I will be in the office tomorrow so I can 
02-08 04:36:54.022 13403 13456 D CallManager:    TURN servers: 2
02-08 04:36:54.022 13403 13456 D CallManager: ═══════════════════════════════════════════════════
02-08 04:36:54.022 13403 13456 D CallManager:    Step 1: Setting currentRole to 'sharer'
02-08 04:36:54.022 13403 13456 D CallManager:    ✓ currentRole is now: sharer
02-08 04:36:54.022 13403 13456 D CallManager:    Step 2: Setting matchConsumed to false
02-08 04:36:54.022 13403 13456 D CallManager:    Step 3: Setting currentCallId to 'db4d2252-9a3d-4785-b9cc-1d8fd58ae17c'
02-08 04:36:54.022 13403 13456 D CallManager:    Step 4: Clearing pendingShareId and incomingPreview
02-08 04:36:54.023 13403 13456 D CallManager:    Step 5: Updating call parameters
02-08 04:36:54.023 13403 13456 D CallManager:    Step 6: Setting matchInfo (THIS TRIGGERS NAVIGATION)
02-08 04:36:54.023 13403 13456 D CallManager:    ✓ matchInfo is now set
02-08 04:36:54.023 13403 13456 D CallManager: 📞 All state updated, now initializing WebRTC...
02-08 04:36:54.023 13403 13456 D CallManager:    TURN: [turn:localhost:3478]
02-08 04:36:54.023 13403 13456 D CallManager:    TURN: [stun:stun.l.google.com:19302]
02-08 04:36:54.023 13403 13456 D CallManager: 🎬 Step 7: Calling initializeWebRTC(isInitiator=true)
02-08 04:36:54.024 13403 13456 D CallManager: ═══════════════════════════════════════════════════
02-08 04:36:54.024 13403 13456 D CallManager: 🎬 initializeWebRTC CALLED
02-08 04:36:54.024 13403 13456 D CallManager:    Thread: DefaultDispatcher-worker-4
02-08 04:36:54.024 13403 13456 D CallManager:    isInitiator: true
02-08 04:36:54.024 13403 13456 D CallManager:    turnServers: 2
02-08 04:36:54.024 13403 13456 D CallManager:    callId: db4d2252-9a3d-4785-b9cc-1d8fd58ae17c
02-08 04:36:54.024 13403 13456 D CallManager:    isWebRTCInitializing: false
02-08 04:36:54.024 13403 13456 D CallManager:    lastInitializedCallId: null
02-08 04:36:54.024 13403 13456 D CallManager: ═══════════════════════════════════════════════════
02-08 04:36:54.024 13403 13456 D CallManager:    Set isWebRTCInitializing = true
02-08 04:36:54.024 13403 13456 D CallManager:    Cancelled previous WebRTC job
02-08 04:36:54.024 13403 13456 D CallManager:    Launching coroutine on Main thread...
02-08 04:36:54.026 13403 13456 D CallManager:    ✓ initializeWebRTC launched
02-08 04:36:54.026 13403 13403 D CallManager: 🔧 initializeWebRTC - NOW ON MAIN THREAD
02-08 04:36:54.026 13403 13403 D CallManager:    Thread: main
02-08 04:36:54.026 13403 13403 D CallManager: 🆕 Creating new WebRTCManager...
02-08 04:36:54.027 13403 13403 D WebRTCManager: ═══════════════════════════════════════════════════
02-08 04:36:54.027 13403 13403 D WebRTCManager: 🆕 WebRTCManager CONSTRUCTOR CALLED
02-08 04:36:54.027 13403 13403 D WebRTCManager:    Thread: main
02-08 04:36:54.027 13403 13403 D WebRTCManager: ═══════════════════════════════════════════════════
02-08 04:36:54.027 13403 13403 D WebRTCManager: PeerConnectionFactory already initialized
02-08 04:36:54.027 13403 13403 D WebRTCManager: 🏭 initializePeerConnectionFactory starting...
02-08 04:36:54.027 13403 13403 D WebRTCManager:    ⚠️ Voice anonymization TEMPORARILY DISABLED for debugging
02-08 04:36:54.051 13403 13403 D WebRTCManager:    ✅ JavaAudioDeviceModule created
02-08 04:36:54.051 13403 13403 D WebRTCManager:       - Hardware AEC enabled: true
02-08 04:36:54.051 13403 13403 D WebRTCManager:       - Hardware NS enabled: true
02-08 04:36:54.062 13403 13403 D WebRTCManager:    ✅ PeerConnectionFactory created (standard audio, no voice processing)
02-08 04:36:54.062 13403 13403 D WebRTCManager:    ✓ WebRTCManager constructor completed
02-08 04:36:54.063 13403 13403 D CallManager: 🔌 Creating peer connection...
02-08 04:36:54.063 13403 13403 D WebRTCManager: ═══════════════════════════════════════════════════
02-08 04:36:54.063 13403 13403 D WebRTCManager: 🔌 createPeerConnection CALLED
02-08 04:36:54.064 13403 13403 D WebRTCManager:    isInitiator: true
02-08 04:36:54.064 13403 13403 D WebRTCManager:    Role: SHARER (will create offer)
02-08 04:36:54.064 13403 13403 D WebRTCManager:    TURN servers: 2
02-08 04:36:54.064 13403 13403 D WebRTCManager:    - [turn:localhost:3478]
02-08 04:36:54.064 13403 13403 D WebRTCManager:    - [stun:stun.l.google.com:19302]
02-08 04:36:54.064 13403 13403 D WebRTCManager: ═══════════════════════════════════════════════════
02-08 04:36:54.064 13403 13403 D WebRTCManager: ═══════════════════════════════════════════════════
02-08 04:36:54.064 13403 13403 D WebRTCManager: 🔊 configureAudioForCall CALLED
02-08 04:36:54.067 13403 13403 D WebRTCManager:    Saved audio mode: 0, speakerphone: false
02-08 04:36:54.072 13403 13403 D WebRTCManager:    Set mode to MODE_IN_COMMUNICATION
02-08 04:36:54.078 13403 13403 D WebRTCManager:    Set speakerphone OFF (prevents echo)
02-08 04:36:54.172 13403 13403 D WebRTCManager:    Set VOICE_CALL volume to 9 / 11
02-08 04:36:54.177 13403 13403 D WebRTCManager:    Set MUSIC volume to 13 / 15 (fallback)
02-08 04:36:54.183 13403 13403 D WebRTCManager:    Audio focus request result: 1 (1=granted)
02-08 04:36:54.183 13403 13403 D WebRTCManager:    ─────────────────────────────────────────────
02-08 04:36:54.183 13403 13403 D WebRTCManager:    FINAL AUDIO STATE:
02-08 04:36:54.203 13403 13403 D WebRTCManager:    - Mode: 3 (3=MODE_IN_COMMUNICATION)
02-08 04:36:54.210 13403 13403 D WebRTCManager:    - Speakerphone: false
02-08 04:36:54.211 13403 13403 D WebRTCManager:    - Microphone muted: false
02-08 04:36:54.213 13403 13403 D WebRTCManager:    - Music active: false
02-08 04:36:54.270 13403 13403 D WebRTCManager:    - Voice call volume: 9
02-08 04:36:54.270 13403 13403 D WebRTCManager: ═══════════════════════════════════════════════════
02-08 04:36:54.272 13403 13403 D WebRTCManager:    ICE servers built: 3
02-08 04:36:54.290 13403 13403 D WebRTCManager: ✅ PeerConnection created
02-08 04:36:54.290 13403 13403 D WebRTCManager: ═══════════════════════════════════════════════════
02-08 04:36:54.290 13403 13403 D WebRTCManager: 🎤 createLocalAudioTrack CALLED
02-08 04:36:54.290 13403 13403 D WebRTCManager:    Thread: main
02-08 04:36:54.290 13403 13403 D WebRTCManager:    peerConnectionFactory: true
02-08 04:36:54.290 13403 13403 D WebRTCManager:    peerConnection: true
02-08 04:36:54.290 13403 13403 D WebRTCManager:    ✓ Audio constraints created
02-08 04:36:54.292 13403 13403 D WebRTCManager:    audioSource created: true
02-08 04:36:54.293 13403 13403 D WebRTCManager:    localAudioTrack created: true
02-08 04:36:54.293 13403 13403 D WebRTCManager:    localAudioTrack enabled: true
02-08 04:36:54.294 13403 13605 D WebRTCManager: Renegotiation needed
02-08 04:36:54.296 13403 13403 D WebRTCManager:    Track added to peerConnection, sender: true
02-08 04:36:54.297 13403 13403 D WebRTCManager:    Sender track: audio
02-08 04:36:54.297 13403 13403 D WebRTCManager:    ─────────────────────────────────────────────
02-08 04:36:54.297 13403 13403 D WebRTCManager:    TRANSCEIVERS AFTER ADDING LOCAL TRACK:
02-08 04:36:54.299 13403 13403 D WebRTCManager:    Transceiver[0]:
02-08 04:36:54.300 13403 13403 D WebRTCManager:      - mediaType: MEDIA_TYPE_AUDIO
02-08 04:36:54.301 13403 13403 D WebRTCManager:      - direction: SEND_RECV
02-08 04:36:54.301 13403 13403 D WebRTCManager:      - currentDirection: null
02-08 04:36:54.302 13403 13403 D WebRTCManager:      - mid: null
02-08 04:36:54.302 13403 13403 D WebRTCManager:      - sender.track: audio
02-08 04:36:54.302 13403 13403 D WebRTCManager:      - receiver.track: audio
02-08 04:36:54.302 13403 13403 D WebRTCManager:    ─────────────────────────────────────────────
02-08 04:36:54.302 13403 13403 D WebRTCManager: ═══════════════════════════════════════════════════
02-08 04:36:54.302 13403 13403 D WebRTCManager: ✅ Local audio track created - THIS DEVICE CAN NOW TRANSMIT AUDIO
02-08 04:36:54.302 13403 13403 D WebRTCManager: 🔄 State set to CONNECTING
02-08 04:36:54.303 13403 13403 D WebRTCManager: 📤 Creating offer (we are initiator)
02-08 04:36:54.305 13403 13403 D WebRTCManager: PeerConnection created (initiator: true)
02-08 04:36:54.305 13403 13403 D CallManager: ✅ WebRTC initialized successfully, isInitiator: true
02-08 04:36:54.306 13403 13605 D WebRTCManager: ═══════════════════════════════════════════════════
02-08 04:36:54.306 13403 13605 D WebRTCManager: 📤 OFFER CREATED!
02-08 04:36:54.306 13403 13605 D WebRTCManager:    type: OFFER
02-08 04:36:54.306 13403 13605 D WebRTCManager:    description length: 1175
02-08 04:36:54.306 13403 13605 D WebRTCManager:    hasAudio: true
02-08 04:36:54.306 13403 13605 D WebRTCManager:    audioDirection: sendrecv
02-08 04:36:54.306 13403 13605 D WebRTCManager:    Transceivers at offer creation:
02-08 04:36:54.308 13403 13605 D WebRTCManager:      [0] type=MEDIA_TYPE_AUDIO, dir=SEND_RECV, mid=null
02-08 04:36:54.308 13403 13605 D WebRTCManager: ═══════════════════════════════════════════════════
02-08 04:36:54.311 13403 13605 D WebRTCManager: Signaling state: HAVE_LOCAL_OFFER
02-08 04:36:54.314 13403 13605 D WebRTCManager: Local description set
02-08 04:36:54.342 13403 13403 D CallManager: 🔊 WebRTC state changed: CONNECTING
02-08 04:36:54.344 13403 13403 D CallManager: ═══════════════════════════════════════════════════
02-08 04:36:54.344 13403 13403 D CallManager: 🔒 tryConsumeMatch() CALLED
02-08 04:36:54.344 13403 13403 D CallManager:    Thread: main
02-08 04:36:54.344 13403 13403 D CallManager:    Current _matchConsumed.value: false
02-08 04:36:54.344 13403 13403 D CallManager:    Current matchInfo: db4d2252-9a3d-4785-b9cc-1d8fd58ae17c
02-08 04:36:54.344 13403 13403 D CallManager:    [INSIDE LOCK] Checking consumed state...
02-08 04:36:54.344 13403 13403 D CallManager:    ✓ Match consumed successfully - returning true
02-08 04:36:54.344 13403 13403 D CallManager: ═══════════════════════════════════════════════════
02-08 04:36:54.383 13403 13605 D WebRTCManager: ICE gathering state: GATHERING
02-08 04:36:54.401 13403 13605 D WebRTCManager: Local ICE candidate: 0
02-08 04:36:54.408 13403 13605 D WebRTCManager: Local ICE candidate: 0
02-08 04:36:54.409 13403 13605 D WebRTCManager: Local ICE candidate: 0
02-08 04:36:54.461 13403 13605 D WebRTCManager: Local ICE candidate: 0
02-08 04:36:54.504 13403 13605 D WebRTCManager: Local ICE candidate: 0
02-08 04:36:54.505 13403 13605 D WebRTCManager: Local ICE candidate: 0
02-08 04:36:54.506 13403 13605 D WebRTCManager: Local ICE candidate: 0
02-08 04:36:54.629 13403 13453 D CallManager: 📤 Sending OFFER for call db4d2252-9a3d-4785-b9cc-1d8fd58ae17c
02-08 04:36:54.665 13403 13453 D CallManager: 📤 Sending ICE candidate for call db4d2252-9a3d-4785-b9cc-1d8fd58ae17c
02-08 04:36:54.667 13403 13453 D CallManager: 📤 Sending ICE candidate for call db4d2252-9a3d-4785-b9cc-1d8fd58ae17c
02-08 04:36:54.669 13403 13453 D CallManager: 📤 Sending ICE candidate for call db4d2252-9a3d-4785-b9cc-1d8fd58ae17c
02-08 04:36:54.671 13403 13453 D CallManager: 📤 Sending ICE candidate for call db4d2252-9a3d-4785-b9cc-1d8fd58ae17c
02-08 04:36:54.672 13403 13453 D CallManager: 📤 Sending ICE candidate for call db4d2252-9a3d-4785-b9cc-1d8fd58ae17c
02-08 04:36:54.674 13403 13453 D CallManager: 📤 Sending ICE candidate for call db4d2252-9a3d-4785-b9cc-1d8fd58ae17c
02-08 04:36:54.675 13403 13453 D CallManager: 📤 Sending ICE candidate for call db4d2252-9a3d-4785-b9cc-1d8fd58ae17c
02-08 04:36:55.024 13403 13453 D CallManager: 📨 [MessageCollector] Received: WebRtcAnswer
02-08 04:36:55.025 13403 13453 D CallManager: 📩 Processing message: WebRtcAnswer
02-08 04:36:55.025 13403 13453 D CallManager: 📥 Received WebRTC ANSWER, sdp length: 1135
02-08 04:36:55.025 13403 13453 D WebRTCManager: ═══════════════════════════════════════════════════
02-08 04:36:55.025 13403 13453 D WebRTCManager: 📥 setRemoteDescription CALLED
02-08 04:36:55.025 13403 13453 D WebRTCManager:    Thread: DefaultDispatcher-worker-1
02-08 04:36:55.025 13403 13453 D WebRTCManager:    isAnswer: true
02-08 04:36:55.025 13403 13453 D WebRTCManager:    sdp.type: ANSWER
02-08 04:36:55.025 13403 13453 D WebRTCManager:    sdp.description length: 1135
02-08 04:36:55.025 13403 13453 D WebRTCManager:    hasRemoteDescriptionBeenSet: false
02-08 04:36:55.025 13403 13453 D WebRTCManager:    peerConnection: true
02-08 04:36:55.025 13403 13453 D WebRTCManager:    ✓ Set hasRemoteDescriptionBeenSet = true
02-08 04:36:55.027 13403 13605 D WebRTCManager: Signaling state: STABLE
02-08 04:36:55.090 13403 13605 D WebRTCManager: ═══════════════════════════════════════════════════
02-08 04:36:55.091 13403 13605 D WebRTCManager: 🔗 ICE connection state: CHECKING
02-08 04:36:55.091 13403 13605 D WebRTCManager:    🔍 ICE checking - attempting to connect...
02-08 04:36:55.091 13403 13653 D WebRTCManager: ═══════════════════════════════════════════════════
02-08 04:36:55.091 13403 13653 D WebRTCManager: 🔊 AUDIO TRACK STARTED - Remote audio playback beginning!
02-08 04:36:55.091 13403 13653 D WebRTCManager: ═══════════════════════════════════════════════════
02-08 04:36:55.091 13403 13605 D WebRTCManager: ═══════════════════════════════════════════════════
02-08 04:36:55.092 13403 13605 D WebRTCManager: ═══════════════════════════════════════════════════
02-08 04:36:55.092 13403 13605 D WebRTCManager: 🔊 onTrack - TRANSCEIVER RECEIVED!
02-08 04:36:55.092 13403 13605 D WebRTCManager:    Thread: signaling_threa - 13605
02-08 04:36:55.092 13403 13605 D WebRTCManager:    transceiver: true
02-08 04:36:55.092 13403 13605 D WebRTCManager:    mediaType: MEDIA_TYPE_AUDIO
02-08 04:36:55.092 13403 13605 D WebRTCManager:    direction: SEND_RECV
02-08 04:36:55.092 13403 13605 D WebRTCManager:    mid: 0
02-08 04:36:55.093 13403 13605 D WebRTCManager:    currentDirection: SEND_RECV
02-08 04:36:55.093 13403 13605 D WebRTCManager:    isStopped: false
02-08 04:36:55.093 13403 13605 D WebRTCManager:    This is an AUDIO transceiver
02-08 04:36:55.094 13403 13605 D WebRTCManager:    Receiver track: kind=audio, id=8439b83b-5765-4dd0-859e-52ec15b7ed13, enabled=true
02-08 04:36:55.094 13403 13605 D WebRTCManager:    ✅ Remote audio track from transceiver ENABLED!
02-08 04:36:55.094 13403 13605 D WebRTCManager:    Track state: LIVE
02-08 04:36:55.094 13403 13605 D WebRTCManager:    Track enabled: true
02-08 04:36:55.095 13403 13605 D WebRTCManager:    Sender track (local): kind=audio, id=audio0, enabled=true
02-08 04:36:55.095 13403 13605 D WebRTCManager: ═══════════════════════════════════════════════════
02-08 04:36:55.095 13403 13605 D WebRTCManager: ═══════════════════════════════════════════════════
02-08 04:36:55.096 13403 13605 D WebRTCManager: 🔊 onAddTrack - REMOTE TRACK ADDED!
02-08 04:36:55.096 13403 13605 D WebRTCManager:    Thread: signaling_threa - 13605
02-08 04:36:55.096 13403 13605 D WebRTCManager:    receiver: true
02-08 04:36:55.096 13403 13605 D WebRTCManager:    receiver.track: org.webrtc.AudioTrack@a502410
02-08 04:36:55.096 13403 13605 D WebRTCManager:    receiver.track kind: audio
02-08 04:36:55.096 13403 13605 D WebRTCManager:    receiver.track id: 8439b83b-5765-4dd0-859e-52ec15b7ed13
02-08 04:36:55.096 13403 13605 D WebRTCManager:    receiver.track enabled: true
02-08 04:36:55.096 13403 13605 D WebRTCManager:    streams count: 1
02-08 04:36:55.096 13403 13605 D WebRTCManager:    Processing track: kind=audio, id=8439b83b-5765-4dd0-859e-52ec15b7ed13
02-08 04:36:55.096 13403 13605 D WebRTCManager:    ✅ Remote audio track ENABLED for playback!
02-08 04:36:55.096 13403 13605 D WebRTCManager:    remoteAudioTrack.id: 8439b83b-5765-4dd0-859e-52ec15b7ed13
02-08 04:36:55.097 13403 13605 D WebRTCManager:    remoteAudioTrack.enabled: true
02-08 04:36:55.097 13403 13605 D WebRTCManager:    remoteAudioTrack.state: LIVE
02-08 04:36:55.097 13403 13605 D WebRTCManager:    Current audio state:
02-08 04:36:55.098 13403 13605 D WebRTCManager:    - Mode: 3
02-08 04:36:55.098 13403 13605 D WebRTCManager:    - Speakerphone: false
02-08 04:36:55.099 13403 13605 D WebRTCManager:    - Voice call volume: 9
02-08 04:36:55.100 13403 13605 D WebRTCManager:    Stream ID: stream0
02-08 04:36:55.100 13403 13605 D WebRTCManager:    Audio tracks in stream: 1
02-08 04:36:55.100 13403 13605 D WebRTCManager:    Audio track [0]: id=8439b83b-5765-4dd0-859e-52ec15b7ed13, enabled=true
02-08 04:36:55.100 13403 13605 D WebRTCManager: ═══════════════════════════════════════════════════
02-08 04:36:55.100 13403 13605 D WebRTCManager: ═══════════════════════════════════════════════════
02-08 04:36:55.100 13403 13605 D WebRTCManager: 📥 onAddStream - REMOTE STREAM ADDED!
02-08 04:36:55.101 13403 13605 D WebRTCManager:    stream: true
02-08 04:36:55.101 13403 13605 D WebRTCManager:    stream.id: stream0
02-08 04:36:55.101 13403 13605 D WebRTCManager:    audioTracks count: 1
02-08 04:36:55.101 13403 13605 D WebRTCManager:    videoTracks count: 0
02-08 04:36:55.101 13403 13605 D WebRTCManager:    Audio track[0]: id=8439b83b-5765-4dd0-859e-52ec15b7ed13, enabled=true, state=LIVE
02-08 04:36:55.101 13403 13605 D WebRTCManager:    Audio track[0] ENABLED: true
02-08 04:36:55.102 13403 13605 D WebRTCManager: ═══════════════════════════════════════════════════
02-08 04:36:55.102 13403 13605 D WebRTCManager:    ✅ Remote description set successfully!
02-08 04:36:55.102 13403 13605 D WebRTCManager:    isAnswer: true
02-08 04:36:55.102 13403 13453 D WebRTCManager: ═══════════════════════════════════════════════════
02-08 04:36:55.103 13403 13453 D CallManager: 📨 [MessageCollector] Received: IceCandidate
02-08 04:36:55.103 13403 13453 D CallManager: 📩 Processing message: IceCandidate
02-08 04:36:55.103 13403 13453 D CallManager: 📥 Received ICE candidate: candidate:3110760202 1 udp 2122260223 192.168.1.18...
02-08 04:36:55.104 13403 13453 D WebRTCManager: Remote ICE candidate added
02-08 04:36:55.137 13403 13457 D CallManager: 📨 [MessageCollector] Received: IceCandidate
02-08 04:36:55.137 13403 13457 D CallManager: 📩 Processing message: IceCandidate
02-08 04:36:55.137 13403 13457 D CallManager: 📥 Received ICE candidate: candidate:2896757905 1 udp 2121998079 127.0.0.1 56...
02-08 04:36:55.138 13403 13457 D WebRTCManager: Remote ICE candidate added
02-08 04:36:55.138 13403 13457 D CallManager: 📨 [MessageCollector] Received: IceCandidate
02-08 04:36:55.139 13403 13457 D CallManager: 📩 Processing message: IceCandidate
02-08 04:36:55.139 13403 13457 D CallManager: 📥 Received ICE candidate: candidate:3179615769 1 udp 2122071295 ::1 47899 ty...
02-08 04:36:55.139 13403 13457 D WebRTCManager: Remote ICE candidate added
02-08 04:36:55.139 13403 13457 D CallManager: 📨 [MessageCollector] Received: IceCandidate
02-08 04:36:55.139 13403 13457 D CallManager: 📩 Processing message: IceCandidate
02-08 04:36:55.139 13403 13457 D CallManager: 📥 Received ICE candidate: candidate:1380798390 1 udp 1686052607 154.159.237....
02-08 04:36:55.140 13403 13457 D WebRTCManager: Remote ICE candidate added
02-08 04:36:55.221 13403 13456 D CallManager: 📨 [MessageCollector] Received: IceCandidate
02-08 04:36:55.222 13403 13456 D CallManager: 📩 Processing message: IceCandidate
02-08 04:36:55.222 13403 13456 D CallManager: 📥 Received ICE candidate: candidate:1485952258 1 tcp 1518214911 10.43.174.17...
02-08 04:36:55.223 13403 13456 D WebRTCManager: Remote ICE candidate added
02-08 04:36:55.223 13403 13456 D CallManager: 📨 [MessageCollector] Received: IceCandidate
02-08 04:36:55.223 13403 13456 D CallManager: 📩 Processing message: IceCandidate
02-08 04:36:55.224 13403 13456 D CallManager: 📥 Received ICE candidate: candidate:889345654 1 tcp 1518149375 10.0.132.80 9...
02-08 04:36:55.224 13403 13456 D WebRTCManager: Remote ICE candidate added
02-08 04:36:55.225 13403 13456 D CallManager: 📨 [MessageCollector] Received: IceCandidate
02-08 04:36:55.225 13403 13456 D CallManager: 📩 Processing message: IceCandidate
02-08 04:36:55.225 13403 13456 D CallManager: 📥 Received ICE candidate: candidate:1375981573 1 tcp 1518018303 127.0.0.1 47...
02-08 04:36:55.226 13403 13456 D WebRTCManager: Remote ICE candidate added
02-08 04:36:55.226 13403 13456 D CallManager: 📨 [MessageCollector] Received: IceCandidate
02-08 04:36:55.227 13403 13456 D CallManager: 📩 Processing message: IceCandidate
02-08 04:36:55.227 13403 13456 D CallManager: 📥 Received ICE candidate: candidate:1127203469 1 tcp 1518091519 ::1 39527 ty...
02-08 04:36:55.227 13403 13456 D WebRTCManager: Remote ICE candidate added
02-08 04:36:55.359 13403 13605 D WebRTCManager: ═══════════════════════════════════════════════════
02-08 04:36:55.359 13403 13605 D WebRTCManager: 🔗 ICE connection state: CONNECTED
02-08 04:36:55.359 13403 13605 D WebRTCManager:    ✅ ICE CONNECTED - WebRTC call established!
02-08 04:36:55.360 13403 13605 D WebRTCManager:    🔊 Re-applying audio configuration (WebRTC resets it)...
02-08 04:36:55.361 13403 13605 D WebRTCManager:    forceAudioModeForCall: current mode = 3
02-08 04:36:55.362 13403 13605 D WebRTCManager:    ✅ Audio mode confirmed: MODE_IN_COMMUNICATION
02-08 04:36:55.362 13403 13605 D WebRTCManager:    ─────────────────────────────────────────────
02-08 04:36:55.362 13403 13605 D WebRTCManager:    AUDIO VERIFICATION ON ICE CONNECTED:
02-08 04:36:55.362 13403 13605 D WebRTCManager:    Local audio track: true
02-08 04:36:55.362 13403 13605 D WebRTCManager:    Local audio enabled: true
02-08 04:36:55.363 13403 13605 D WebRTCManager:    Remote audio track: true
02-08 04:36:55.363 13403 13605 D WebRTCManager:    Remote audio enabled: true
02-08 04:36:55.363 13403 13605 D WebRTCManager:    Transceiver[0]:
02-08 04:36:55.363 13403 13605 D WebRTCManager:      - mediaType: MEDIA_TYPE_AUDIO
02-08 04:36:55.363 13403 13605 D WebRTCManager:      - direction: SEND_RECV
02-08 04:36:55.364 13403 13605 D WebRTCManager:      - currentDirection: SEND_RECV
02-08 04:36:55.364 13403 13605 D WebRTCManager:      - mid: 0
02-08 04:36:55.364 13403 13605 D WebRTCManager:      - Receiver track: kind=audio, enabled=true, state=LIVE
02-08 04:36:55.364 13403 13605 D WebRTCManager:      - Sender track: kind=audio, enabled=true, state=LIVE
02-08 04:36:55.364 13403 13605 D WebRTCManager:    AudioManager state AFTER force:
02-08 04:36:55.365 13403 13605 D WebRTCManager:    - Mode: 3 (3=IN_COMMUNICATION)
02-08 04:36:55.366 13403 13605 D WebRTCManager:    - Speakerphone: false
02-08 04:36:55.366 13403 13605 D WebRTCManager:    - Mic muted: false
02-08 04:36:55.367 13403 13605 D WebRTCManager:    - Voice volume: 9
02-08 04:36:55.367 13403 13605 D WebRTCManager:    ─────────────────────────────────────────────
02-08 04:36:55.367 13403 13605 D WebRTCManager: ═══════════════════════════════════════════════════
02-08 04:36:55.410 13403 13403 D CallManager: 🔊 WebRTC state changed: CONNECTED
02-08 04:36:55.410 13403 13403 D CallManager: 🔊 WebRTC CONNECTED - verifying audio setup...
02-08 04:36:55.459 13403 13659 D WebRTCManager: ═══════════════════════════════════════════════════
02-08 04:36:55.459 13403 13659 D WebRTCManager: 🎤 AUDIO RECORD STARTED - Microphone capture beginning!
02-08 04:36:55.459 13403 13659 D WebRTCManager: ═══════════════════════════════════════════════════
02-08 04:36:55.941 13403 13403 D WebRTCManager: ═══════════════════════════════════════════════════
02-08 04:36:55.941 13403 13403 D WebRTCManager: 🔍 VERIFYING AUDIO SETUP
02-08 04:36:55.941 13403 13403 D WebRTCManager:    ✅ Local audio track OK
02-08 04:36:55.941 13403 13403 D WebRTCManager:    ✅ Remote audio track OK
02-08 04:36:55.943 13403 13403 D WebRTCManager:    ✅ Audio mode OK
02-08 04:36:55.944 13403 13403 D WebRTCManager:    ✅ Voice call volume OK: 9
02-08 04:36:55.944 13403 13403 D WebRTCManager:    Result: ✅ AUDIO SETUP VALID
02-08 04:36:55.944 13403 13403 D WebRTCManager: ═══════════════════════════════════════════════════
02-08 04:36:55.944 13403 13403 D WebRTCManager: ═══════════════════════════════════════════════════
02-08 04:36:55.944 13403 13403 D WebRTCManager: 📊 WEBRTC STATS DEBUG
02-08 04:36:55.944 13403 13403 D WebRTCManager:    State: CONNECTED
02-08 04:36:55.945 13403 13403 D WebRTCManager:    Local audio track: audio0, enabled=true
02-08 04:36:55.945 13403 13403 D WebRTCManager:    Remote audio track: 8439b83b-5765-4dd0-859e-52ec15b7ed13, enabled=true
02-08 04:36:55.945 13403 13403 D WebRTCManager:    Muted: false
02-08 04:36:55.946 13403 13403 D WebRTCManager:    Transceiver[0]:
02-08 04:36:55.946 13403 13403 D WebRTCManager:      - Type: MEDIA_TYPE_AUDIO
02-08 04:36:55.946 13403 13403 D WebRTCManager:      - Direction: SEND_RECV
02-08 04:36:55.946 13403 13403 D WebRTCManager:      - Current direction: SEND_RECV
02-08 04:36:55.946 13403 13403 D WebRTCManager:      - Stopped: false
02-08 04:36:55.946 13403 13403 D WebRTCManager:      - Sender track: audio, enabled=true
02-08 04:36:55.946 13403 13403 D WebRTCManager:      - Receiver track: audio, enabled=true
02-08 04:36:55.946 13403 13403 D WebRTCManager:    AudioManager:
02-08 04:36:55.947 13403 13403 D WebRTCManager:      - Mode: 3
02-08 04:36:55.947 13403 13403 D WebRTCManager:      - Speakerphone: false
02-08 04:36:55.948 13403 13403 D WebRTCManager:      - Microphone muted: false
02-08 04:36:55.948 13403 13403 D WebRTCManager:      - Voice call volume: 9
02-08 04:36:55.949 13403 13403 D WebRTCManager:      - Music volume: 13
02-08 04:36:55.949 13403 13403 D WebRTCManager: ═══════════════════════════════════════════════════
02-08 04:37:16.709 13403 13453 D CallManager: 📨 [MessageCollector] Received: CallEnded
02-08 04:37:16.709 13403 13453 D CallManager: 📩 Processing message: CallEnded
02-08 04:37:16.709 13403 13453 D CallManager: 📞 Call ended: db4d2252-9a3d-4785-b9cc-1d8fd58ae17c, reason: ended
02-08 04:37:16.715 13403 13453 D WebRTCManager: ═══════════════════════════════════════════════════
02-08 04:37:16.715 13403 13453 D WebRTCManager: 🛑 Closing WebRTC connection
02-08 04:37:16.715 13403 13453 D WebRTCManager:    Final state:
02-08 04:37:16.715 13403 13453 D WebRTCManager:    - Local audio track: true, enabled=true
02-08 04:37:16.715 13403 13453 D WebRTCManager:    - Remote audio track: true, enabled=true
02-08 04:37:16.716 13403 13453 D WebRTCManager:    - Connection state: CONNECTED
02-08 04:37:16.725 13403 13453 D WebRTCManager: Audio configuration restored
02-08 04:37:16.980 13403 13659 D WebRTCManager: ═══════════════════════════════════════════════════
02-08 04:37:16.980 13403 13659 D WebRTCManager: 🎤 AUDIO RECORD STOPPED - Microphone capture ended!
02-08 04:37:16.980 13403 13659 D WebRTCManager: ═══════════════════════════════════════════════════
02-08 04:37:16.988 13403 13605 D WebRTCManager: ═══════════════════════════════════════════════════
02-08 04:37:16.988 13403 13605 D WebRTCManager: 🔗 ICE connection state: DISCONNECTED
02-08 04:37:16.988 13403 13605 W WebRTCManager:    ⚠️ ICE DISCONNECTED
02-08 04:37:16.988 13403 13605 D WebRTCManager: ═══════════════════════════════════════════════════
02-08 04:37:16.990 13403 13605 D WebRTCManager: ═══════════════════════════════════════════════════
02-08 04:37:16.991 13403 13605 D WebRTCManager: 🔗 ICE connection state: CLOSED
02-08 04:37:16.991 13403 13605 D WebRTCManager:    🚫 ICE CLOSED
02-08 04:37:16.991 13403 13605 D WebRTCManager: ═══════════════════════════════════════════════════
02-08 04:37:16.991 13403 13605 D WebRTCManager: Signaling state: CLOSED
02-08 04:37:17.002 13403 13604 D WebRTCManager: ═══════════════════════════════════════════════════
02-08 04:37:17.002 13403 13604 D WebRTCManager: 🔇 AUDIO TRACK STOPPED - Remote audio playback ended!
02-08 04:37:17.002 13403 13604 D WebRTCManager: ═══════════════════════════════════════════════════
02-08 04:37:17.019 13403 13453 D WebRTCManager: ═══════════════════════════════════════════════════
02-08 04:37:34.279 13403 13453 D CallManager: 📨 [MessageCollector] Received: IncomingPreview
02-08 04:37:34.279 13403 13453 D CallManager: 📩 Processing message: IncomingPreview
02-08 04:37:34.280 13403 13453 D CallManager: 📬 Incoming preview: topic=Just Talking, text=up and about 
02-08 04:37:37.397 13403 13403 D CallManager: 👆 acceptPreview() called - shareId: 79637c24-10c5-4c18-9e20-5a18cdcb8258
02-08 04:37:37.397 13403 13403 D CallManager:    Current thread: main
02-08 04:37:37.397 13403 13403 D CallManager:    Stored call params: duration=10, topic=Just Talking
02-08 04:37:37.398 13403 13403 D CallManager:    Sent preview_accept to server
02-08 04:37:37.398 13403 13403 D CallManager:    Cleared incomingPreview
02-08 04:37:37.466 13403 13453 D CallManager: 📨 [MessageCollector] Received: MatchMade
02-08 04:37:37.466 13403 13453 D CallManager: 📩 Processing message: MatchMade
02-08 04:37:37.466 13403 13453 D CallManager: ═══════════════════════════════════════════════════
02-08 04:37:37.466 13403 13453 D CallManager: 🎯 MATCH MADE RECEIVED!
02-08 04:37:37.466 13403 13453 D CallManager:    Thread: DefaultDispatcher-worker-1
02-08 04:37:37.466 13403 13453 D CallManager:    Call ID: 156450b1-d364-4080-9c51-ab1e30bc1b7a
02-08 04:37:37.466 13403 13453 D CallManager:    Role: listener
02-08 04:37:37.466 13403 13453 D CallManager:    Duration: 10 min
02-08 04:37:37.466 13403 13453 D CallManager:    Topic: Just Talking
02-08 04:37:37.466 13403 13453 D CallManager:    Intent: up and about 
02-08 04:37:37.466 13403 13453 D CallManager:    TURN servers: 2
02-08 04:37:37.466 13403 13453 D CallManager: ═══════════════════════════════════════════════════
02-08 04:37:37.466 13403 13453 D CallManager:    Step 1: Setting currentRole to 'listener'
02-08 04:37:37.466 13403 13453 D CallManager:    ✓ currentRole is now: listener
02-08 04:37:37.466 13403 13453 D CallManager:    Step 2: Setting matchConsumed to false
02-08 04:37:37.466 13403 13453 D CallManager:    Step 3: Setting currentCallId to '156450b1-d364-4080-9c51-ab1e30bc1b7a'
02-08 04:37:37.466 13403 13453 D CallManager:    Step 4: Clearing pendingShareId and incomingPreview
02-08 04:37:37.466 13403 13453 D CallManager:    Step 5: Updating call parameters
02-08 04:37:37.466 13403 13453 D CallManager:    Step 6: Setting matchInfo (THIS TRIGGERS NAVIGATION)
02-08 04:37:37.466 13403 13453 D CallManager:    ✓ matchInfo is now set
02-08 04:37:37.466 13403 13453 D CallManager: 📞 All state updated, now initializing WebRTC...
02-08 04:37:37.466 13403 13453 D CallManager:    TURN: [turn:localhost:3478]
02-08 04:37:37.466 13403 13453 D CallManager:    TURN: [stun:stun.l.google.com:19302]
02-08 04:37:37.466 13403 13453 D CallManager: 🎬 Step 7: Calling initializeWebRTC(isInitiator=false)
02-08 04:37:37.466 13403 13453 D CallManager: ═══════════════════════════════════════════════════
02-08 04:37:37.466 13403 13453 D CallManager: 🎬 initializeWebRTC CALLED
02-08 04:37:37.466 13403 13453 D CallManager:    Thread: DefaultDispatcher-worker-1
02-08 04:37:37.467 13403 13453 D CallManager:    isInitiator: false
02-08 04:37:37.467 13403 13453 D CallManager:    turnServers: 2
02-08 04:37:37.467 13403 13453 D CallManager:    callId: 156450b1-d364-4080-9c51-ab1e30bc1b7a
02-08 04:37:37.467 13403 13453 D CallManager:    isWebRTCInitializing: false
02-08 04:37:37.467 13403 13453 D CallManager:    lastInitializedCallId: null
02-08 04:37:37.467 13403 13453 D CallManager: ═══════════════════════════════════════════════════
02-08 04:37:37.467 13403 13453 D CallManager:    Set isWebRTCInitializing = true
02-08 04:37:37.467 13403 13453 D CallManager:    Cancelled previous WebRTC job
02-08 04:37:37.467 13403 13453 D CallManager:    Launching coroutine on Main thread...
02-08 04:37:37.467 13403 13453 D CallManager:    ✓ initializeWebRTC launched
02-08 04:37:37.483 13403 13403 D CallManager: 🔧 initializeWebRTC - NOW ON MAIN THREAD
02-08 04:37:37.483 13403 13403 D CallManager:    Thread: main
02-08 04:37:37.483 13403 13403 D CallManager: 🧹 Disposing existing WebRTC manager
02-08 04:37:37.483 13403 13403 D WebRTCManager: ═══════════════════════════════════════════════════
02-08 04:37:37.483 13403 13403 D WebRTCManager: 🛑 Closing WebRTC connection
02-08 04:37:37.483 13403 13403 D WebRTCManager:    Final state:
02-08 04:37:37.483 13403 13403 D WebRTCManager:    - Local audio track: false, enabled=null
02-08 04:37:37.483 13403 13403 D WebRTCManager:    - Remote audio track: false, enabled=null
02-08 04:37:37.483 13403 13403 D WebRTCManager:    - Connection state: IDLE
02-08 04:37:37.485 13403 13403 D WebRTCManager: Audio configuration restored
02-08 04:37:37.485 13403 13403 D WebRTCManager: ═══════════════════════════════════════════════════
02-08 04:37:37.487 13403 13403 D WebRTCManager: WebRTCManager disposed
02-08 04:37:37.487 13403 13403 D CallManager: 🆕 Creating new WebRTCManager...
