02-08 04:37:36.776 23373 23423 D WebRTCManager: ═══════════════════════════════════════════════════
02-08 04:37:36.777 23373 23423 D WebRTCManager: 📥 setRemoteDescription CALLED
02-08 04:37:36.777 23373 23423 D WebRTCManager:    Thread: DefaultDispatcher-worker-1
02-08 04:37:36.777 23373 23423 D WebRTCManager:    isAnswer: true
02-08 04:37:36.777 23373 23423 D WebRTCManager:    sdp.type: ANSWER
02-08 04:37:36.777 23373 23423 D WebRTCManager:    sdp.description length: 1135
02-08 04:37:36.777 23373 23423 D WebRTCManager:    hasRemoteDescriptionBeenSet: false
02-08 04:37:36.777 23373 23423 D WebRTCManager:    peerConnection: true
02-08 04:37:36.778 23373 23423 D WebRTCManager:    ✓ Set hasRemoteDescriptionBeenSet = true
02-08 04:37:36.779 23373 23940 D WebRTCManager: Signaling state: STABLE
02-08 04:37:36.849 23373 23985 D WebRTCManager: ═══════════════════════════════════════════════════
02-08 04:37:36.849 23373 23985 D WebRTCManager: 🔊 AUDIO TRACK STARTED - Remote audio playback beginning!
02-08 04:37:36.849 23373 23985 D WebRTCManager: ═══════════════════════════════════════════════════
02-08 04:37:36.854 23373 23940 D WebRTCManager: ═══════════════════════════════════════════════════
02-08 04:37:36.854 23373 23940 D WebRTCManager: 🔗 ICE connection state: CHECKING
02-08 04:37:36.854 23373 23940 D WebRTCManager:    🔍 ICE checking - attempting to connect...
02-08 04:37:36.854 23373 23940 D WebRTCManager: ═══════════════════════════════════════════════════
02-08 04:37:36.856 23373 23940 D WebRTCManager: ═══════════════════════════════════════════════════
02-08 04:37:36.856 23373 23940 D WebRTCManager: 🔊 onTrack - TRANSCEIVER RECEIVED!
02-08 04:37:36.856 23373 23940 D WebRTCManager:    Thread: signaling_threa - 23940
02-08 04:37:36.856 23373 23940 D WebRTCManager:    transceiver: true
02-08 04:37:36.857 23373 23940 D WebRTCManager:    mediaType: MEDIA_TYPE_AUDIO
02-08 04:37:36.857 23373 23940 D WebRTCManager:    direction: SEND_RECV
02-08 04:37:36.857 23373 23940 D WebRTCManager:    mid: 0
02-08 04:37:36.857 23373 23940 D WebRTCManager:    currentDirection: SEND_RECV
02-08 04:37:36.857 23373 23940 D WebRTCManager:    isStopped: false
02-08 04:37:36.857 23373 23940 D WebRTCManager:    This is an AUDIO transceiver
02-08 04:37:36.857 23373 23940 D WebRTCManager:    Receiver track: kind=audio, id=57adaea8-8152-4a83-9704-f41e04b8182c, enabled=true
02-08 04:37:36.857 23373 23940 D WebRTCManager:    ✅ Remote audio track from transceiver ENABLED!
02-08 04:37:36.857 23373 23940 D WebRTCManager:    Track state: LIVE
02-08 04:37:36.857 23373 23940 D WebRTCManager:    Track enabled: true
02-08 04:37:36.857 23373 23940 D WebRTCManager:    Sender track (local): kind=audio, id=audio0, enabled=true
02-08 04:37:36.857 23373 23940 D WebRTCManager: ═══════════════════════════════════════════════════
02-08 04:37:36.857 23373 23940 D WebRTCManager: ═══════════════════════════════════════════════════
02-08 04:37:36.857 23373 23940 D WebRTCManager: 🔊 onAddTrack - REMOTE TRACK ADDED!
02-08 04:37:36.857 23373 23940 D WebRTCManager:    Thread: signaling_threa - 23940
02-08 04:37:36.857 23373 23940 D WebRTCManager:    receiver: true
02-08 04:37:36.857 23373 23940 D WebRTCManager:    receiver.track: org.webrtc.AudioTrack@aafdcd5
02-08 04:37:36.857 23373 23940 D WebRTCManager:    receiver.track kind: audio
02-08 04:37:36.857 23373 23940 D WebRTCManager:    receiver.track id: 57adaea8-8152-4a83-9704-f41e04b8182c
02-08 04:37:36.857 23373 23940 D WebRTCManager:    receiver.track enabled: true
02-08 04:37:36.857 23373 23940 D WebRTCManager:    streams count: 1
02-08 04:37:36.857 23373 23940 D WebRTCManager:    Processing track: kind=audio, id=57adaea8-8152-4a83-9704-f41e04b8182c
02-08 04:37:36.857 23373 23940 D WebRTCManager:    ✅ Remote audio track ENABLED for playback!
02-08 04:37:36.857 23373 23940 D WebRTCManager:    remoteAudioTrack.id: 57adaea8-8152-4a83-9704-f41e04b8182c
02-08 04:37:36.857 23373 23940 D WebRTCManager:    remoteAudioTrack.enabled: true
02-08 04:37:36.857 23373 23940 D WebRTCManager:    remoteAudioTrack.state: LIVE
02-08 04:37:36.857 23373 23940 D WebRTCManager:    Current audio state:
02-08 04:37:36.858 23373 23940 D WebRTCManager:    - Mode: 3
02-08 04:37:36.859 23373 23940 D WebRTCManager:    - Speakerphone: false
02-08 04:37:36.859 23373 23940 D WebRTCManager:    - Voice call volume: 9
02-08 04:37:36.859 23373 23940 D WebRTCManager:    Stream ID: stream0
02-08 04:37:36.859 23373 23940 D WebRTCManager:    Audio tracks in stream: 1
02-08 04:37:36.859 23373 23940 D WebRTCManager:    Audio track [0]: id=57adaea8-8152-4a83-9704-f41e04b8182c, enabled=true
02-08 04:37:36.859 23373 23940 D WebRTCManager: ═══════════════════════════════════════════════════
02-08 04:37:36.859 23373 23940 D WebRTCManager: ═══════════════════════════════════════════════════
02-08 04:37:36.859 23373 23940 D WebRTCManager: 📥 onAddStream - REMOTE STREAM ADDED!
02-08 04:37:36.859 23373 23940 D WebRTCManager:    stream: true
02-08 04:37:36.859 23373 23940 D WebRTCManager:    stream.id: stream0
02-08 04:37:36.860 23373 23940 D WebRTCManager:    audioTracks count: 1
02-08 04:37:36.860 23373 23940 D WebRTCManager:    videoTracks count: 0
02-08 04:37:36.860 23373 23940 D WebRTCManager:    Audio track[0]: id=57adaea8-8152-4a83-9704-f41e04b8182c, enabled=true, state=LIVE
02-08 04:37:36.860 23373 23940 D WebRTCManager:    Audio track[0] ENABLED: true
02-08 04:37:36.860 23373 23940 D WebRTCManager: ═══════════════════════════════════════════════════
02-08 04:37:36.860 23373 23940 D WebRTCManager:    ✅ Remote description set successfully!
02-08 04:37:36.860 23373 23940 D WebRTCManager:    isAnswer: true
02-08 04:37:36.864 23373 23423 D WebRTCManager: ═══════════════════════════════════════════════════
02-08 04:37:36.865 23373 23423 D CallManager: 📨 [MessageCollector] Received: IceCandidate
02-08 04:37:36.866 23373 23423 D CallManager: 📩 Processing message: IceCandidate
02-08 04:37:36.866 23373 23423 D CallManager: 📥 Received ICE candidate: candidate:2479096904 1 udp 2122260223 192.168.1.16...
02-08 04:37:36.868 23373 23423 D WebRTCManager: Remote ICE candidate added
02-08 04:37:36.869 23373 23423 D CallManager: 📨 [MessageCollector] Received: IceCandidate
02-08 04:37:36.869 23373 23423 D CallManager: 📩 Processing message: IceCandidate
02-08 04:37:36.870 23373 23423 D CallManager: 📥 Received ICE candidate: candidate:3907918184 1 udp 2122063615 127.0.0.1 39...
02-08 04:37:36.871 23373 23423 D WebRTCManager: Remote ICE candidate added
02-08 04:37:36.872 23373 23423 D CallManager: 📨 [MessageCollector] Received: IceCandidate
02-08 04:37:36.872 23373 23423 D CallManager: 📩 Processing message: IceCandidate
02-08 04:37:36.872 23373 23423 D CallManager: 📥 Received ICE candidate: candidate:3321351603 1 udp 2122136831 ::1 48137 ty...
02-08 04:37:36.873 23373 23423 D WebRTCManager: Remote ICE candidate added
02-08 04:37:36.874 23373 23423 D CallManager: 📨 [MessageCollector] Received: IceCandidate
02-08 04:37:36.874 23373 23423 D CallManager: 📩 Processing message: IceCandidate
02-08 04:37:36.874 23373 23423 D CallManager: 📥 Received ICE candidate: candidate:3636349168 1 udp 1686052607 154.159.237....
02-08 04:37:36.875 23373 23423 D WebRTCManager: Remote ICE candidate added
02-08 04:37:36.876 23373 23423 D CallManager: 📨 [MessageCollector] Received: IceCandidate
02-08 04:37:36.876 23373 23423 D CallManager: 📩 Processing message: IceCandidate
02-08 04:37:36.876 23373 23423 D CallManager: 📥 Received ICE candidate: candidate:1789365234 1 tcp 1518214911 10.34.217.17...
02-08 04:37:36.877 23373 23423 D WebRTCManager: Remote ICE candidate added
02-08 04:37:36.889 23373 23423 D CallManager: 📨 [MessageCollector] Received: IceCandidate
02-08 04:37:36.889 23373 23423 D CallManager: 📩 Processing message: IceCandidate
02-08 04:37:36.889 23373 23423 D CallManager: 📥 Received ICE candidate: candidate:2518809584 1 tcp 1518083839 127.0.0.1 35...
02-08 04:37:36.890 23373 23423 D WebRTCManager: Remote ICE candidate added
02-08 04:37:36.890 23373 23423 D CallManager: 📨 [MessageCollector] Received: IceCandidate
02-08 04:37:36.891 23373 23423 D CallManager: 📩 Processing message: IceCandidate
02-08 04:37:36.891 23373 23423 D CallManager: 📥 Received ICE candidate: candidate:3141021483 1 tcp 1518157055 ::1 34433 ty...
02-08 04:37:36.891 23373 23423 D WebRTCManager: Remote ICE candidate added
02-08 04:37:36.989 23373 23940 D WebRTCManager: ═══════════════════════════════════════════════════
02-08 04:37:36.989 23373 23940 D WebRTCManager: 🔗 ICE connection state: CONNECTED
02-08 04:37:36.989 23373 23940 D WebRTCManager:    ✅ ICE CONNECTED - WebRTC call established!
02-08 04:37:36.992 23373 23940 D WebRTCManager:    🔊 Re-applying audio configuration (WebRTC resets it)...
02-08 04:37:36.994 23373 23940 D WebRTCManager:    forceAudioModeForCall: current mode = 3
02-08 04:37:36.997 23373 23940 D WebRTCManager:    ✅ Audio mode confirmed: MODE_IN_COMMUNICATION
02-08 04:37:36.997 23373 23940 D WebRTCManager:    ─────────────────────────────────────────────
02-08 04:37:36.997 23373 23940 D WebRTCManager:    AUDIO VERIFICATION ON ICE CONNECTED:
02-08 04:37:36.997 23373 23940 D WebRTCManager:    Local audio track: true
02-08 04:37:36.997 23373 23940 D WebRTCManager:    Local audio enabled: true
02-08 04:37:36.997 23373 23940 D WebRTCManager:    Remote audio track: true
02-08 04:37:36.997 23373 23940 D WebRTCManager:    Remote audio enabled: true
02-08 04:37:36.998 23373 23940 D WebRTCManager:    Transceiver[0]:
02-08 04:37:36.999 23373 23940 D WebRTCManager:      - mediaType: MEDIA_TYPE_AUDIO
02-08 04:37:36.999 23373 23940 D WebRTCManager:      - direction: SEND_RECV
02-08 04:37:36.999 23373 23940 D WebRTCManager:      - currentDirection: SEND_RECV
02-08 04:37:36.999 23373 23940 D WebRTCManager:      - mid: 0
02-08 04:37:36.999 23373 23940 D WebRTCManager:      - Receiver track: kind=audio, enabled=true, state=LIVE
02-08 04:37:36.999 23373 23940 D WebRTCManager:      - Sender track: kind=audio, enabled=true, state=LIVE
02-08 04:37:36.999 23373 23940 D WebRTCManager:    AudioManager state AFTER force:
02-08 04:37:37.001 23373 23940 D WebRTCManager:    - Mode: 3 (3=IN_COMMUNICATION)
02-08 04:37:37.002 23373 23940 D WebRTCManager:    - Speakerphone: false
02-08 04:37:37.002 23373 23940 D WebRTCManager:    - Mic muted: false
02-08 04:37:37.003 23373 23940 D WebRTCManager:    - Voice volume: 9
02-08 04:37:37.003 23373 23940 D WebRTCManager:    ─────────────────────────────────────────────
02-08 04:37:37.003 23373 23940 D WebRTCManager: ═══════════════════════════════════════════════════
02-08 04:37:37.015 23373 23373 D CallManager: 🔊 WebRTC state changed: CONNECTED
02-08 04:37:37.015 23373 23373 D CallManager: 🔊 WebRTC CONNECTED - verifying audio setup...
02-08 04:37:37.035 23373 23939 E WebRTCManager: ❌ AUDIO RECORD INIT ERROR: Cannot create AudioRecord
02-08 04:37:37.058 23373 23939 E WebRTCManager: ❌ AUDIO RECORD INIT ERROR: Cannot create AudioRecord
02-08 04:37:37.516 23373 23373 D WebRTCManager: ═══════════════════════════════════════════════════
02-08 04:37:37.516 23373 23373 D WebRTCManager: 🔍 VERIFYING AUDIO SETUP
02-08 04:37:37.516 23373 23373 D WebRTCManager:    ✅ Local audio track OK
02-08 04:37:37.516 23373 23373 D WebRTCManager:    ✅ Remote audio track OK
02-08 04:37:37.517 23373 23373 D WebRTCManager:    ✅ Audio mode OK
02-08 04:37:37.518 23373 23373 D WebRTCManager:    ✅ Voice call volume OK: 9
02-08 04:37:37.518 23373 23373 D WebRTCManager:    Result: ✅ AUDIO SETUP VALID
02-08 04:37:37.518 23373 23373 D WebRTCManager: ═══════════════════════════════════════════════════
02-08 04:37:37.518 23373 23373 D WebRTCManager: ═══════════════════════════════════════════════════
02-08 04:37:37.518 23373 23373 D WebRTCManager: 📊 WEBRTC STATS DEBUG
02-08 04:37:37.518 23373 23373 D WebRTCManager:    State: CONNECTED
02-08 04:37:37.518 23373 23373 D WebRTCManager:    Local audio track: audio0, enabled=true
02-08 04:37:37.518 23373 23373 D WebRTCManager:    Remote audio track: 57adaea8-8152-4a83-9704-f41e04b8182c, enabled=true
02-08 04:37:37.518 23373 23373 D WebRTCManager:    Muted: false
02-08 04:37:37.519 23373 23373 D WebRTCManager:    Transceiver[0]:
02-08 04:37:37.519 23373 23373 D WebRTCManager:      - Type: MEDIA_TYPE_AUDIO
02-08 04:37:37.519 23373 23373 D WebRTCManager:      - Direction: SEND_RECV
02-08 04:37:37.519 23373 23373 D WebRTCManager:      - Current direction: SEND_RECV
02-08 04:37:37.519 23373 23373 D WebRTCManager:      - Stopped: false
02-08 04:37:37.519 23373 23373 D WebRTCManager:      - Sender track: audio, enabled=true
02-08 04:37:37.519 23373 23373 D WebRTCManager:      - Receiver track: audio, enabled=true
02-08 04:37:37.519 23373 23373 D WebRTCManager:    AudioManager:
02-08 04:37:37.520 23373 23373 D WebRTCManager:      - Mode: 3
02-08 04:37:37.521 23373 23373 D WebRTCManager:      - Speakerphone: false
02-08 04:37:37.521 23373 23373 D WebRTCManager:      - Microphone muted: false
02-08 04:37:37.521 23373 23373 D WebRTCManager:      - Voice call volume: 9
02-08 04:37:37.522 23373 23373 D WebRTCManager:      - Music volume: 13
02-08 04:37:37.522 23373 23373 D WebRTCManager: ═══════════════════════════════════════════════════
02-08 04:38:12.907 23373 23373 D CallManager: ═══════════════════════════════════════════════════
02-08 04:38:12.907 23373 23373 D CallManager: 📞 endCall() CALLED
02-08 04:38:12.907 23373 23373 D CallManager:    Thread: main
02-08 04:38:12.908 23373 23373 D CallManager:    Current callId: 156450b1-d364-4080-9c51-ab1e30bc1b7a
02-08 04:38:12.908 23373 23373 D CallManager:    Current role: sharer
02-08 04:38:12.908 23373 23373 D CallManager:    WebRTC state: CONNECTED
02-08 04:38:12.908 23373 23373 D CallManager:    📤 Sending endCall to server for: 156450b1-d364-4080-9c51-ab1e30bc1b7a
02-08 04:38:12.908 23373 23373 D CallManager:    ✓ endCall sent to server
02-08 04:38:12.908 23373 23373 D CallManager:    Cancelling WebRTC job...
02-08 04:38:12.909 23373 23373 D CallManager:    ✓ WebRTC job cancelled
02-08 04:38:12.909 23373 23373 D CallManager:    Closing WebRTC manager...
02-08 04:38:12.909 23373 23373 D WebRTCManager: ═══════════════════════════════════════════════════
02-08 04:38:12.909 23373 23373 D WebRTCManager: 🛑 Closing WebRTC connection
02-08 04:38:12.909 23373 23373 D WebRTCManager:    Final state:
02-08 04:38:12.909 23373 23373 D WebRTCManager:    - Local audio track: true, enabled=true
02-08 04:38:12.909 23373 23373 D WebRTCManager:    - Remote audio track: true, enabled=true
02-08 04:38:12.909 23373 23373 D WebRTCManager:    - Connection state: CONNECTED
02-08 04:38:12.912 23373 23373 D WebRTCManager: Audio configuration restored
02-08 04:38:12.917 23373 23940 D WebRTCManager: ═══════════════════════════════════════════════════
02-08 04:38:12.917 23373 23940 D WebRTCManager: 🔗 ICE connection state: CLOSED
02-08 04:38:12.917 23373 23940 D WebRTCManager:    🚫 ICE CLOSED
02-08 04:38:12.917 23373 23940 D WebRTCManager: ═══════════════════════════════════════════════════
02-08 04:38:12.917 23373 23940 D WebRTCManager: Signaling state: CLOSED
02-08 04:38:12.919 23373 23426 D CallManager: 📨 [MessageCollector] Received: CallEnded
02-08 04:38:12.919 23373 23426 D CallManager: 📩 Processing message: CallEnded
02-08 04:38:12.919 23373 23426 D CallManager: 📞 Call ended: 156450b1-d364-4080-9c51-ab1e30bc1b7a, reason: ended
02-08 04:38:12.919 23373 23426 D WebRTCManager: ═══════════════════════════════════════════════════
02-08 04:38:12.919 23373 23426 D WebRTCManager: 🛑 Closing WebRTC connection
02-08 04:38:12.919 23373 23426 D WebRTCManager:    Final state:
02-08 04:38:12.919 23373 23426 D WebRTCManager:    - Local audio track: false, enabled=null
02-08 04:38:12.920 23373 23426 D WebRTCManager:    - Remote audio track: false, enabled=null
02-08 04:38:12.920 23373 23426 D WebRTCManager:    - Connection state: DISCONNECTED
02-08 04:38:12.972 23373 23939 D WebRTCManager: ═══════════════════════════════════════════════════
02-08 04:38:12.972 23373 23939 D WebRTCManager: 🔇 AUDIO TRACK STOPPED - Remote audio playback ended!
02-08 04:38:12.972 23373 23939 D WebRTCManager: ═══════════════════════════════════════════════════
02-08 04:38:12.980 23373 23373 D WebRTCManager: ═══════════════════════════════════════════════════
02-08 04:38:12.980 23373 23373 D CallManager:    ✓ WebRTC manager closed
02-08 04:38:12.980 23373 23373 D CallManager:    Resetting state...
02-08 04:38:12.980 23373 23373 D CallManager:    ✓ State reset
02-08 04:38:12.980 23373 23373 D CallManager:    ✓ Initialization tracking reset
02-08 04:38:12.980 23373 23373 D CallManager: ═══════════════════════════════════════════════════
02-08 04:38:12.980 23373 23373 D CallManager: ✅ Call ended successfully
02-08 04:38:13.027 23373 23426 D WebRTCManager: Audio configuration restored
02-08 04:38:13.027 23373 23426 D WebRTCManager: ═══════════════════════════════════════════════════
02-08 04:38:28.412 23373 23426 D CallManager: 📨 [MessageCollector] Received: IncomingPreview
02-08 04:38:28.412 23373 23426 D CallManager: 📩 Processing message: IncomingPreview
02-08 04:38:28.414 23373 23426 D CallManager: 📬 Incoming preview: topic=Advice, text=x 
02-08 04:38:49.765 23373 23373 D CallManager: 👆 acceptPreview() called - shareId: 34cc4f5f-5d9e-46c8-8518-b8b66911c8c6
02-08 04:38:49.765 23373 23373 D CallManager:    Current thread: main
02-08 04:38:49.765 23373 23373 D CallManager:    Stored call params: duration=10, topic=Advice
02-08 04:38:49.766 23373 23373 D CallManager:    Sent preview_accept to server
02-08 04:38:49.766 23373 23373 D CallManager:    Cleared incomingPreview
02-08 04:38:49.785 23373 23426 D CallManager: 📨 [MessageCollector] Received: MatchMade
02-08 04:38:49.786 23373 23426 D CallManager: 📩 Processing message: MatchMade
02-08 04:38:49.786 23373 23426 D CallManager: ═══════════════════════════════════════════════════
02-08 04:38:49.786 23373 23426 D CallManager: 🎯 MATCH MADE RECEIVED!
02-08 04:38:49.787 23373 23426 D CallManager:    Thread: DefaultDispatcher-worker-4
02-08 04:38:49.787 23373 23426 D CallManager:    Call ID: dbc9231d-e9f2-45d4-8380-88fb32301e78
02-08 04:38:49.787 23373 23426 D CallManager:    Role: listener
02-08 04:38:49.787 23373 23426 D CallManager:    Duration: 10 min
02-08 04:38:49.787 23373 23426 D CallManager:    Topic: Advice
02-08 04:38:49.787 23373 23426 D CallManager:    Intent: x 
02-08 04:38:49.787 23373 23426 D CallManager:    TURN servers: 2
02-08 04:38:49.787 23373 23426 D CallManager: ═══════════════════════════════════════════════════
02-08 04:38:49.787 23373 23426 D CallManager:    Step 1: Setting currentRole to 'listener'
02-08 04:38:49.787 23373 23426 D CallManager:    ✓ currentRole is now: listener
02-08 04:38:49.787 23373 23426 D CallManager:    Step 2: Setting matchConsumed to false
02-08 04:38:49.787 23373 23426 D CallManager:    Step 3: Setting currentCallId to 'dbc9231d-e9f2-45d4-8380-88fb32301e78'
02-08 04:38:49.788 23373 23426 D CallManager:    Step 4: Clearing pendingShareId and incomingPreview
02-08 04:38:49.788 23373 23426 D CallManager:    Step 5: Updating call parameters
02-08 04:38:49.788 23373 23426 D CallManager:    Step 6: Setting matchInfo (THIS TRIGGERS NAVIGATION)
02-08 04:38:49.788 23373 23426 D CallManager:    ✓ matchInfo is now set
02-08 04:38:49.788 23373 23426 D CallManager: 📞 All state updated, now initializing WebRTC...
02-08 04:38:49.789 23373 23426 D CallManager:    TURN: [turn:localhost:3478]
02-08 04:38:49.789 23373 23426 D CallManager:    TURN: [stun:stun.l.google.com:19302]
02-08 04:38:49.789 23373 23426 D CallManager: 🎬 Step 7: Calling initializeWebRTC(isInitiator=false)
02-08 04:38:49.789 23373 23426 D CallManager: ═══════════════════════════════════════════════════
02-08 04:38:49.790 23373 23426 D CallManager: 🎬 initializeWebRTC CALLED
02-08 04:38:49.790 23373 23426 D CallManager:    Thread: DefaultDispatcher-worker-4
02-08 04:38:49.790 23373 23426 D CallManager:    isInitiator: false
02-08 04:38:49.790 23373 23426 D CallManager:    turnServers: 2
02-08 04:38:49.791 23373 23426 D CallManager:    callId: dbc9231d-e9f2-45d4-8380-88fb32301e78
02-08 04:38:49.791 23373 23426 D CallManager:    isWebRTCInitializing: false
02-08 04:38:49.791 23373 23426 D CallManager:    lastInitializedCallId: null
02-08 04:38:49.791 23373 23426 D CallManager: ═══════════════════════════════════════════════════
02-08 04:38:49.791 23373 23426 D CallManager:    Set isWebRTCInitializing = true
02-08 04:38:49.791 23373 23426 D CallManager:    Cancelled previous WebRTC job
02-08 04:38:49.792 23373 23426 D CallManager:    Launching coroutine on Main thread...
02-08 04:38:49.793 23373 23426 D CallManager:    ✓ initializeWebRTC launched
02-08 04:38:49.857 23373 23373 D CallManager: 🔧 initializeWebRTC - NOW ON MAIN THREAD
02-08 04:38:49.857 23373 23373 D CallManager:    Thread: main
02-08 04:38:49.857 23373 23373 D CallManager: 🧹 Disposing existing WebRTC manager
02-08 04:38:49.857 23373 23373 D WebRTCManager: ═══════════════════════════════════════════════════
02-08 04:38:49.857 23373 23373 D WebRTCManager: 🛑 Closing WebRTC connection
02-08 04:38:49.857 23373 23373 D WebRTCManager:    Final state:
02-08 04:38:49.857 23373 23373 D WebRTCManager:    - Local audio track: false, enabled=null
02-08 04:38:49.857 23373 23373 D WebRTCManager:    - Remote audio track: false, enabled=null
02-08 04:38:49.857 23373 23373 D WebRTCManager:    - Connection state: IDLE
02-08 04:38:49.859 23373 23373 D WebRTCManager: Audio configuration restored
02-08 04:38:49.859 23373 23373 D WebRTCManager: ═══════════════════════════════════════════════════
02-08 04:38:49.865 23373 23373 D WebRTCManager: WebRTCManager disposed
02-08 04:38:49.865 23373 23373 D CallManager: 🆕 Creating new WebRTCManager...
02-08 04:38:49.865 23373 23373 D WebRTCManager: ═══════════════════════════════════════════════════
02-08 04:38:49.865 23373 23373 D WebRTCManager: 🆕 WebRTCManager CONSTRUCTOR CALLED
02-08 04:38:49.865 23373 23373 D WebRTCManager:    Thread: main
02-08 04:38:49.865 23373 23373 D WebRTCManager: ═══════════════════════════════════════════════════
02-08 04:38:49.866 23373 23373 D WebRTCManager: PeerConnectionFactory already initialized
02-08 04:38:49.866 23373 23373 D WebRTCManager: 🏭 initializePeerConnectionFactory starting...
02-08 04:38:49.866 23373 23373 D WebRTCManager:    ⚠️ Voice anonymization TEMPORARILY DISABLED for debugging
02-08 04:38:49.867 23373 23373 D WebRTCManager:    ✅ JavaAudioDeviceModule created
02-08 04:38:49.867 23373 23373 D WebRTCManager:       - Hardware AEC enabled: true
02-08 04:38:49.867 23373 23373 D WebRTCManager:       - Hardware NS enabled: true
02-08 04:38:49.874 23373 23373 D WebRTCManager:    ✅ PeerConnectionFactory created (standard audio, no voice processing)
02-08 04:38:49.874 23373 23373 D WebRTCManager:    ✓ WebRTCManager constructor completed
02-08 04:38:49.875 23373 23373 D CallManager: 🔌 Creating peer connection...
02-08 04:38:49.875 23373 23373 D WebRTCManager: ═══════════════════════════════════════════════════
02-08 04:38:49.875 23373 23373 D WebRTCManager: 🔌 createPeerConnection CALLED
02-08 04:38:49.876 23373 23373 D WebRTCManager:    isInitiator: false
02-08 04:38:49.876 23373 23373 D WebRTCManager:    Role: LISTENER (will wait for offer)
02-08 04:38:49.876 23373 23373 D WebRTCManager:    TURN servers: 2
02-08 04:38:49.876 23373 23373 D WebRTCManager:    - [turn:localhost:3478]
02-08 04:38:49.876 23373 23373 D WebRTCManager:    - [stun:stun.l.google.com:19302]
02-08 04:38:49.876 23373 23373 D WebRTCManager: ═══════════════════════════════════════════════════
02-08 04:38:49.876 23373 23373 D WebRTCManager: ═══════════════════════════════════════════════════
02-08 04:38:49.876 23373 23373 D WebRTCManager: 🔊 configureAudioForCall CALLED
02-08 04:38:49.878 23373 23373 D WebRTCManager:    Saved audio mode: 0, speakerphone: false
02-08 04:38:49.878 23373 23373 D WebRTCManager:    Set mode to MODE_IN_COMMUNICATION
02-08 04:38:49.880 23373 23373 D WebRTCManager:    Set speakerphone OFF (prevents echo)
02-08 04:38:49.946 23373 23373 D WebRTCManager:    Set VOICE_CALL volume to 9 / 11
02-08 04:38:49.951 23373 23373 D WebRTCManager:    Set MUSIC volume to 13 / 15 (fallback)
02-08 04:38:49.953 23373 23373 D WebRTCManager:    Audio focus request result: 1 (1=granted)
02-08 04:38:49.953 23373 23373 D WebRTCManager:    ─────────────────────────────────────────────
02-08 04:38:49.953 23373 23373 D WebRTCManager:    FINAL AUDIO STATE:
02-08 04:38:49.967 23373 23373 D WebRTCManager:    - Mode: 3 (3=MODE_IN_COMMUNICATION)
02-08 04:38:49.968 23373 23373 D WebRTCManager:    - Speakerphone: false
02-08 04:38:49.969 23373 23373 D WebRTCManager:    - Microphone muted: false
02-08 04:38:49.972 23373 23373 D WebRTCManager:    - Music active: false
02-08 04:38:50.011 23373 23373 D WebRTCManager:    - Voice call volume: 9
02-08 04:38:50.011 23373 23373 D WebRTCManager: ═══════════════════════════════════════════════════
02-08 04:38:50.011 23373 23373 D WebRTCManager:    ICE servers built: 3
02-08 04:38:50.014 23373 23373 D WebRTCManager: ✅ PeerConnection created
02-08 04:38:50.015 23373 23373 D WebRTCManager: ═══════════════════════════════════════════════════
02-08 04:38:50.015 23373 23373 D WebRTCManager: 🎤 createLocalAudioTrack CALLED
02-08 04:38:50.015 23373 23373 D WebRTCManager:    Thread: main
02-08 04:38:50.015 23373 23373 D WebRTCManager:    peerConnectionFactory: true
02-08 04:38:50.015 23373 23373 D WebRTCManager:    peerConnection: true
02-08 04:38:50.015 23373 23373 D WebRTCManager:    ✓ Audio constraints created
02-08 04:38:50.016 23373 23373 D WebRTCManager:    audioSource created: true
02-08 04:38:50.016 23373 23373 D WebRTCManager:    localAudioTrack created: true
02-08 04:38:50.016 23373 23373 D WebRTCManager:    localAudioTrack enabled: true
02-08 04:38:50.017 23373 24170 D WebRTCManager: Renegotiation needed
02-08 04:38:50.017 23373 23373 D WebRTCManager:    Track added to peerConnection, sender: true
02-08 04:38:50.017 23373 23373 D WebRTCManager:    Sender track: audio
02-08 04:38:50.017 23373 23373 D WebRTCManager:    ─────────────────────────────────────────────
02-08 04:38:50.017 23373 23373 D WebRTCManager:    TRANSCEIVERS AFTER ADDING LOCAL TRACK:
02-08 04:38:50.019 23373 23373 D WebRTCManager:    Transceiver[0]:
02-08 04:38:50.019 23373 23373 D WebRTCManager:      - mediaType: MEDIA_TYPE_AUDIO
02-08 04:38:50.019 23373 23373 D WebRTCManager:      - direction: SEND_RECV
02-08 04:38:50.020 23373 23373 D WebRTCManager:      - currentDirection: null
02-08 04:38:50.023 23373 23373 D WebRTCManager:      - mid: null
02-08 04:38:50.023 23373 23373 D WebRTCManager:      - sender.track: audio
02-08 04:38:50.023 23373 23373 D WebRTCManager:      - receiver.track: audio
02-08 04:38:50.023 23373 23373 D WebRTCManager:    ─────────────────────────────────────────────
02-08 04:38:50.023 23373 23373 D WebRTCManager: ═══════════════════════════════════════════════════
02-08 04:38:50.024 23373 23373 D WebRTCManager: ✅ Local audio track created - THIS DEVICE CAN NOW TRANSMIT AUDIO
02-08 04:38:50.024 23373 23373 D WebRTCManager: 🔄 State set to CONNECTING
02-08 04:38:50.024 23373 23373 D WebRTCManager: PeerConnection created (initiator: false)
02-08 04:38:50.025 23373 23373 D CallManager: ✅ WebRTC initialized successfully, isInitiator: false
02-08 04:38:50.047 23373 23373 D CallManager: ═══════════════════════════════════════════════════
02-08 04:38:50.047 23373 23373 D CallManager: 🔒 tryConsumeMatch() CALLED
02-08 04:38:50.047 23373 23373 D CallManager:    Thread: main
02-08 04:38:50.047 23373 23373 D CallManager:    Current _matchConsumed.value: false
02-08 04:38:50.047 23373 23373 D CallManager:    Current matchInfo: dbc9231d-e9f2-45d4-8380-88fb32301e78
02-08 04:38:50.047 23373 23373 D CallManager:    [INSIDE LOCK] Checking consumed state...
02-08 04:38:50.048 23373 23373 D CallManager:    ✓ Match consumed successfully - returning true
02-08 04:38:50.048 23373 23373 D CallManager: ═══════════════════════════════════════════════════
02-08 04:38:50.179 23373 23373 D CallManager: 🔊 WebRTC state changed: CONNECTING
02-08 04:38:50.182 23373 23373 D CallManager: ═══════════════════════════════════════════════════
02-08 04:38:50.182 23373 23373 D CallManager: 🔒 tryConsumeMatch() CALLED
02-08 04:38:50.182 23373 23373 D CallManager:    Thread: main
02-08 04:38:50.182 23373 23373 D CallManager:    Current _matchConsumed.value: true
02-08 04:38:50.182 23373 23373 D CallManager:    Current matchInfo: dbc9231d-e9f2-45d4-8380-88fb32301e78
02-08 04:38:50.182 23373 23373 D CallManager:    [INSIDE LOCK] Checking consumed state...
02-08 04:38:50.182 23373 23373 D CallManager:    ⚠️ Match already consumed - returning false
02-08 04:38:50.182 23373 23373 D CallManager: ═══════════════════════════════════════════════════
02-08 04:38:50.279 23373 23423 D CallManager: 📨 [MessageCollector] Received: WebRtcOffer
02-08 04:38:50.280 23373 23423 D CallManager: 📩 Processing message: WebRtcOffer
02-08 04:38:50.280 23373 23423 D CallManager: 📥 Received WebRTC OFFER, sdp length: 1175
02-08 04:38:50.280 23373 23423 D WebRTCManager: ═══════════════════════════════════════════════════
02-08 04:38:50.280 23373 23423 D WebRTCManager: 📥 setRemoteDescription CALLED
02-08 04:38:50.280 23373 23423 D WebRTCManager:    Thread: DefaultDispatcher-worker-1
02-08 04:38:50.280 23373 23423 D WebRTCManager:    isAnswer: false
02-08 04:38:50.280 23373 23423 D WebRTCManager:    sdp.type: OFFER
02-08 04:38:50.281 23373 23423 D WebRTCManager:    sdp.description length: 1175
02-08 04:38:50.281 23373 23423 D WebRTCManager:    hasRemoteDescriptionBeenSet: false
02-08 04:38:50.281 23373 23423 D WebRTCManager:    peerConnection: true
02-08 04:38:50.281 23373 23423 D WebRTCManager:    ✓ Set hasRemoteDescriptionBeenSet = true
02-08 04:38:50.283 23373 24170 D WebRTCManager: Signaling state: HAVE_REMOTE_OFFER
02-08 04:38:50.285 23373 24170 D WebRTCManager: ═══════════════════════════════════════════════════
02-08 04:38:50.285 23373 24170 D WebRTCManager: 🔊 onTrack - TRANSCEIVER RECEIVED!
02-08 04:38:50.286 23373 24170 D WebRTCManager:    Thread: signaling_threa - 24170
02-08 04:38:50.286 23373 24170 D WebRTCManager:    transceiver: true
02-08 04:38:50.286 23373 24170 D WebRTCManager:    mediaType: MEDIA_TYPE_AUDIO
02-08 04:38:50.287 23373 24170 D WebRTCManager:    direction: SEND_RECV
02-08 04:38:50.287 23373 24170 D WebRTCManager:    mid: 0
02-08 04:38:50.287 23373 24170 D WebRTCManager:    currentDirection: null
02-08 04:38:50.287 23373 24170 D WebRTCManager:    isStopped: false
02-08 04:38:50.288 23373 24170 D WebRTCManager:    This is an AUDIO transceiver
02-08 04:38:50.288 23373 24170 D WebRTCManager:    Receiver track: kind=audio, id=069a4d09-1460-4199-be58-046a4506e53e, enabled=true
02-08 04:38:50.288 23373 24170 D WebRTCManager:    ✅ Remote audio track from transceiver ENABLED!
02-08 04:38:50.290 23373 24170 D WebRTCManager:    Track state: LIVE
02-08 04:38:50.290 23373 24170 D WebRTCManager:    Track enabled: true
02-08 04:38:50.291 23373 24170 D WebRTCManager:    Sender track (local): kind=audio, id=audio0, enabled=true
02-08 04:38:50.292 23373 24170 D WebRTCManager: ═══════════════════════════════════════════════════
02-08 04:38:50.292 23373 24170 D WebRTCManager: ═══════════════════════════════════════════════════
02-08 04:38:50.292 23373 24170 D WebRTCManager: 🔊 onAddTrack - REMOTE TRACK ADDED!
02-08 04:38:50.293 23373 24170 D WebRTCManager:    Thread: signaling_threa - 24170
02-08 04:38:50.293 23373 24170 D WebRTCManager:    receiver: true
02-08 04:38:50.293 23373 24170 D WebRTCManager:    receiver.track: org.webrtc.AudioTrack@86edb9c
02-08 04:38:50.293 23373 24170 D WebRTCManager:    receiver.track kind: audio
02-08 04:38:50.294 23373 24170 D WebRTCManager:    receiver.track id: 069a4d09-1460-4199-be58-046a4506e53e
02-08 04:38:50.294 23373 24170 D WebRTCManager:    receiver.track enabled: true
02-08 04:38:50.294 23373 24170 D WebRTCManager:    streams count: 1
02-08 04:38:50.294 23373 24170 D WebRTCManager:    Processing track: kind=audio, id=069a4d09-1460-4199-be58-046a4506e53e
02-08 04:38:50.294 23373 24170 D WebRTCManager:    ✅ Remote audio track ENABLED for playback!
02-08 04:38:50.294 23373 24170 D WebRTCManager:    remoteAudioTrack.id: 069a4d09-1460-4199-be58-046a4506e53e
02-08 04:38:50.295 23373 24170 D WebRTCManager:    remoteAudioTrack.enabled: true
02-08 04:38:50.295 23373 24170 D WebRTCManager:    remoteAudioTrack.state: LIVE
02-08 04:38:50.295 23373 24170 D WebRTCManager:    Current audio state:
02-08 04:38:50.297 23373 24170 D WebRTCManager:    - Mode: 3
02-08 04:38:50.298 23373 24170 D WebRTCManager:    - Speakerphone: false
02-08 04:38:50.300 23373 24170 D WebRTCManager:    - Voice call volume: 9
02-08 04:38:50.300 23373 24170 D WebRTCManager:    Stream ID: stream0
02-08 04:38:50.300 23373 24170 D WebRTCManager:    Audio tracks in stream: 1
02-08 04:38:50.300 23373 24170 D WebRTCManager:    Audio track [0]: id=069a4d09-1460-4199-be58-046a4506e53e, enabled=true
02-08 04:38:50.300 23373 24170 D WebRTCManager: ═══════════════════════════════════════════════════
02-08 04:38:50.300 23373 24170 D WebRTCManager: ═══════════════════════════════════════════════════
02-08 04:38:50.300 23373 24170 D WebRTCManager: 📥 onAddStream - REMOTE STREAM ADDED!
02-08 04:38:50.300 23373 24170 D WebRTCManager:    stream: true
02-08 04:38:50.301 23373 24170 D WebRTCManager:    stream.id: stream0
02-08 04:38:50.301 23373 24170 D WebRTCManager:    audioTracks count: 1
02-08 04:38:50.301 23373 24170 D WebRTCManager:    videoTracks count: 0
02-08 04:38:50.301 23373 24170 D WebRTCManager:    Audio track[0]: id=069a4d09-1460-4199-be58-046a4506e53e, enabled=true, state=LIVE
02-08 04:38:50.301 23373 24170 D WebRTCManager:    Audio track[0] ENABLED: true
02-08 04:38:50.301 23373 24170 D WebRTCManager: ═══════════════════════════════════════════════════
02-08 04:38:50.301 23373 24170 D WebRTCManager:    ✅ Remote description set successfully!
02-08 04:38:50.301 23373 24170 D WebRTCManager:    isAnswer: false
02-08 04:38:50.301 23373 24170 D WebRTCManager:    📤 Creating answer...
02-08 04:38:50.302 23373 23423 D WebRTCManager: ═══════════════════════════════════════════════════
02-08 04:38:50.303 23373 24170 D WebRTCManager: ═══════════════════════════════════════════════════
02-08 04:38:50.303 23373 24170 D WebRTCManager: 📤 ANSWER CREATED!
02-08 04:38:50.303 23373 24170 D WebRTCManager:    type: ANSWER
02-08 04:38:50.303 23373 24170 D WebRTCManager:    description length: 1134
02-08 04:38:50.304 23373 24170 D WebRTCManager:    hasAudio: true
02-08 04:38:50.304 23373 24170 D WebRTCManager:    audioDirection: sendrecv
02-08 04:38:50.304 23373 24170 D WebRTCManager:    Transceivers at answer creation:
02-08 04:38:50.305 23373 24170 D WebRTCManager:      [0] type=MEDIA_TYPE_AUDIO, dir=SEND_RECV, mid=0
02-08 04:38:50.305 23373 24170 D WebRTCManager: ═══════════════════════════════════════════════════
02-08 04:38:50.306 23373 24170 D WebRTCManager: Signaling state: STABLE
02-08 04:38:50.359 23373 24178 D WebRTCManager: ═══════════════════════════════════════════════════
02-08 04:38:50.359 23373 24178 D WebRTCManager: 🔊 AUDIO TRACK STARTED - Remote audio playback beginning!
02-08 04:38:50.359 23373 24178 D WebRTCManager: ═══════════════════════════════════════════════════
02-08 04:38:50.362 23373 24170 D WebRTCManager: Local description (answer) set
02-08 04:38:50.365 23373 23423 D CallManager: 📤 Sending ANSWER for call dbc9231d-e9f2-45d4-8380-88fb32301e78
02-08 04:38:50.390 23373 24170 D WebRTCManager: ICE gathering state: GATHERING
02-08 04:38:50.396 23373 23423 D CallManager: 📨 [MessageCollector] Received: IceCandidate
02-08 04:38:50.397 23373 23423 D CallManager: 📩 Processing message: IceCandidate
02-08 04:38:50.397 23373 23423 D CallManager: 📥 Received ICE candidate: candidate:2873759441 1 udp 2122260223 192.168.1.16...
02-08 04:38:50.398 23373 23423 D WebRTCManager: Remote ICE candidate added
02-08 04:38:50.411 23373 24170 D WebRTCManager: ═══════════════════════════════════════════════════
02-08 04:38:50.411 23373 24170 D WebRTCManager: 🔗 ICE connection state: CHECKING
02-08 04:38:50.411 23373 24170 D WebRTCManager:    🔍 ICE checking - attempting to connect...
02-08 04:38:50.412 23373 24170 D WebRTCManager: ═══════════════════════════════════════════════════
02-08 04:38:50.413 23373 24170 D WebRTCManager: Local ICE candidate: 0
02-08 04:38:50.415 23373 24170 D WebRTCManager: Local ICE candidate: 0
02-08 04:38:50.416 23373 23424 D CallManager: 📤 Sending ICE candidate for call dbc9231d-e9f2-45d4-8380-88fb32301e78
02-08 04:38:50.417 23373 24170 D WebRTCManager: Local ICE candidate: 0
02-08 04:38:50.420 23373 23424 D CallManager: 📤 Sending ICE candidate for call dbc9231d-e9f2-45d4-8380-88fb32301e78
02-08 04:38:50.431 23373 23424 D CallManager: 📨 [MessageCollector] Received: IceCandidate
02-08 04:38:50.432 23373 23424 D CallManager: 📩 Processing message: IceCandidate
02-08 04:38:50.432 23373 23424 D CallManager: 📥 Received ICE candidate: candidate:3495955441 1 udp 2122063615 127.0.0.1 60...
02-08 04:38:50.432 23373 23426 D CallManager: 📤 Sending ICE candidate for call dbc9231d-e9f2-45d4-8380-88fb32301e78
02-08 04:38:50.435 23373 23424 D WebRTCManager: Remote ICE candidate added
02-08 04:38:50.436 23373 23424 D CallManager: 📨 [MessageCollector] Received: IceCandidate
02-08 04:38:50.436 23373 23424 D CallManager: 📩 Processing message: IceCandidate
02-08 04:38:50.437 23373 23424 D CallManager: 📥 Received ICE candidate: candidate:4252622634 1 udp 2122136831 ::1 57882 ty...
02-08 04:38:50.439 23373 23424 D WebRTCManager: Remote ICE candidate added
02-08 04:38:50.439 23373 23424 D CallManager: 📨 [MessageCollector] Received: IceCandidate
02-08 04:38:50.439 23373 23424 D CallManager: 📩 Processing message: IceCandidate
02-08 04:38:50.440 23373 23424 D CallManager: 📥 Received ICE candidate: candidate:3761265257 1 udp 1686052607 154.159.237....
02-08 04:38:50.440 23373 23424 D WebRTCManager: Remote ICE candidate added
02-08 04:38:50.458 23373 24170 D WebRTCManager: Local ICE candidate: 0
02-08 04:38:50.460 23373 23423 D CallManager: 📤 Sending ICE candidate for call dbc9231d-e9f2-45d4-8380-88fb32301e78
02-08 04:38:50.511 23373 23424 D CallManager: 📨 [MessageCollector] Received: IceCandidate
02-08 04:38:50.512 23373 23424 D CallManager: 📩 Processing message: IceCandidate
02-08 04:38:50.513 23373 23424 D CallManager: 📥 Received ICE candidate: candidate:1378457963 1 tcp 1518214911 10.34.217.17...
02-08 04:38:50.514 23373 23424 D WebRTCManager: Remote ICE candidate added
02-08 04:38:50.515 23373 23424 D CallManager: 📨 [MessageCollector] Received: IceCandidate
02-08 04:38:50.515 23373 23424 D CallManager: 📩 Processing message: IceCandidate
02-08 04:38:50.515 23373 23424 D CallManager: 📥 Received ICE candidate: candidate:2930764137 1 tcp 1518083839 127.0.0.1 43...
02-08 04:38:50.516 23373 23424 D WebRTCManager: Remote ICE candidate added
02-08 04:38:50.517 23373 24170 D WebRTCManager: Local ICE candidate: 0
02-08 04:38:50.517 23373 23424 D CallManager: 📨 [MessageCollector] Received: IceCandidate
02-08 04:38:50.518 23373 23424 D CallManager: 📩 Processing message: IceCandidate
02-08 04:38:50.519 23373 23424 D CallManager: 📥 Received ICE candidate: candidate:2209758642 1 tcp 1518157055 ::1 53265 ty...
02-08 04:38:50.519 23373 24170 D WebRTCManager: Local ICE candidate: 0
02-08 04:38:50.520 23373 24170 D WebRTCManager: Local ICE candidate: 0
02-08 04:38:50.521 23373 23424 D WebRTCManager: Remote ICE candidate added
02-08 04:38:50.523 23373 23424 D CallManager: 📤 Sending ICE candidate for call dbc9231d-e9f2-45d4-8380-88fb32301e78
02-08 04:38:50.525 23373 23424 D CallManager: 📤 Sending ICE candidate for call dbc9231d-e9f2-45d4-8380-88fb32301e78
02-08 04:38:50.526 23373 24170 D WebRTCManager: Local ICE candidate: 0
02-08 04:38:50.527 23373 23424 D CallManager: 📤 Sending ICE candidate for call dbc9231d-e9f2-45d4-8380-88fb32301e78
02-08 04:38:50.530 23373 23424 D CallManager: 📤 Sending ICE candidate for call dbc9231d-e9f2-45d4-8380-88fb32301e78
02-08 04:38:50.740 23373 24170 D WebRTCManager: ═══════════════════════════════════════════════════
02-08 04:38:50.741 23373 24170 D WebRTCManager: 🔗 ICE connection state: CONNECTED
02-08 04:38:50.741 23373 24170 D WebRTCManager:    ✅ ICE CONNECTED - WebRTC call established!
02-08 04:38:50.743 23373 24170 D WebRTCManager:    🔊 Re-applying audio configuration (WebRTC resets it)...
02-08 04:38:50.744 23373 23373 D CallManager: 🔊 WebRTC state changed: CONNECTED
02-08 04:38:50.744 23373 23373 D CallManager: 🔊 WebRTC CONNECTED - verifying audio setup...
02-08 04:38:50.746 23373 24170 D WebRTCManager:    forceAudioModeForCall: current mode = 3
02-08 04:38:50.749 23373 24170 D WebRTCManager:    ✅ Audio mode confirmed: MODE_IN_COMMUNICATION
02-08 04:38:50.749 23373 24170 D WebRTCManager:    ─────────────────────────────────────────────
02-08 04:38:50.749 23373 24170 D WebRTCManager:    AUDIO VERIFICATION ON ICE CONNECTED:
02-08 04:38:50.750 23373 24170 D WebRTCManager:    Local audio track: true
02-08 04:38:50.750 23373 24170 D WebRTCManager:    Local audio enabled: true
02-08 04:38:50.751 23373 24170 D WebRTCManager:    Remote audio track: true
02-08 04:38:50.751 23373 24170 D WebRTCManager:    Remote audio enabled: true
02-08 04:38:50.752 23373 24170 D WebRTCManager:    Transceiver[0]:
02-08 04:38:50.753 23373 24170 D WebRTCManager:      - mediaType: MEDIA_TYPE_AUDIO
02-08 04:38:50.753 23373 24170 D WebRTCManager:      - direction: SEND_RECV
02-08 04:38:50.753 23373 24170 D WebRTCManager:      - currentDirection: SEND_RECV
02-08 04:38:50.754 23373 24170 D WebRTCManager:      - mid: 0
02-08 04:38:50.754 23373 24170 D WebRTCManager:      - Receiver track: kind=audio, enabled=true, state=LIVE
02-08 04:38:50.754 23373 24170 D WebRTCManager:      - Sender track: kind=audio, enabled=true, state=LIVE
02-08 04:38:50.754 23373 24170 D WebRTCManager:    AudioManager state AFTER force:
02-08 04:38:50.755 23373 24170 D WebRTCManager:    - Mode: 3 (3=IN_COMMUNICATION)
02-08 04:38:50.757 23373 24170 D WebRTCManager:    - Speakerphone: false
02-08 04:38:50.758 23373 24170 D WebRTCManager:    - Mic muted: false
02-08 04:38:50.759 23373 24170 D WebRTCManager:    - Voice volume: 9
02-08 04:38:50.759 23373 24170 D WebRTCManager:    ─────────────────────────────────────────────
02-08 04:38:50.760 23373 24170 D WebRTCManager: ═══════════════════════════════════════════════════
02-08 04:38:50.793 23373 24169 E WebRTCManager: ❌ AUDIO RECORD INIT ERROR: Cannot create AudioRecord
02-08 04:38:50.807 23373 24169 E WebRTCManager: ❌ AUDIO RECORD INIT ERROR: Cannot create AudioRecord
02-08 04:38:51.244 23373 23373 D WebRTCManager: ═══════════════════════════════════════════════════
02-08 04:38:51.244 23373 23373 D WebRTCManager: 🔍 VERIFYING AUDIO SETUP
02-08 04:38:51.245 23373 23373 D WebRTCManager:    ✅ Local audio track OK
02-08 04:38:51.245 23373 23373 D WebRTCManager:    ✅ Remote audio track OK
02-08 04:38:51.246 23373 23373 D WebRTCManager:    ✅ Audio mode OK
02-08 04:38:51.246 23373 23373 D WebRTCManager:    ✅ Voice call volume OK: 9
02-08 04:38:51.246 23373 23373 D WebRTCManager:    Result: ✅ AUDIO SETUP VALID
02-08 04:38:51.247 23373 23373 D WebRTCManager: ═══════════════════════════════════════════════════
02-08 04:38:51.247 23373 23373 D WebRTCManager: ═══════════════════════════════════════════════════
02-08 04:38:51.247 23373 23373 D WebRTCManager: 📊 WEBRTC STATS DEBUG
02-08 04:38:51.247 23373 23373 D WebRTCManager:    State: CONNECTED
02-08 04:38:51.247 23373 23373 D WebRTCManager:    Local audio track: audio0, enabled=true
02-08 04:38:51.248 23373 23373 D WebRTCManager:    Remote audio track: 069a4d09-1460-4199-be58-046a4506e53e, enabled=true
02-08 04:38:51.248 23373 23373 D WebRTCManager:    Muted: false
02-08 04:38:51.250 23373 23373 D WebRTCManager:    Transceiver[0]:
02-08 04:38:51.250 23373 23373 D WebRTCManager:      - Type: MEDIA_TYPE_AUDIO
02-08 04:38:51.250 23373 23373 D WebRTCManager:      - Direction: SEND_RECV
02-08 04:38:51.251 23373 23373 D WebRTCManager:      - Current direction: SEND_RECV
02-08 04:38:51.251 23373 23373 D WebRTCManager:      - Stopped: false
02-08 04:38:51.251 23373 23373 D WebRTCManager:      - Sender track: audio, enabled=true
02-08 04:38:51.252 23373 23373 D WebRTCManager:      - Receiver track: audio, enabled=true
02-08 04:38:51.252 23373 23373 D WebRTCManager:    AudioManager:
02-08 04:38:51.253 23373 23373 D WebRTCManager:      - Mode: 3
02-08 04:38:51.253 23373 23373 D WebRTCManager:      - Speakerphone: false
02-08 04:38:51.254 23373 23373 D WebRTCManager:      - Microphone muted: false
02-08 04:38:51.254 23373 23373 D WebRTCManager:      - Voice call volume: 9
02-08 04:38:51.255 23373 23373 D WebRTCManager:      - Music volume: 13
02-08 04:38:51.255 23373 23373 D WebRTCManager: ═══════════════════════════════════════════════════
02-08 04:39:10.025 23373 23424 D CallManager: 📨 [MessageCollector] Received: CallEnded
02-08 04:39:10.026 23373 23424 D CallManager: 📩 Processing message: CallEnded
02-08 04:39:10.026 23373 23424 D CallManager: 📞 Call ended: dbc9231d-e9f2-45d4-8380-88fb32301e78, reason: ended
02-08 04:39:10.030 23373 23424 D WebRTCManager: ═══════════════════════════════════════════════════
02-08 04:39:10.030 23373 23424 D WebRTCManager: 🛑 Closing WebRTC connection
02-08 04:39:10.030 23373 23424 D WebRTCManager:    Final state:
02-08 04:39:10.031 23373 23424 D WebRTCManager:    - Local audio track: true, enabled=true
02-08 04:39:10.032 23373 23424 D WebRTCManager:    - Remote audio track: true, enabled=true
02-08 04:39:10.033 23373 23424 D WebRTCManager:    - Connection state: CONNECTED
02-08 04:39:10.039 23373 23424 D WebRTCManager: Audio configuration restored
02-08 04:39:10.043 23373 24170 D WebRTCManager: ═══════════════════════════════════════════════════
02-08 04:39:10.044 23373 24170 D WebRTCManager: 🔗 ICE connection state: CLOSED
02-08 04:39:10.044 23373 24170 D WebRTCManager:    🚫 ICE CLOSED
02-08 04:39:10.044 23373 24170 D WebRTCManager: ═══════════════════════════════════════════════════
02-08 04:39:10.045 23373 24170 D WebRTCManager: Signaling state: CLOSED
02-08 04:39:10.103 23373 24169 D WebRTCManager: ═══════════════════════════════════════════════════
02-08 04:39:10.103 23373 24169 D WebRTCManager: 🔇 AUDIO TRACK STOPPED - Remote audio playback ended!
02-08 04:39:10.103 23373 24169 D WebRTCManager: ═══════════════════════════════════════════════════
02-08 04:39:10.114 23373 23424 D WebRTCManager: ═══════════════════════════════════════════════════
02-08 04:40:33.894 23373 23424 D CallManager: 📨 [MessageCollector] Received: IncomingPreview
02-08 04:40:33.894 23373 23424 D CallManager: 📩 Processing message: IncomingPreview
02-08 04:40:33.895 23373 23424 D CallManager: 📬 Incoming preview: topic=Advice, text=w
02-08 04:40:34.914 23373 23373 D CallManager: 👆 acceptPreview() called - shareId: 282cd98f-308a-46f0-837a-0938706ed200
02-08 04:40:34.914 23373 23373 D CallManager:    Current thread: main
02-08 04:40:34.914 23373 23373 D CallManager:    Stored call params: duration=10, topic=Advice
02-08 04:40:34.915 23373 23373 D CallManager:    Sent preview_accept to server
02-08 04:40:34.915 23373 23373 D CallManager:    Cleared incomingPreview
02-08 04:40:34.923 23373 23424 D CallManager: 📨 [MessageCollector] Received: MatchMade
02-08 04:40:34.923 23373 23424 D CallManager: 📩 Processing message: MatchMade
02-08 04:40:34.923 23373 23424 D CallManager: ═══════════════════════════════════════════════════
02-08 04:40:34.923 23373 23424 D CallManager: 🎯 MATCH MADE RECEIVED!
02-08 04:40:34.923 23373 23424 D CallManager:    Thread: DefaultDispatcher-worker-2
02-08 04:40:34.923 23373 23424 D CallManager:    Call ID: 00f45998-b5cc-491b-9807-99ffa674e72a
02-08 04:40:34.923 23373 23424 D CallManager:    Role: listener
02-08 04:40:34.923 23373 23424 D CallManager:    Duration: 10 min
02-08 04:40:34.923 23373 23424 D CallManager:    Topic: Advice
02-08 04:40:34.923 23373 23424 D CallManager:    Intent: w
02-08 04:40:34.923 23373 23424 D CallManager:    TURN servers: 2
02-08 04:40:34.923 23373 23424 D CallManager: ═══════════════════════════════════════════════════
02-08 04:40:34.923 23373 23424 D CallManager:    Step 1: Setting currentRole to 'listener'
02-08 04:40:34.923 23373 23424 D CallManager:    ✓ currentRole is now: listener
02-08 04:40:34.923 23373 23424 D CallManager:    Step 2: Setting matchConsumed to false
02-08 04:40:34.923 23373 23424 D CallManager:    Step 3: Setting currentCallId to '00f45998-b5cc-491b-9807-99ffa674e72a'
02-08 04:40:34.923 23373 23424 D CallManager:    Step 4: Clearing pendingShareId and incomingPreview
02-08 04:40:34.923 23373 23424 D CallManager:    Step 5: Updating call parameters
02-08 04:40:34.923 23373 23424 D CallManager:    Step 6: Setting matchInfo (THIS TRIGGERS NAVIGATION)
02-08 04:40:34.924 23373 23424 D CallManager:    ✓ matchInfo is now set
02-08 04:40:34.924 23373 23424 D CallManager: 📞 All state updated, now initializing WebRTC...
02-08 04:40:34.924 23373 23424 D CallManager:    TURN: [turn:localhost:3478]
02-08 04:40:34.924 23373 23424 D CallManager:    TURN: [stun:stun.l.google.com:19302]
02-08 04:40:34.924 23373 23424 D CallManager: 🎬 Step 7: Calling initializeWebRTC(isInitiator=false)
02-08 04:40:34.924 23373 23424 D CallManager: ═══════════════════════════════════════════════════
02-08 04:40:34.924 23373 23424 D CallManager: 🎬 initializeWebRTC CALLED
02-08 04:40:34.924 23373 23424 D CallManager:    Thread: DefaultDispatcher-worker-2
02-08 04:40:34.924 23373 23424 D CallManager:    isInitiator: false
02-08 04:40:34.924 23373 23424 D CallManager:    turnServers: 2
02-08 04:40:34.924 23373 23424 D CallManager:    callId: 00f45998-b5cc-491b-9807-99ffa674e72a
02-08 04:40:34.924 23373 23424 D CallManager:    isWebRTCInitializing: false
02-08 04:40:34.924 23373 23424 D CallManager:    lastInitializedCallId: null
