--------- beginning of main
02-08 04:36:26.914 23373 23373 D WebRTCManager: ═══════════════════════════════════════════════════
02-08 04:36:26.914 23373 23373 D WebRTCManager: 🏭 INITIALIZING PeerConnectionFactory (ONCE)
02-08 04:36:26.914 23373 23373 D WebRTCManager:    Thread: main
02-08 04:36:26.941 23373 23373 D WebRTCManager:    ✓ PeerConnectionFactory initialized successfully
02-08 04:36:26.941 23373 23373 D WebRTCManager: ═══════════════════════════════════════════════════
02-08 04:36:26.958 23373 23373 D CallManager: ═══════════════════════════════════════════════════
02-08 04:36:26.958 23373 23373 D CallManager: 🚀 initialize() CALLED
02-08 04:36:26.958 23373 23373 D CallManager:    Thread: main
02-08 04:36:26.959 23373 23373 D CallManager:    isInitialized: false
02-08 04:36:26.959 23373 23373 D CallManager:    ✓ Set isInitialized = true
02-08 04:36:26.959 23373 23373 D CallManager:    ✓ appContext set
02-08 04:36:26.959 23373 23373 D CallManager:    Existing userId from prefs: f86e4a9a-c8a1-4e4b-bba2-d47846a32a41
02-08 04:36:26.959 23373 23373 D CallManager:    📱 Final User ID: f86e4a9a-c8a1-4e4b-bba2-d47846a32a41
02-08 04:36:26.959 23373 23373 D CallManager:    🔌 Connecting to signaling server...
02-08 04:36:27.017 23373 23373 D CallManager:    ✓ signalingClient.connect() called
02-08 04:36:27.017 23373 23373 D CallManager:    📨 Starting message collector coroutine...
02-08 04:36:27.024 23373 23373 D CallManager:    🔌 Starting connection state collector coroutine...
02-08 04:36:27.025 23373 23373 D CallManager:    ✅ All collector coroutines launched
02-08 04:36:27.025 23373 23373 D CallManager: ═══════════════════════════════════════════════════
02-08 04:36:27.026 23373 23425 D CallManager:    [ConnectionStateCollector] Coroutine started
02-08 04:36:27.026 23373 23423 D CallManager:    [MessageCollector] Coroutine started
02-08 04:36:27.028 23373 23425 D CallManager: 🔌 [ConnectionStateCollector] State: CONNECTING
02-08 04:36:27.028 23373 23425 D CallManager:    currentCallId: null
02-08 04:36:27.028 23373 23425 D CallManager:    currentRole: null
02-08 04:36:27.028 23373 23425 D CallManager:    hasAutoRegistered: false
02-08 04:36:27.056 23373 23423 D CallManager: 🔌 [ConnectionStateCollector] State: CONNECTED
02-08 04:36:27.056 23373 23423 D CallManager:    currentCallId: null
02-08 04:36:27.056 23373 23423 D CallManager:    currentRole: null
02-08 04:36:27.056 23373 23423 D CallManager:    hasAutoRegistered: false
02-08 04:36:27.056 23373 23423 D CallManager:    📝 Registering as listener...
02-08 04:36:27.063 23373 23423 D CallManager:    ✓ register() called
02-08 04:36:27.063 23373 23423 D CallManager:    📡 Setting availability to true...
02-08 04:36:27.066 23373 23423 D CallManager:    ✅ Auto-registered as listener with availability ON
02-08 04:36:27.066 23373 23423 D CallManager:    🔑 Registering FCM token...
02-08 04:36:27.066 23373 23423 D CallManager: 🔑 registerFcmToken() called
02-08 04:36:27.066 23373 23423 D CallManager:    hasFcmTokenRegistered: false
02-08 04:36:27.066 23373 23423 D CallManager:    ✓ Set hasFcmTokenRegistered = true
02-08 04:36:27.091 23373 23423 D CallManager: 📨 [MessageCollector] Received: AvailabilityConfirmed
02-08 04:36:27.091 23373 23423 D CallManager: 📩 Processing message: AvailabilityConfirmed
02-08 04:36:27.092 23373 23423 D CallManager: ❓ Unhandled message type: AvailabilityConfirmed
02-08 04:36:27.105 23373 23423 D CallManager: 📨 [MessageCollector] Received: Connected
02-08 04:36:27.105 23373 23423 D CallManager: 📩 Processing message: Connected
02-08 04:36:27.105 23373 23423 D CallManager: 🔗 Connected with client ID: anon_67f3c2f5-cdd6-4d10-beaf-79b7bbe5bacc
02-08 04:36:28.473 23373 23373 D CallManager: ═══════════════════════════════════════════════════
02-08 04:36:28.473 23373 23373 D CallManager: 🚀 initialize() CALLED
02-08 04:36:28.473 23373 23373 D CallManager:    Thread: main
02-08 04:36:28.473 23373 23373 D CallManager:    isInitialized: true
02-08 04:36:28.473 23373 23373 D CallManager:    ⚠️ Already initialized - returning early
02-08 04:36:28.473 23373 23373 D CallManager: ═══════════════════════════════════════════════════
02-08 04:36:28.473 23373 23373 D CallManager: ═══════════════════════════════════════════════════
02-08 04:36:28.473 23373 23373 D CallManager: 👂 setRoleListener() CALLED
02-08 04:36:28.473 23373 23373 D CallManager:    Thread: main
02-08 04:36:28.473 23373 23373 D CallManager:    available: true
02-08 04:36:28.474 23373 23373 D CallManager:    topics: []
02-08 04:36:28.474 23373 23373 D CallManager:    Current role: listener
02-08 04:36:28.474 23373 23373 D CallManager:    Current availability: true
02-08 04:36:28.474 23373 23373 D CallManager:    Connection state: CONNECTED
02-08 04:36:28.474 23373 23373 D CallManager:    roleChanged: false
02-08 04:36:28.474 23373 23373 D CallManager:    availabilityChanged: false
02-08 04:36:28.474 23373 23373 D CallManager:    ⚠️ No change needed - returning early
02-08 04:36:28.474 23373 23373 D CallManager: ═══════════════════════════════════════════════════
02-08 04:36:28.478 23373 23373 D CallManager:    ✓ Got FCM token: dpm68BuVTQCsALXnTZNL...
02-08 04:36:51.432 23373 23425 D CallManager: 📨 [MessageCollector] Received: IncomingPreview
02-08 04:36:51.432 23373 23425 D CallManager: 📩 Processing message: IncomingPreview
02-08 04:36:51.433 23373 23425 D CallManager: 📬 Incoming preview: topic=Grief, text=quick question for me and I will be in the office tomorrow so I can 
02-08 04:36:52.622 23373 23373 D CallManager: 👆 acceptPreview() called - shareId: 9b7c61cf-e063-43c2-8c9b-cedd3c7b4732
02-08 04:36:52.622 23373 23373 D CallManager:    Current thread: main
02-08 04:36:52.622 23373 23373 D CallManager:    Stored call params: duration=10, topic=Grief
02-08 04:36:52.623 23373 23373 D CallManager:    Sent preview_accept to server
02-08 04:36:52.623 23373 23373 D CallManager:    Cleared incomingPreview
02-08 04:36:52.635 23373 23425 D CallManager: 📨 [MessageCollector] Received: MatchMade
02-08 04:36:52.636 23373 23425 D CallManager: 📩 Processing message: MatchMade
02-08 04:36:52.636 23373 23425 D CallManager: ═══════════════════════════════════════════════════
02-08 04:36:52.636 23373 23425 D CallManager: 🎯 MATCH MADE RECEIVED!
02-08 04:36:52.636 23373 23425 D CallManager:    Thread: DefaultDispatcher-worker-3
02-08 04:36:52.636 23373 23425 D CallManager:    Call ID: db4d2252-9a3d-4785-b9cc-1d8fd58ae17c
02-08 04:36:52.636 23373 23425 D CallManager:    Role: listener
02-08 04:36:52.636 23373 23425 D CallManager:    Duration: 10 min
02-08 04:36:52.636 23373 23425 D CallManager:    Topic: Grief
02-08 04:36:52.636 23373 23425 D CallManager:    Intent: quick question for me and I will be in the office tomorrow so I can 
02-08 04:36:52.636 23373 23425 D CallManager:    TURN servers: 2
02-08 04:36:52.636 23373 23425 D CallManager: ═══════════════════════════════════════════════════
02-08 04:36:52.636 23373 23425 D CallManager:    Step 1: Setting currentRole to 'listener'
02-08 04:36:52.636 23373 23425 D CallManager:    ✓ currentRole is now: listener
02-08 04:36:52.636 23373 23425 D CallManager:    Step 2: Setting matchConsumed to false
02-08 04:36:52.637 23373 23425 D CallManager:    Step 3: Setting currentCallId to 'db4d2252-9a3d-4785-b9cc-1d8fd58ae17c'
02-08 04:36:52.637 23373 23425 D CallManager:    Step 4: Clearing pendingShareId and incomingPreview
02-08 04:36:52.637 23373 23425 D CallManager:    Step 5: Updating call parameters
02-08 04:36:52.637 23373 23425 D CallManager:    Step 6: Setting matchInfo (THIS TRIGGERS NAVIGATION)
02-08 04:36:52.637 23373 23425 D CallManager:    ✓ matchInfo is now set
02-08 04:36:52.637 23373 23425 D CallManager: 📞 All state updated, now initializing WebRTC...
02-08 04:36:52.637 23373 23425 D CallManager:    TURN: [turn:localhost:3478]
02-08 04:36:52.637 23373 23425 D CallManager:    TURN: [stun:stun.l.google.com:19302]
02-08 04:36:52.637 23373 23425 D CallManager: 🎬 Step 7: Calling initializeWebRTC(isInitiator=false)
02-08 04:36:52.637 23373 23425 D CallManager: ═══════════════════════════════════════════════════
02-08 04:36:52.637 23373 23425 D CallManager: 🎬 initializeWebRTC CALLED
02-08 04:36:52.637 23373 23425 D CallManager:    Thread: DefaultDispatcher-worker-3
02-08 04:36:52.637 23373 23425 D CallManager:    isInitiator: false
02-08 04:36:52.637 23373 23425 D CallManager:    turnServers: 2
02-08 04:36:52.638 23373 23425 D CallManager:    callId: db4d2252-9a3d-4785-b9cc-1d8fd58ae17c
02-08 04:36:52.638 23373 23425 D CallManager:    isWebRTCInitializing: false
02-08 04:36:52.638 23373 23425 D CallManager:    lastInitializedCallId: null
02-08 04:36:52.638 23373 23425 D CallManager: ═══════════════════════════════════════════════════
02-08 04:36:52.638 23373 23425 D CallManager:    Set isWebRTCInitializing = true
02-08 04:36:52.638 23373 23425 D CallManager:    Cancelled previous WebRTC job
02-08 04:36:52.638 23373 23425 D CallManager:    Launching coroutine on Main thread...
02-08 04:36:52.638 23373 23425 D CallManager:    ✓ initializeWebRTC launched
02-08 04:36:52.718 23373 23373 D CallManager: 🔧 initializeWebRTC - NOW ON MAIN THREAD
02-08 04:36:52.718 23373 23373 D CallManager:    Thread: main
02-08 04:36:52.718 23373 23373 D CallManager: 🆕 Creating new WebRTCManager...
02-08 04:36:52.719 23373 23373 D WebRTCManager: ═══════════════════════════════════════════════════
02-08 04:36:52.719 23373 23373 D WebRTCManager: 🆕 WebRTCManager CONSTRUCTOR CALLED
02-08 04:36:52.719 23373 23373 D WebRTCManager:    Thread: main
02-08 04:36:52.719 23373 23373 D WebRTCManager: ═══════════════════════════════════════════════════
02-08 04:36:52.719 23373 23373 D WebRTCManager: PeerConnectionFactory already initialized
02-08 04:36:52.719 23373 23373 D WebRTCManager: 🏭 initializePeerConnectionFactory starting...
02-08 04:36:52.719 23373 23373 D WebRTCManager:    ⚠️ Voice anonymization TEMPORARILY DISABLED for debugging
02-08 04:36:52.754 23373 23373 D WebRTCManager:    ✅ JavaAudioDeviceModule created
02-08 04:36:52.754 23373 23373 D WebRTCManager:       - Hardware AEC enabled: true
02-08 04:36:52.754 23373 23373 D WebRTCManager:       - Hardware NS enabled: true
02-08 04:36:52.778 23373 23373 D WebRTCManager:    ✅ PeerConnectionFactory created (standard audio, no voice processing)
02-08 04:36:52.778 23373 23373 D WebRTCManager:    ✓ WebRTCManager constructor completed
02-08 04:36:52.780 23373 23373 D CallManager: 🔌 Creating peer connection...
02-08 04:36:52.780 23373 23373 D WebRTCManager: ═══════════════════════════════════════════════════
02-08 04:36:52.780 23373 23373 D WebRTCManager: 🔌 createPeerConnection CALLED
02-08 04:36:52.780 23373 23373 D WebRTCManager:    isInitiator: false
02-08 04:36:52.780 23373 23373 D WebRTCManager:    Role: LISTENER (will wait for offer)
02-08 04:36:52.781 23373 23373 D WebRTCManager:    TURN servers: 2
02-08 04:36:52.781 23373 23373 D WebRTCManager:    - [turn:localhost:3478]
02-08 04:36:52.781 23373 23373 D WebRTCManager:    - [stun:stun.l.google.com:19302]
02-08 04:36:52.781 23373 23373 D WebRTCManager: ═══════════════════════════════════════════════════
02-08 04:36:52.781 23373 23373 D WebRTCManager: ═══════════════════════════════════════════════════
02-08 04:36:52.781 23373 23373 D WebRTCManager: 🔊 configureAudioForCall CALLED
02-08 04:36:52.786 23373 23373 D WebRTCManager:    Saved audio mode: 0, speakerphone: false
02-08 04:36:52.788 23373 23373 D WebRTCManager:    Set mode to MODE_IN_COMMUNICATION
02-08 04:36:52.795 23373 23373 D WebRTCManager:    Set speakerphone OFF (prevents echo)
02-08 04:36:52.928 23373 23373 D WebRTCManager:    Set VOICE_CALL volume to 9 / 11
02-08 04:36:52.962 23373 23373 D WebRTCManager:    Set MUSIC volume to 13 / 15 (fallback)
02-08 04:36:52.968 23373 23373 D WebRTCManager:    Audio focus request result: 1 (1=granted)
02-08 04:36:52.968 23373 23373 D WebRTCManager:    ─────────────────────────────────────────────
02-08 04:36:52.968 23373 23373 D WebRTCManager:    FINAL AUDIO STATE:
02-08 04:36:52.972 23373 23373 D WebRTCManager:    - Mode: 3 (3=MODE_IN_COMMUNICATION)
02-08 04:36:52.973 23373 23373 D WebRTCManager:    - Speakerphone: false
02-08 04:36:52.974 23373 23373 D WebRTCManager:    - Microphone muted: false
02-08 04:36:52.978 23373 23373 D WebRTCManager:    - Music active: false
02-08 04:36:53.029 23373 23373 D WebRTCManager:    - Voice call volume: 9
02-08 04:36:53.029 23373 23373 D WebRTCManager: ═══════════════════════════════════════════════════
02-08 04:36:53.030 23373 23373 D WebRTCManager:    ICE servers built: 3
02-08 04:36:53.053 23373 23373 D WebRTCManager: ✅ PeerConnection created
02-08 04:36:53.054 23373 23373 D WebRTCManager: ═══════════════════════════════════════════════════
02-08 04:36:53.054 23373 23373 D WebRTCManager: 🎤 createLocalAudioTrack CALLED
02-08 04:36:53.054 23373 23373 D WebRTCManager:    Thread: main
02-08 04:36:53.054 23373 23373 D WebRTCManager:    peerConnectionFactory: true
02-08 04:36:53.054 23373 23373 D WebRTCManager:    peerConnection: true
02-08 04:36:53.054 23373 23373 D WebRTCManager:    ✓ Audio constraints created
02-08 04:36:53.057 23373 23373 D WebRTCManager:    audioSource created: true
02-08 04:36:53.061 23373 23373 D WebRTCManager:    localAudioTrack created: true
02-08 04:36:53.065 23373 23373 D WebRTCManager:    localAudioTrack enabled: true
02-08 04:36:53.066 23373 23546 D WebRTCManager: Renegotiation needed
02-08 04:36:53.067 23373 23373 D WebRTCManager:    Track added to peerConnection, sender: true
02-08 04:36:53.067 23373 23373 D WebRTCManager:    Sender track: audio
02-08 04:36:53.067 23373 23373 D WebRTCManager:    ─────────────────────────────────────────────
02-08 04:36:53.067 23373 23373 D WebRTCManager:    TRANSCEIVERS AFTER ADDING LOCAL TRACK:
02-08 04:36:53.070 23373 23373 D WebRTCManager:    Transceiver[0]:
02-08 04:36:53.071 23373 23373 D WebRTCManager:      - mediaType: MEDIA_TYPE_AUDIO
02-08 04:36:53.073 23373 23373 D WebRTCManager:      - direction: SEND_RECV
02-08 04:36:53.073 23373 23373 D WebRTCManager:      - currentDirection: null
02-08 04:36:53.073 23373 23373 D WebRTCManager:      - mid: null
02-08 04:36:53.074 23373 23373 D WebRTCManager:      - sender.track: audio
02-08 04:36:53.074 23373 23373 D WebRTCManager:      - receiver.track: audio
02-08 04:36:53.074 23373 23373 D WebRTCManager:    ─────────────────────────────────────────────
02-08 04:36:53.074 23373 23373 D WebRTCManager: ═══════════════════════════════════════════════════
02-08 04:36:53.074 23373 23373 D WebRTCManager: ✅ Local audio track created - THIS DEVICE CAN NOW TRANSMIT AUDIO
02-08 04:36:53.074 23373 23373 D WebRTCManager: 🔄 State set to CONNECTING
02-08 04:36:53.075 23373 23373 D WebRTCManager: PeerConnection created (initiator: false)
02-08 04:36:53.075 23373 23373 D CallManager: ✅ WebRTC initialized successfully, isInitiator: false
02-08 04:36:53.119 23373 23373 D CallManager: 🔊 WebRTC state changed: CONNECTING
02-08 04:36:53.133 23373 23373 D CallManager: ═══════════════════════════════════════════════════
02-08 04:36:53.133 23373 23373 D CallManager: 🔒 tryConsumeMatch() CALLED
02-08 04:36:53.133 23373 23373 D CallManager:    Thread: main
02-08 04:36:53.133 23373 23373 D CallManager:    Current _matchConsumed.value: false
02-08 04:36:53.133 23373 23373 D CallManager:    Current matchInfo: db4d2252-9a3d-4785-b9cc-1d8fd58ae17c
02-08 04:36:53.133 23373 23373 D CallManager:    [INSIDE LOCK] Checking consumed state...
02-08 04:36:53.134 23373 23373 D CallManager:    ✓ Match consumed successfully - returning true
02-08 04:36:53.134 23373 23373 D CallManager: ═══════════════════════════════════════════════════
02-08 04:36:53.289 23373 23423 D CallManager: 📨 [MessageCollector] Received: WebRtcOffer
02-08 04:36:53.289 23373 23423 D CallManager: 📩 Processing message: WebRtcOffer
02-08 04:36:53.290 23373 23423 D CallManager: 📥 Received WebRTC OFFER, sdp length: 1175
02-08 04:36:53.290 23373 23423 D WebRTCManager: ═══════════════════════════════════════════════════
02-08 04:36:53.290 23373 23423 D WebRTCManager: 📥 setRemoteDescription CALLED
02-08 04:36:53.290 23373 23423 D WebRTCManager:    Thread: DefaultDispatcher-worker-1
02-08 04:36:53.290 23373 23423 D WebRTCManager:    isAnswer: false
02-08 04:36:53.290 23373 23423 D WebRTCManager:    sdp.type: OFFER
02-08 04:36:53.290 23373 23423 D WebRTCManager:    sdp.description length: 1175
02-08 04:36:53.290 23373 23423 D WebRTCManager:    hasRemoteDescriptionBeenSet: false
02-08 04:36:53.290 23373 23423 D WebRTCManager:    peerConnection: true
02-08 04:36:53.290 23373 23423 D WebRTCManager:    ✓ Set hasRemoteDescriptionBeenSet = true
02-08 04:36:53.295 23373 23546 D WebRTCManager: Signaling state: HAVE_REMOTE_OFFER
02-08 04:36:53.296 23373 23546 D WebRTCManager: ═══════════════════════════════════════════════════
02-08 04:36:53.296 23373 23546 D WebRTCManager: 🔊 onTrack - TRANSCEIVER RECEIVED!
02-08 04:36:53.296 23373 23546 D WebRTCManager:    Thread: signaling_threa - 23546
02-08 04:36:53.296 23373 23546 D WebRTCManager:    transceiver: true
02-08 04:36:53.296 23373 23546 D WebRTCManager:    mediaType: MEDIA_TYPE_AUDIO
02-08 04:36:53.297 23373 23546 D WebRTCManager:    direction: SEND_RECV
02-08 04:36:53.297 23373 23546 D WebRTCManager:    mid: 0
02-08 04:36:53.297 23373 23546 D WebRTCManager:    currentDirection: null
02-08 04:36:53.297 23373 23546 D WebRTCManager:    isStopped: false
02-08 04:36:53.297 23373 23546 D WebRTCManager:    This is an AUDIO transceiver
02-08 04:36:53.297 23373 23546 D WebRTCManager:    Receiver track: kind=audio, id=1d787801-0b39-476b-ba63-afdeb0c8615c, enabled=true
02-08 04:36:53.297 23373 23546 D WebRTCManager:    ✅ Remote audio track from transceiver ENABLED!
02-08 04:36:53.298 23373 23546 D WebRTCManager:    Track state: LIVE
02-08 04:36:53.298 23373 23546 D WebRTCManager:    Track enabled: true
02-08 04:36:53.298 23373 23546 D WebRTCManager:    Sender track (local): kind=audio, id=audio0, enabled=true
02-08 04:36:53.298 23373 23546 D WebRTCManager: ═══════════════════════════════════════════════════
02-08 04:36:53.299 23373 23546 D WebRTCManager: ═══════════════════════════════════════════════════
02-08 04:36:53.299 23373 23546 D WebRTCManager: 🔊 onAddTrack - REMOTE TRACK ADDED!
02-08 04:36:53.299 23373 23546 D WebRTCManager:    Thread: signaling_threa - 23546
02-08 04:36:53.299 23373 23546 D WebRTCManager:    receiver: true
02-08 04:36:53.299 23373 23546 D WebRTCManager:    receiver.track: org.webrtc.AudioTrack@4f718c3
02-08 04:36:53.299 23373 23546 D WebRTCManager:    receiver.track kind: audio
02-08 04:36:53.299 23373 23546 D WebRTCManager:    receiver.track id: 1d787801-0b39-476b-ba63-afdeb0c8615c
02-08 04:36:53.300 23373 23546 D WebRTCManager:    receiver.track enabled: true
02-08 04:36:53.300 23373 23546 D WebRTCManager:    streams count: 1
02-08 04:36:53.300 23373 23546 D WebRTCManager:    Processing track: kind=audio, id=1d787801-0b39-476b-ba63-afdeb0c8615c
02-08 04:36:53.300 23373 23546 D WebRTCManager:    ✅ Remote audio track ENABLED for playback!
02-08 04:36:53.300 23373 23546 D WebRTCManager:    remoteAudioTrack.id: 1d787801-0b39-476b-ba63-afdeb0c8615c
02-08 04:36:53.300 23373 23546 D WebRTCManager:    remoteAudioTrack.enabled: true
02-08 04:36:53.300 23373 23546 D WebRTCManager:    remoteAudioTrack.state: LIVE
02-08 04:36:53.300 23373 23546 D WebRTCManager:    Current audio state:
02-08 04:36:53.302 23373 23546 D WebRTCManager:    - Mode: 3
02-08 04:36:53.303 23373 23546 D WebRTCManager:    - Speakerphone: false
02-08 04:36:53.318 23373 23546 D WebRTCManager:    - Voice call volume: 9
02-08 04:36:53.318 23373 23546 D WebRTCManager:    Stream ID: stream0
02-08 04:36:53.319 23373 23546 D WebRTCManager:    Audio tracks in stream: 1
02-08 04:36:53.319 23373 23546 D WebRTCManager:    Audio track [0]: id=1d787801-0b39-476b-ba63-afdeb0c8615c, enabled=true
02-08 04:36:53.319 23373 23546 D WebRTCManager: ═══════════════════════════════════════════════════
02-08 04:36:53.319 23373 23546 D WebRTCManager: ═══════════════════════════════════════════════════
02-08 04:36:53.319 23373 23546 D WebRTCManager: 📥 onAddStream - REMOTE STREAM ADDED!
02-08 04:36:53.319 23373 23546 D WebRTCManager:    stream: true
02-08 04:36:53.319 23373 23546 D WebRTCManager:    stream.id: stream0
02-08 04:36:53.319 23373 23546 D WebRTCManager:    audioTracks count: 1
02-08 04:36:53.319 23373 23546 D WebRTCManager:    videoTracks count: 0
02-08 04:36:53.319 23373 23546 D WebRTCManager:    Audio track[0]: id=1d787801-0b39-476b-ba63-afdeb0c8615c, enabled=true, state=LIVE
02-08 04:36:53.319 23373 23546 D WebRTCManager:    Audio track[0] ENABLED: true
02-08 04:36:53.319 23373 23546 D WebRTCManager: ═══════════════════════════════════════════════════
02-08 04:36:53.320 23373 23546 D WebRTCManager:    ✅ Remote description set successfully!
02-08 04:36:53.320 23373 23546 D WebRTCManager:    isAnswer: false
02-08 04:36:53.320 23373 23546 D WebRTCManager:    📤 Creating answer...
02-08 04:36:53.322 23373 23546 D WebRTCManager: ═══════════════════════════════════════════════════
02-08 04:36:53.322 23373 23546 D WebRTCManager: 📤 ANSWER CREATED!
02-08 04:36:53.322 23373 23546 D WebRTCManager:    type: ANSWER
02-08 04:36:53.322 23373 23423 D WebRTCManager: ═══════════════════════════════════════════════════
02-08 04:36:53.322 23373 23546 D WebRTCManager:    description length: 1135
02-08 04:36:53.322 23373 23546 D WebRTCManager:    hasAudio: true
02-08 04:36:53.322 23373 23546 D WebRTCManager:    audioDirection: sendrecv
02-08 04:36:53.323 23373 23546 D WebRTCManager:    Transceivers at answer creation:
02-08 04:36:53.323 23373 23546 D WebRTCManager:      [0] type=MEDIA_TYPE_AUDIO, dir=SEND_RECV, mid=0
02-08 04:36:53.324 23373 23546 D WebRTCManager: ═══════════════════════════════════════════════════
02-08 04:36:53.326 23373 23546 D WebRTCManager: Signaling state: STABLE
02-08 04:36:53.340 23373 23424 D CallManager: 📨 [MessageCollector] Received: IceCandidate
02-08 04:36:53.341 23373 23424 D CallManager: 📩 Processing message: IceCandidate
02-08 04:36:53.341 23373 23424 D CallManager: 📥 Received ICE candidate: candidate:568434763 1 udp 2122063615 127.0.0.1 591...
02-08 04:36:53.500 23373 23577 D WebRTCManager: ═══════════════════════════════════════════════════
02-08 04:36:53.500 23373 23577 D WebRTCManager: 🔊 AUDIO TRACK STARTED - Remote audio playback beginning!
02-08 04:36:53.500 23373 23577 D WebRTCManager: ═══════════════════════════════════════════════════
02-08 04:36:53.502 23373 23546 D WebRTCManager: Local description (answer) set
02-08 04:36:53.581 23373 23373 D CallManager: ═══════════════════════════════════════════════════
02-08 04:36:53.581 23373 23373 D CallManager: 🔒 tryConsumeMatch() CALLED
02-08 04:36:53.582 23373 23373 D CallManager:    Thread: main
02-08 04:36:53.582 23373 23373 D CallManager:    Current _matchConsumed.value: true
02-08 04:36:53.582 23373 23373 D CallManager:    Current matchInfo: db4d2252-9a3d-4785-b9cc-1d8fd58ae17c
02-08 04:36:53.582 23373 23373 D CallManager:    [INSIDE LOCK] Checking consumed state...
02-08 04:36:53.582 23373 23373 D CallManager:    ⚠️ Match already consumed - returning false
02-08 04:36:53.582 23373 23373 D CallManager: ═══════════════════════════════════════════════════
02-08 04:36:53.639 23373 23546 D WebRTCManager: ICE gathering state: GATHERING
02-08 04:36:53.641 23373 23424 D WebRTCManager: Remote ICE candidate added
02-08 04:36:53.643 23373 23424 D CallManager: 📨 [MessageCollector] Received: IceCandidate
02-08 04:36:53.643 23373 23424 D CallManager: 📩 Processing message: IceCandidate
02-08 04:36:53.643 23373 23424 D CallManager: 📥 Received ICE candidate: candidate:452242078 1 udp 2122260223 192.168.1.167...
02-08 04:36:53.644 23373 23572 D CallManager: 📤 Sending ANSWER for call db4d2252-9a3d-4785-b9cc-1d8fd58ae17c
02-08 04:36:53.650 23373 23424 D WebRTCManager: Remote ICE candidate added
02-08 04:36:53.651 23373 23424 D CallManager: 📨 [MessageCollector] Received: IceCandidate
02-08 04:36:53.651 23373 23424 D CallManager: 📩 Processing message: IceCandidate
02-08 04:36:53.651 23373 23424 D CallManager: 📥 Received ICE candidate: candidate:818787011 1 udp 2122136831 ::1 42457 typ...
02-08 04:36:53.652 23373 23424 D WebRTCManager: Remote ICE candidate added
02-08 04:36:53.654 23373 23424 D CallManager: 📨 [MessageCollector] Received: IceCandidate
02-08 04:36:53.654 23373 23424 D CallManager: 📩 Processing message: IceCandidate
02-08 04:36:53.654 23373 23424 D CallManager: 📥 Received ICE candidate: candidate:3741707116 1 udp 1686052607 154.159.237....
02-08 04:36:53.656 23373 23424 D WebRTCManager: Remote ICE candidate added
02-08 04:36:53.657 23373 23424 D CallManager: 📨 [MessageCollector] Received: IceCandidate
02-08 04:36:53.658 23373 23424 D CallManager: 📩 Processing message: IceCandidate
02-08 04:36:53.659 23373 23424 D CallManager: 📥 Received ICE candidate: candidate:834245507 1 tcp 1518214911 10.34.217.178...
02-08 04:36:53.662 23373 23424 D WebRTCManager: Remote ICE candidate added
02-08 04:36:53.663 23373 23424 D CallManager: 📨 [MessageCollector] Received: IceCandidate
02-08 04:36:53.663 23373 23424 D CallManager: 📩 Processing message: IceCandidate
02-08 04:36:53.664 23373 23424 D CallManager: 📥 Received ICE candidate: candidate:3746264287 1 tcp 1518083839 127.0.0.1 51...
02-08 04:36:53.665 23373 23424 D WebRTCManager: Remote ICE candidate added
02-08 04:36:53.666 23373 23424 D CallManager: 📨 [MessageCollector] Received: IceCandidate
02-08 04:36:53.667 23373 23424 D CallManager: 📩 Processing message: IceCandidate
02-08 04:36:53.668 23373 23424 D CallManager: 📥 Received ICE candidate: candidate:3462882903 1 tcp 1518157055 ::1 46171 ty...
02-08 04:36:53.669 23373 23424 D WebRTCManager: Remote ICE candidate added
02-08 04:36:53.675 23373 23546 D WebRTCManager: ═══════════════════════════════════════════════════
02-08 04:36:53.676 23373 23546 D WebRTCManager: 🔗 ICE connection state: CHECKING
02-08 04:36:53.676 23373 23546 D WebRTCManager:    🔍 ICE checking - attempting to connect...
02-08 04:36:53.676 23373 23546 D WebRTCManager: ═══════════════════════════════════════════════════
02-08 04:36:53.691 23373 23546 D WebRTCManager: Local ICE candidate: 0
02-08 04:36:53.695 23373 23546 D WebRTCManager: Local ICE candidate: 0
02-08 04:36:53.697 23373 23546 D WebRTCManager: Local ICE candidate: 0
02-08 04:36:53.725 23373 23572 D CallManager: 📤 Sending ICE candidate for call db4d2252-9a3d-4785-b9cc-1d8fd58ae17c
02-08 04:36:53.731 23373 23572 D CallManager: 📤 Sending ICE candidate for call db4d2252-9a3d-4785-b9cc-1d8fd58ae17c
02-08 04:36:53.735 23373 23572 D CallManager: 📤 Sending ICE candidate for call db4d2252-9a3d-4785-b9cc-1d8fd58ae17c
02-08 04:36:53.747 23373 23546 D WebRTCManager: Local ICE candidate: 0
02-08 04:36:53.757 23373 23572 D CallManager: 📤 Sending ICE candidate for call db4d2252-9a3d-4785-b9cc-1d8fd58ae17c
02-08 04:36:53.799 23373 23546 D WebRTCManager: Local ICE candidate: 0
02-08 04:36:53.805 23373 23546 D WebRTCManager: Local ICE candidate: 0
02-08 04:36:53.806 23373 23572 D CallManager: 📤 Sending ICE candidate for call db4d2252-9a3d-4785-b9cc-1d8fd58ae17c
02-08 04:36:53.806 23373 23546 D WebRTCManager: Local ICE candidate: 0
02-08 04:36:53.807 23373 23546 D WebRTCManager: Local ICE candidate: 0
02-08 04:36:53.808 23373 23572 D CallManager: 📤 Sending ICE candidate for call db4d2252-9a3d-4785-b9cc-1d8fd58ae17c
02-08 04:36:53.809 23373 23572 D CallManager: 📤 Sending ICE candidate for call db4d2252-9a3d-4785-b9cc-1d8fd58ae17c
02-08 04:36:53.810 23373 23572 D CallManager: 📤 Sending ICE candidate for call db4d2252-9a3d-4785-b9cc-1d8fd58ae17c
02-08 04:36:54.007 23373 23546 D WebRTCManager: ═══════════════════════════════════════════════════
02-08 04:36:54.007 23373 23546 D WebRTCManager: 🔗 ICE connection state: CONNECTED
02-08 04:36:54.007 23373 23546 D WebRTCManager:    ✅ ICE CONNECTED - WebRTC call established!
02-08 04:36:54.008 23373 23546 D WebRTCManager:    🔊 Re-applying audio configuration (WebRTC resets it)...
02-08 04:36:54.008 23373 23546 D WebRTCManager:    forceAudioModeForCall: current mode = 3
02-08 04:36:54.009 23373 23373 D CallManager: 🔊 WebRTC state changed: CONNECTED
02-08 04:36:54.009 23373 23373 D CallManager: 🔊 WebRTC CONNECTED - verifying audio setup...
02-08 04:36:54.010 23373 23546 D WebRTCManager:    ✅ Audio mode confirmed: MODE_IN_COMMUNICATION
02-08 04:36:54.010 23373 23546 D WebRTCManager:    ─────────────────────────────────────────────
02-08 04:36:54.010 23373 23546 D WebRTCManager:    AUDIO VERIFICATION ON ICE CONNECTED:
02-08 04:36:54.010 23373 23546 D WebRTCManager:    Local audio track: true
02-08 04:36:54.010 23373 23546 D WebRTCManager:    Local audio enabled: true
02-08 04:36:54.010 23373 23546 D WebRTCManager:    Remote audio track: true
02-08 04:36:54.010 23373 23546 D WebRTCManager:    Remote audio enabled: true
02-08 04:36:54.010 23373 23546 D WebRTCManager:    Transceiver[0]:
02-08 04:36:54.010 23373 23546 D WebRTCManager:      - mediaType: MEDIA_TYPE_AUDIO
02-08 04:36:54.010 23373 23546 D WebRTCManager:      - direction: SEND_RECV
02-08 04:36:54.010 23373 23546 D WebRTCManager:      - currentDirection: SEND_RECV
02-08 04:36:54.010 23373 23546 D WebRTCManager:      - mid: 0
02-08 04:36:54.010 23373 23546 D WebRTCManager:      - Receiver track: kind=audio, enabled=true, state=LIVE
02-08 04:36:54.010 23373 23546 D WebRTCManager:      - Sender track: kind=audio, enabled=true, state=LIVE
02-08 04:36:54.010 23373 23546 D WebRTCManager:    AudioManager state AFTER force:
02-08 04:36:54.011 23373 23546 D WebRTCManager:    - Mode: 3 (3=IN_COMMUNICATION)
02-08 04:36:54.012 23373 23546 D WebRTCManager:    - Speakerphone: false
02-08 04:36:54.012 23373 23546 D WebRTCManager:    - Mic muted: false
02-08 04:36:54.013 23373 23546 D WebRTCManager:    - Voice volume: 9
02-08 04:36:54.013 23373 23546 D WebRTCManager:    ─────────────────────────────────────────────
02-08 04:36:54.013 23373 23546 D WebRTCManager: ═══════════════════════════════════════════════════
02-08 04:36:54.055 23373 23545 E WebRTCManager: ❌ AUDIO RECORD INIT ERROR: Cannot create AudioRecord
02-08 04:36:54.077 23373 23545 E WebRTCManager: ❌ AUDIO RECORD INIT ERROR: Cannot create AudioRecord
02-08 04:36:54.539 23373 23373 D WebRTCManager: ═══════════════════════════════════════════════════
02-08 04:36:54.539 23373 23373 D WebRTCManager: 🔍 VERIFYING AUDIO SETUP
02-08 04:36:54.539 23373 23373 D WebRTCManager:    ✅ Local audio track OK
02-08 04:36:54.539 23373 23373 D WebRTCManager:    ✅ Remote audio track OK
02-08 04:36:54.540 23373 23373 D WebRTCManager:    ✅ Audio mode OK
02-08 04:36:54.541 23373 23373 D WebRTCManager:    ✅ Voice call volume OK: 9
02-08 04:36:54.541 23373 23373 D WebRTCManager:    Result: ✅ AUDIO SETUP VALID
02-08 04:36:54.541 23373 23373 D WebRTCManager: ═══════════════════════════════════════════════════
02-08 04:36:54.541 23373 23373 D WebRTCManager: ═══════════════════════════════════════════════════
02-08 04:36:54.541 23373 23373 D WebRTCManager: 📊 WEBRTC STATS DEBUG
02-08 04:36:54.541 23373 23373 D WebRTCManager:    State: CONNECTED
02-08 04:36:54.541 23373 23373 D WebRTCManager:    Local audio track: audio0, enabled=true
02-08 04:36:54.541 23373 23373 D WebRTCManager:    Remote audio track: 1d787801-0b39-476b-ba63-afdeb0c8615c, enabled=true
02-08 04:36:54.541 23373 23373 D WebRTCManager:    Muted: false
02-08 04:36:54.542 23373 23373 D WebRTCManager:    Transceiver[0]:
02-08 04:36:54.542 23373 23373 D WebRTCManager:      - Type: MEDIA_TYPE_AUDIO
02-08 04:36:54.542 23373 23373 D WebRTCManager:      - Direction: SEND_RECV
02-08 04:36:54.542 23373 23373 D WebRTCManager:      - Current direction: SEND_RECV
02-08 04:36:54.542 23373 23373 D WebRTCManager:      - Stopped: false
02-08 04:36:54.542 23373 23373 D WebRTCManager:      - Sender track: audio, enabled=true
02-08 04:36:54.542 23373 23373 D WebRTCManager:      - Receiver track: audio, enabled=true
02-08 04:36:54.542 23373 23373 D WebRTCManager:    AudioManager:
02-08 04:36:54.543 23373 23373 D WebRTCManager:      - Mode: 3
02-08 04:36:54.543 23373 23373 D WebRTCManager:      - Speakerphone: false
02-08 04:36:54.543 23373 23373 D WebRTCManager:      - Microphone muted: false
02-08 04:36:54.543 23373 23373 D WebRTCManager:      - Voice call volume: 9
02-08 04:36:54.544 23373 23373 D WebRTCManager:      - Music volume: 13
02-08 04:36:54.544 23373 23373 D WebRTCManager: ═══════════════════════════════════════════════════
02-08 04:37:15.337 23373 23373 D CallManager: ═══════════════════════════════════════════════════
02-08 04:37:15.337 23373 23373 D CallManager: 📞 endCall() CALLED
02-08 04:37:15.337 23373 23373 D CallManager:    Thread: main
02-08 04:37:15.337 23373 23373 D CallManager:    Current callId: db4d2252-9a3d-4785-b9cc-1d8fd58ae17c
02-08 04:37:15.337 23373 23373 D CallManager:    Current role: listener
02-08 04:37:15.337 23373 23373 D CallManager:    WebRTC state: CONNECTED
02-08 04:37:15.337 23373 23373 D CallManager:    📤 Sending endCall to server for: db4d2252-9a3d-4785-b9cc-1d8fd58ae17c
02-08 04:37:15.338 23373 23373 D CallManager:    ✓ endCall sent to server
02-08 04:37:15.338 23373 23373 D CallManager:    Cancelling WebRTC job...
02-08 04:37:15.338 23373 23373 D CallManager:    ✓ WebRTC job cancelled
02-08 04:37:15.339 23373 23373 D CallManager:    Closing WebRTC manager...
02-08 04:37:15.339 23373 23373 D WebRTCManager: ═══════════════════════════════════════════════════
02-08 04:37:15.339 23373 23373 D WebRTCManager: 🛑 Closing WebRTC connection
02-08 04:37:15.339 23373 23373 D WebRTCManager:    Final state:
02-08 04:37:15.339 23373 23373 D WebRTCManager:    - Local audio track: true, enabled=true
02-08 04:37:15.339 23373 23373 D WebRTCManager:    - Remote audio track: true, enabled=true
02-08 04:37:15.339 23373 23373 D WebRTCManager:    - Connection state: CONNECTED
02-08 04:37:15.350 23373 23373 D WebRTCManager: Audio configuration restored
02-08 04:37:15.354 23373 23546 D WebRTCManager: ═══════════════════════════════════════════════════
02-08 04:37:15.354 23373 23546 D WebRTCManager: 🔗 ICE connection state: CLOSED
02-08 04:37:15.354 23373 23546 D WebRTCManager:    🚫 ICE CLOSED
02-08 04:37:15.354 23373 23546 D WebRTCManager: ═══════════════════════════════════════════════════
02-08 04:37:15.354 23373 23546 D WebRTCManager: Signaling state: CLOSED
02-08 04:37:15.355 23373 23432 D CallManager: 📨 [MessageCollector] Received: CallEnded
02-08 04:37:15.355 23373 23432 D CallManager: 📩 Processing message: CallEnded
02-08 04:37:15.355 23373 23432 D CallManager: 📞 Call ended: db4d2252-9a3d-4785-b9cc-1d8fd58ae17c, reason: ended
02-08 04:37:15.356 23373 23432 D WebRTCManager: ═══════════════════════════════════════════════════
02-08 04:37:15.356 23373 23432 D WebRTCManager: 🛑 Closing WebRTC connection
02-08 04:37:15.356 23373 23432 D WebRTCManager:    Final state:
02-08 04:37:15.356 23373 23432 D WebRTCManager:    - Local audio track: false, enabled=null
02-08 04:37:15.356 23373 23432 D WebRTCManager:    - Remote audio track: false, enabled=null
02-08 04:37:15.356 23373 23432 D WebRTCManager:    - Connection state: DISCONNECTED
02-08 04:37:15.368 23373 23545 D WebRTCManager: ═══════════════════════════════════════════════════
02-08 04:37:15.369 23373 23545 D WebRTCManager: 🔇 AUDIO TRACK STOPPED - Remote audio playback ended!
02-08 04:37:15.369 23373 23545 D WebRTCManager: ═══════════════════════════════════════════════════
02-08 04:37:15.381 23373 23373 D WebRTCManager: ═══════════════════════════════════════════════════
02-08 04:37:15.381 23373 23373 D CallManager:    ✓ WebRTC manager closed
02-08 04:37:15.381 23373 23373 D CallManager:    Resetting state...
02-08 04:37:15.381 23373 23373 D CallManager:    ✓ State reset
02-08 04:37:15.381 23373 23373 D CallManager:    ✓ Initialization tracking reset
02-08 04:37:15.381 23373 23373 D CallManager: ═══════════════════════════════════════════════════
02-08 04:37:15.381 23373 23373 D CallManager: ✅ Call ended successfully
02-08 04:37:15.498 23373 23432 D WebRTCManager: Audio configuration restored
02-08 04:37:15.498 23373 23432 D WebRTCManager: ═══════════════════════════════════════════════════
02-08 04:37:32.551 23373 23373 D CallManager: Submitting share: Just Talking, Light, 10 min
02-08 04:37:32.560 23373 23432 D CallManager: 📨 [MessageCollector] Received: ShareSubmitted
02-08 04:37:32.560 23373 23432 D CallManager: 📩 Processing message: ShareSubmitted
02-08 04:37:32.560 23373 23432 D CallManager: 📝 Share submitted: 79637c24-10c5-4c18-9e20-5a18cdcb8258, status: queued
02-08 04:37:36.119 23373 23572 D CallManager: 📨 [MessageCollector] Received: MatchMade
02-08 04:37:36.120 23373 23572 D CallManager: 📩 Processing message: MatchMade
02-08 04:37:36.120 23373 23572 D CallManager: ═══════════════════════════════════════════════════
02-08 04:37:36.120 23373 23572 D CallManager: 🎯 MATCH MADE RECEIVED!
02-08 04:37:36.121 23373 23572 D CallManager:    Thread: DefaultDispatcher-worker-7
02-08 04:37:36.121 23373 23572 D CallManager:    Call ID: 156450b1-d364-4080-9c51-ab1e30bc1b7a
02-08 04:37:36.121 23373 23572 D CallManager:    Role: sharer
02-08 04:37:36.121 23373 23572 D CallManager:    Duration: 10 min
02-08 04:37:36.122 23373 23572 D CallManager:    Topic: Just Talking
02-08 04:37:36.122 23373 23572 D CallManager:    Intent: up and about 
02-08 04:37:36.122 23373 23572 D CallManager:    TURN servers: 2
02-08 04:37:36.122 23373 23572 D CallManager: ═══════════════════════════════════════════════════
02-08 04:37:36.122 23373 23572 D CallManager:    Step 1: Setting currentRole to 'sharer'
02-08 04:37:36.123 23373 23572 D CallManager:    ✓ currentRole is now: sharer
02-08 04:37:36.123 23373 23572 D CallManager:    Step 2: Setting matchConsumed to false
02-08 04:37:36.124 23373 23572 D CallManager:    Step 3: Setting currentCallId to '156450b1-d364-4080-9c51-ab1e30bc1b7a'
02-08 04:37:36.124 23373 23572 D CallManager:    Step 4: Clearing pendingShareId and incomingPreview
02-08 04:37:36.124 23373 23572 D CallManager:    Step 5: Updating call parameters
02-08 04:37:36.124 23373 23572 D CallManager:    Step 6: Setting matchInfo (THIS TRIGGERS NAVIGATION)
02-08 04:37:36.124 23373 23572 D CallManager:    ✓ matchInfo is now set
02-08 04:37:36.124 23373 23572 D CallManager: 📞 All state updated, now initializing WebRTC...
02-08 04:37:36.124 23373 23572 D CallManager:    TURN: [turn:localhost:3478]
02-08 04:37:36.124 23373 23572 D CallManager:    TURN: [stun:stun.l.google.com:19302]
02-08 04:37:36.125 23373 23572 D CallManager: 🎬 Step 7: Calling initializeWebRTC(isInitiator=true)
02-08 04:37:36.125 23373 23572 D CallManager: ═══════════════════════════════════════════════════
02-08 04:37:36.125 23373 23572 D CallManager: 🎬 initializeWebRTC CALLED
02-08 04:37:36.125 23373 23572 D CallManager:    Thread: DefaultDispatcher-worker-7
02-08 04:37:36.125 23373 23572 D CallManager:    isInitiator: true
02-08 04:37:36.125 23373 23572 D CallManager:    turnServers: 2
02-08 04:37:36.126 23373 23572 D CallManager:    callId: 156450b1-d364-4080-9c51-ab1e30bc1b7a
02-08 04:37:36.126 23373 23572 D CallManager:    isWebRTCInitializing: false
02-08 04:37:36.126 23373 23572 D CallManager:    lastInitializedCallId: null
02-08 04:37:36.126 23373 23572 D CallManager: ═══════════════════════════════════════════════════
02-08 04:37:36.126 23373 23572 D CallManager:    Set isWebRTCInitializing = true
02-08 04:37:36.126 23373 23572 D CallManager:    Cancelled previous WebRTC job
02-08 04:37:36.126 23373 23572 D CallManager:    Launching coroutine on Main thread...
02-08 04:37:36.127 23373 23572 D CallManager:    ✓ initializeWebRTC launched
02-08 04:37:36.146 23373 23373 D CallManager: ═══════════════════════════════════════════════════
02-08 04:37:36.146 23373 23373 D CallManager: 🔒 tryConsumeMatch() CALLED
02-08 04:37:36.146 23373 23373 D CallManager:    Thread: main
02-08 04:37:36.146 23373 23373 D CallManager:    Current _matchConsumed.value: false
02-08 04:37:36.146 23373 23373 D CallManager:    Current matchInfo: 156450b1-d364-4080-9c51-ab1e30bc1b7a
02-08 04:37:36.146 23373 23373 D CallManager:    [INSIDE LOCK] Checking consumed state...
02-08 04:37:36.146 23373 23373 D CallManager:    ✓ Match consumed successfully - returning true
02-08 04:37:36.146 23373 23373 D CallManager: ═══════════════════════════════════════════════════
02-08 04:37:36.156 23373 23373 D CallManager: 🔧 initializeWebRTC - NOW ON MAIN THREAD
02-08 04:37:36.156 23373 23373 D CallManager:    Thread: main
02-08 04:37:36.156 23373 23373 D CallManager: 🧹 Disposing existing WebRTC manager
02-08 04:37:36.156 23373 23373 D WebRTCManager: ═══════════════════════════════════════════════════
02-08 04:37:36.156 23373 23373 D WebRTCManager: 🛑 Closing WebRTC connection
02-08 04:37:36.156 23373 23373 D WebRTCManager:    Final state:
02-08 04:37:36.156 23373 23373 D WebRTCManager:    - Local audio track: false, enabled=null
02-08 04:37:36.156 23373 23373 D WebRTCManager:    - Remote audio track: false, enabled=null
02-08 04:37:36.156 23373 23373 D WebRTCManager:    - Connection state: IDLE
02-08 04:37:36.159 23373 23373 D WebRTCManager: Audio configuration restored
02-08 04:37:36.159 23373 23373 D WebRTCManager: ═══════════════════════════════════════════════════
02-08 04:37:36.163 23373 23373 D WebRTCManager: WebRTCManager disposed
02-08 04:37:36.163 23373 23373 D CallManager: 🆕 Creating new WebRTCManager...
02-08 04:37:36.163 23373 23373 D WebRTCManager: ═══════════════════════════════════════════════════
02-08 04:37:36.163 23373 23373 D WebRTCManager: 🆕 WebRTCManager CONSTRUCTOR CALLED
02-08 04:37:36.163 23373 23373 D WebRTCManager:    Thread: main
02-08 04:37:36.163 23373 23373 D WebRTCManager: ═══════════════════════════════════════════════════
02-08 04:37:36.163 23373 23373 D WebRTCManager: PeerConnectionFactory already initialized
02-08 04:37:36.163 23373 23373 D WebRTCManager: 🏭 initializePeerConnectionFactory starting...
02-08 04:37:36.163 23373 23373 D WebRTCManager:    ⚠️ Voice anonymization TEMPORARILY DISABLED for debugging
02-08 04:37:36.165 23373 23373 D WebRTCManager:    ✅ JavaAudioDeviceModule created
02-08 04:37:36.165 23373 23373 D WebRTCManager:       - Hardware AEC enabled: true
02-08 04:37:36.165 23373 23373 D WebRTCManager:       - Hardware NS enabled: true
02-08 04:37:36.171 23373 23373 D WebRTCManager:    ✅ PeerConnectionFactory created (standard audio, no voice processing)
02-08 04:37:36.171 23373 23373 D WebRTCManager:    ✓ WebRTCManager constructor completed
02-08 04:37:36.171 23373 23373 D CallManager: 🔌 Creating peer connection...
02-08 04:37:36.171 23373 23373 D WebRTCManager: ═══════════════════════════════════════════════════
02-08 04:37:36.171 23373 23373 D WebRTCManager: 🔌 createPeerConnection CALLED
02-08 04:37:36.172 23373 23373 D WebRTCManager:    isInitiator: true
02-08 04:37:36.172 23373 23373 D WebRTCManager:    Role: SHARER (will create offer)
02-08 04:37:36.172 23373 23373 D WebRTCManager:    TURN servers: 2
02-08 04:37:36.172 23373 23373 D WebRTCManager:    - [turn:localhost:3478]
02-08 04:37:36.172 23373 23373 D WebRTCManager:    - [stun:stun.l.google.com:19302]
02-08 04:37:36.172 23373 23373 D WebRTCManager: ═══════════════════════════════════════════════════
02-08 04:37:36.172 23373 23373 D WebRTCManager: ═══════════════════════════════════════════════════
02-08 04:37:36.172 23373 23373 D WebRTCManager: 🔊 configureAudioForCall CALLED
02-08 04:37:36.173 23373 23373 D WebRTCManager:    Saved audio mode: 0, speakerphone: false
02-08 04:37:36.173 23373 23373 D WebRTCManager:    Set mode to MODE_IN_COMMUNICATION
02-08 04:37:36.174 23373 23373 D WebRTCManager:    Set speakerphone OFF (prevents echo)
02-08 04:37:36.255 23373 23373 D WebRTCManager:    Set VOICE_CALL volume to 9 / 11
02-08 04:37:36.322 23373 23373 D WebRTCManager:    Set MUSIC volume to 13 / 15 (fallback)
02-08 04:37:36.326 23373 23373 D WebRTCManager:    Audio focus request result: 1 (1=granted)
02-08 04:37:36.326 23373 23373 D WebRTCManager:    ─────────────────────────────────────────────
02-08 04:37:36.326 23373 23373 D WebRTCManager:    FINAL AUDIO STATE:
02-08 04:37:36.327 23373 23373 D WebRTCManager:    - Mode: 3 (3=MODE_IN_COMMUNICATION)
02-08 04:37:36.327 23373 23373 D WebRTCManager:    - Speakerphone: false
02-08 04:37:36.328 23373 23373 D WebRTCManager:    - Microphone muted: false
02-08 04:37:36.329 23373 23373 D WebRTCManager:    - Music active: false
02-08 04:37:36.379 23373 23373 D WebRTCManager:    - Voice call volume: 9
02-08 04:37:36.379 23373 23373 D WebRTCManager: ═══════════════════════════════════════════════════
02-08 04:37:36.379 23373 23373 D WebRTCManager:    ICE servers built: 3
02-08 04:37:36.383 23373 23373 D WebRTCManager: ✅ PeerConnection created
02-08 04:37:36.383 23373 23373 D WebRTCManager: ═══════════════════════════════════════════════════
02-08 04:37:36.383 23373 23373 D WebRTCManager: 🎤 createLocalAudioTrack CALLED
02-08 04:37:36.383 23373 23373 D WebRTCManager:    Thread: main
02-08 04:37:36.383 23373 23373 D WebRTCManager:    peerConnectionFactory: true
02-08 04:37:36.383 23373 23373 D WebRTCManager:    peerConnection: true
02-08 04:37:36.383 23373 23373 D WebRTCManager:    ✓ Audio constraints created
02-08 04:37:36.384 23373 23373 D WebRTCManager:    audioSource created: true
02-08 04:37:36.384 23373 23373 D WebRTCManager:    localAudioTrack created: true
02-08 04:37:36.385 23373 23373 D WebRTCManager:    localAudioTrack enabled: true
02-08 04:37:36.385 23373 23940 D WebRTCManager: Renegotiation needed
02-08 04:37:36.386 23373 23373 D WebRTCManager:    Track added to peerConnection, sender: true
02-08 04:37:36.386 23373 23373 D WebRTCManager:    Sender track: audio
02-08 04:37:36.386 23373 23373 D WebRTCManager:    ─────────────────────────────────────────────
02-08 04:37:36.386 23373 23373 D WebRTCManager:    TRANSCEIVERS AFTER ADDING LOCAL TRACK:
02-08 04:37:36.388 23373 23373 D WebRTCManager:    Transceiver[0]:
02-08 04:37:36.388 23373 23373 D WebRTCManager:      - mediaType: MEDIA_TYPE_AUDIO
02-08 04:37:36.389 23373 23373 D WebRTCManager:      - direction: SEND_RECV
02-08 04:37:36.390 23373 23373 D WebRTCManager:      - currentDirection: null
02-08 04:37:36.390 23373 23373 D WebRTCManager:      - mid: null
02-08 04:37:36.390 23373 23373 D WebRTCManager:      - sender.track: audio
02-08 04:37:36.390 23373 23373 D WebRTCManager:      - receiver.track: audio
02-08 04:37:36.390 23373 23373 D WebRTCManager:    ─────────────────────────────────────────────
02-08 04:37:36.390 23373 23373 D WebRTCManager: ═══════════════════════════════════════════════════
02-08 04:37:36.390 23373 23373 D WebRTCManager: ✅ Local audio track created - THIS DEVICE CAN NOW TRANSMIT AUDIO
02-08 04:37:36.390 23373 23373 D WebRTCManager: 🔄 State set to CONNECTING
02-08 04:37:36.391 23373 23373 D WebRTCManager: 📤 Creating offer (we are initiator)
02-08 04:37:36.396 23373 23373 D WebRTCManager: PeerConnection created (initiator: true)
02-08 04:37:36.396 23373 23373 D CallManager: ✅ WebRTC initialized successfully, isInitiator: true
02-08 04:37:36.396 23373 23940 D WebRTCManager: ═══════════════════════════════════════════════════
02-08 04:37:36.397 23373 23940 D WebRTCManager: 📤 OFFER CREATED!
02-08 04:37:36.397 23373 23940 D WebRTCManager:    type: OFFER
02-08 04:37:36.397 23373 23940 D WebRTCManager:    description length: 1173
02-08 04:37:36.397 23373 23940 D WebRTCManager:    hasAudio: true
02-08 04:37:36.397 23373 23940 D WebRTCManager:    audioDirection: sendrecv
02-08 04:37:36.397 23373 23940 D WebRTCManager:    Transceivers at offer creation:
02-08 04:37:36.398 23373 23940 D WebRTCManager:      [0] type=MEDIA_TYPE_AUDIO, dir=SEND_RECV, mid=null
02-08 04:37:36.398 23373 23940 D WebRTCManager: ═══════════════════════════════════════════════════
02-08 04:37:36.402 23373 23940 D WebRTCManager: Signaling state: HAVE_LOCAL_OFFER
02-08 04:37:36.405 23373 23940 D WebRTCManager: Local description set
02-08 04:37:36.435 23373 23940 D WebRTCManager: ICE gathering state: GATHERING
02-08 04:37:36.457 23373 23940 D WebRTCManager: Local ICE candidate: 0
02-08 04:37:36.459 23373 23940 D WebRTCManager: Local ICE candidate: 0
02-08 04:37:36.460 23373 23940 D WebRTCManager: Local ICE candidate: 0
02-08 04:37:36.507 23373 23940 D WebRTCManager: Local ICE candidate: 0
02-08 04:37:36.537 23373 23373 D CallManager: 🔊 WebRTC state changed: CONNECTING
02-08 04:37:36.561 23373 23940 D WebRTCManager: Local ICE candidate: 0
02-08 04:37:36.563 23373 23572 D CallManager: 📤 Sending OFFER for call 156450b1-d364-4080-9c51-ab1e30bc1b7a
02-08 04:37:36.564 23373 23940 D WebRTCManager: Local ICE candidate: 0
02-08 04:37:36.565 23373 23423 D CallManager: 📤 Sending ICE candidate for call 156450b1-d364-4080-9c51-ab1e30bc1b7a
02-08 04:37:36.565 23373 23940 D WebRTCManager: Local ICE candidate: 0
02-08 04:37:36.566 23373 23940 D WebRTCManager: Local ICE candidate: 0
02-08 04:37:36.569 23373 23423 D CallManager: 📤 Sending ICE candidate for call 156450b1-d364-4080-9c51-ab1e30bc1b7a
02-08 04:37:36.572 23373 23423 D CallManager: 📤 Sending ICE candidate for call 156450b1-d364-4080-9c51-ab1e30bc1b7a
02-08 04:37:36.575 23373 23423 D CallManager: 📤 Sending ICE candidate for call 156450b1-d364-4080-9c51-ab1e30bc1b7a
02-08 04:37:36.579 23373 23423 D CallManager: 📤 Sending ICE candidate for call 156450b1-d364-4080-9c51-ab1e30bc1b7a
02-08 04:37:36.583 23373 23423 D CallManager: 📤 Sending ICE candidate for call 156450b1-d364-4080-9c51-ab1e30bc1b7a
02-08 04:37:36.586 23373 23423 D CallManager: 📤 Sending ICE candidate for call 156450b1-d364-4080-9c51-ab1e30bc1b7a
02-08 04:37:36.589 23373 23423 D CallManager: 📤 Sending ICE candidate for call 156450b1-d364-4080-9c51-ab1e30bc1b7a
02-08 04:37:36.776 23373 23423 D CallManager: 📨 [MessageCollector] Received: WebRtcAnswer
02-08 04:37:36.776 23373 23423 D CallManager: 📩 Processing message: WebRtcAnswer
02-08 04:37:36.776 23373 23423 D CallManager: 📥 Received WebRTC ANSWER, sdp length: 1135
