02-08 04:40:34.924 23373 23424 D CallManager: ═══════════════════════════════════════════════════
02-08 04:40:34.924 23373 23424 D CallManager:    Set isWebRTCInitializing = true
02-08 04:40:34.924 23373 23424 D CallManager:    Cancelled previous WebRTC job
02-08 04:40:34.924 23373 23424 D CallManager:    Launching coroutine on Main thread...
02-08 04:40:34.924 23373 23424 D CallManager:    ✓ initializeWebRTC launched
02-08 04:40:34.968 23373 23373 D CallManager: 🔧 initializeWebRTC - NOW ON MAIN THREAD
02-08 04:40:34.968 23373 23373 D CallManager:    Thread: main
02-08 04:40:34.968 23373 23373 D CallManager: 🧹 Disposing existing WebRTC manager
02-08 04:40:34.968 23373 23373 D WebRTCManager: ═══════════════════════════════════════════════════
02-08 04:40:34.968 23373 23373 D WebRTCManager: 🛑 Closing WebRTC connection
02-08 04:40:34.968 23373 23373 D WebRTCManager:    Final state:
02-08 04:40:34.968 23373 23373 D WebRTCManager:    - Local audio track: false, enabled=null
02-08 04:40:34.968 23373 23373 D WebRTCManager:    - Remote audio track: false, enabled=null
02-08 04:40:34.968 23373 23373 D WebRTCManager:    - Connection state: IDLE
02-08 04:40:34.970 23373 23373 D WebRTCManager: Audio configuration restored
02-08 04:40:34.970 23373 23373 D WebRTCManager: ═══════════════════════════════════════════════════
02-08 04:40:34.972 23373 23373 D WebRTCManager: WebRTCManager disposed
02-08 04:40:34.972 23373 23373 D CallManager: 🆕 Creating new WebRTCManager...
02-08 04:40:34.973 23373 23373 D WebRTCManager: ═══════════════════════════════════════════════════
02-08 04:40:34.973 23373 23373 D WebRTCManager: 🆕 WebRTCManager CONSTRUCTOR CALLED
02-08 04:40:34.973 23373 23373 D WebRTCManager:    Thread: main
02-08 04:40:34.973 23373 23373 D WebRTCManager: ═══════════════════════════════════════════════════
02-08 04:40:34.973 23373 23373 D WebRTCManager: PeerConnectionFactory already initialized
02-08 04:40:34.973 23373 23373 D WebRTCManager: 🏭 initializePeerConnectionFactory starting...
02-08 04:40:34.973 23373 23373 D WebRTCManager:    ⚠️ Voice anonymization TEMPORARILY DISABLED for debugging
02-08 04:40:34.974 23373 23373 D WebRTCManager:    ✅ JavaAudioDeviceModule created
02-08 04:40:34.974 23373 23373 D WebRTCManager:       - Hardware AEC enabled: true
02-08 04:40:34.974 23373 23373 D WebRTCManager:       - Hardware NS enabled: true
02-08 04:40:34.979 23373 23373 D WebRTCManager:    ✅ PeerConnectionFactory created (standard audio, no voice processing)
02-08 04:40:34.980 23373 23373 D WebRTCManager:    ✓ WebRTCManager constructor completed
02-08 04:40:34.980 23373 23373 D CallManager: 🔌 Creating peer connection...
02-08 04:40:34.980 23373 23373 D WebRTCManager: ═══════════════════════════════════════════════════
02-08 04:40:34.980 23373 23373 D WebRTCManager: 🔌 createPeerConnection CALLED
02-08 04:40:34.980 23373 23373 D WebRTCManager:    isInitiator: false
02-08 04:40:34.980 23373 23373 D WebRTCManager:    Role: LISTENER (will wait for offer)
02-08 04:40:34.980 23373 23373 D WebRTCManager:    TURN servers: 2
02-08 04:40:34.980 23373 23373 D WebRTCManager:    - [turn:localhost:3478]
02-08 04:40:34.981 23373 23373 D WebRTCManager:    - [stun:stun.l.google.com:19302]
02-08 04:40:34.981 23373 23373 D WebRTCManager: ═══════════════════════════════════════════════════
02-08 04:40:34.981 23373 23373 D WebRTCManager: ═══════════════════════════════════════════════════
02-08 04:40:34.981 23373 23373 D WebRTCManager: 🔊 configureAudioForCall CALLED
02-08 04:40:34.982 23373 23373 D WebRTCManager:    Saved audio mode: 0, speakerphone: false
02-08 04:40:34.983 23373 23373 D WebRTCManager:    Set mode to MODE_IN_COMMUNICATION
02-08 04:40:34.987 23373 23373 D WebRTCManager:    Set speakerphone OFF (prevents echo)
02-08 04:40:35.026 23373 23373 D WebRTCManager:    Set VOICE_CALL volume to 9 / 11
02-08 04:40:35.044 23373 23373 D WebRTCManager:    Set MUSIC volume to 13 / 15 (fallback)
02-08 04:40:35.047 23373 23373 D WebRTCManager:    Audio focus request result: 1 (1=granted)
02-08 04:40:35.047 23373 23373 D WebRTCManager:    ─────────────────────────────────────────────
02-08 04:40:35.047 23373 23373 D WebRTCManager:    FINAL AUDIO STATE:
02-08 04:40:35.047 23373 23373 D WebRTCManager:    - Mode: 3 (3=MODE_IN_COMMUNICATION)
02-08 04:40:35.054 23373 23373 D WebRTCManager:    - Speakerphone: false
02-08 04:40:35.055 23373 23373 D WebRTCManager:    - Microphone muted: false
02-08 04:40:35.056 23373 23373 D WebRTCManager:    - Music active: false
02-08 04:40:35.081 23373 23373 D WebRTCManager:    - Voice call volume: 9
02-08 04:40:35.081 23373 23373 D WebRTCManager: ═══════════════════════════════════════════════════
02-08 04:40:35.081 23373 23373 D WebRTCManager:    ICE servers built: 3
02-08 04:40:35.084 23373 23373 D WebRTCManager: ✅ PeerConnection created
02-08 04:40:35.084 23373 23373 D WebRTCManager: ═══════════════════════════════════════════════════
02-08 04:40:35.084 23373 23373 D WebRTCManager: 🎤 createLocalAudioTrack CALLED
02-08 04:40:35.084 23373 23373 D WebRTCManager:    Thread: main
02-08 04:40:35.084 23373 23373 D WebRTCManager:    peerConnectionFactory: true
02-08 04:40:35.084 23373 23373 D WebRTCManager:    peerConnection: true
02-08 04:40:35.084 23373 23373 D WebRTCManager:    ✓ Audio constraints created
02-08 04:40:35.085 23373 23373 D WebRTCManager:    audioSource created: true
02-08 04:40:35.085 23373 23373 D WebRTCManager:    localAudioTrack created: true
02-08 04:40:35.086 23373 23373 D WebRTCManager:    localAudioTrack enabled: true
02-08 04:40:35.087 23373 24470 D WebRTCManager: Renegotiation needed
02-08 04:40:35.087 23373 23373 D WebRTCManager:    Track added to peerConnection, sender: true
02-08 04:40:35.088 23373 23373 D WebRTCManager:    Sender track: audio
02-08 04:40:35.088 23373 23373 D WebRTCManager:    ─────────────────────────────────────────────
02-08 04:40:35.088 23373 23373 D WebRTCManager:    TRANSCEIVERS AFTER ADDING LOCAL TRACK:
02-08 04:40:35.089 23373 23373 D WebRTCManager:    Transceiver[0]:
02-08 04:40:35.089 23373 23373 D WebRTCManager:      - mediaType: MEDIA_TYPE_AUDIO
02-08 04:40:35.089 23373 23373 D WebRTCManager:      - direction: SEND_RECV
02-08 04:40:35.089 23373 23373 D WebRTCManager:      - currentDirection: null
02-08 04:40:35.090 23373 23373 D WebRTCManager:      - mid: null
02-08 04:40:35.090 23373 23373 D WebRTCManager:      - sender.track: audio
02-08 04:40:35.090 23373 23373 D WebRTCManager:      - receiver.track: audio
02-08 04:40:35.090 23373 23373 D WebRTCManager:    ─────────────────────────────────────────────
02-08 04:40:35.090 23373 23373 D WebRTCManager: ═══════════════════════════════════════════════════
02-08 04:40:35.090 23373 23373 D WebRTCManager: ✅ Local audio track created - THIS DEVICE CAN NOW TRANSMIT AUDIO
02-08 04:40:35.090 23373 23373 D WebRTCManager: 🔄 State set to CONNECTING
02-08 04:40:35.090 23373 23373 D WebRTCManager: PeerConnection created (initiator: false)
02-08 04:40:35.090 23373 23373 D CallManager: ✅ WebRTC initialized successfully, isInitiator: false
02-08 04:40:35.109 23373 23373 D CallManager: 🔊 WebRTC state changed: CONNECTING
02-08 04:40:35.118 23373 23373 D CallManager: ═══════════════════════════════════════════════════
02-08 04:40:35.118 23373 23373 D CallManager: 🔒 tryConsumeMatch() CALLED
02-08 04:40:35.118 23373 23373 D CallManager:    Thread: main
02-08 04:40:35.118 23373 23373 D CallManager:    Current _matchConsumed.value: false
02-08 04:40:35.118 23373 23373 D CallManager:    Current matchInfo: 00f45998-b5cc-491b-9807-99ffa674e72a
02-08 04:40:35.118 23373 23373 D CallManager:    [INSIDE LOCK] Checking consumed state...
02-08 04:40:35.118 23373 23373 D CallManager:    ✓ Match consumed successfully - returning true
02-08 04:40:35.118 23373 23373 D CallManager: ═══════════════════════════════════════════════════
02-08 04:40:35.124 23373 23373 D CallManager: ═══════════════════════════════════════════════════
02-08 04:40:35.124 23373 23373 D CallManager: 🔒 tryConsumeMatch() CALLED
02-08 04:40:35.124 23373 23373 D CallManager:    Thread: main
02-08 04:40:35.124 23373 23373 D CallManager:    Current _matchConsumed.value: true
02-08 04:40:35.124 23373 23373 D CallManager:    Current matchInfo: 00f45998-b5cc-491b-9807-99ffa674e72a
02-08 04:40:35.124 23373 23373 D CallManager:    [INSIDE LOCK] Checking consumed state...
02-08 04:40:35.124 23373 23373 D CallManager:    ⚠️ Match already consumed - returning false
02-08 04:40:35.124 23373 23373 D CallManager: ═══════════════════════════════════════════════════
02-08 04:40:35.326 23373 23423 D CallManager: 📨 [MessageCollector] Received: WebRtcOffer
02-08 04:40:35.326 23373 23423 D CallManager: 📩 Processing message: WebRtcOffer
02-08 04:40:35.326 23373 23423 D CallManager: 📥 Received WebRTC OFFER, sdp length: 1175
02-08 04:40:35.326 23373 23423 D WebRTCManager: ═══════════════════════════════════════════════════
02-08 04:40:35.326 23373 23423 D WebRTCManager: 📥 setRemoteDescription CALLED
02-08 04:40:35.326 23373 23423 D WebRTCManager:    Thread: DefaultDispatcher-worker-1
02-08 04:40:35.326 23373 23423 D WebRTCManager:    isAnswer: false
02-08 04:40:35.326 23373 23423 D WebRTCManager:    sdp.type: OFFER
02-08 04:40:35.326 23373 23423 D WebRTCManager:    sdp.description length: 1175
02-08 04:40:35.326 23373 23423 D WebRTCManager:    hasRemoteDescriptionBeenSet: false
02-08 04:40:35.326 23373 23423 D WebRTCManager:    peerConnection: true
02-08 04:40:35.326 23373 23423 D WebRTCManager:    ✓ Set hasRemoteDescriptionBeenSet = true
02-08 04:40:35.328 23373 24470 D WebRTCManager: Signaling state: HAVE_REMOTE_OFFER
02-08 04:40:35.328 23373 24470 D WebRTCManager: ═══════════════════════════════════════════════════
02-08 04:40:35.328 23373 24470 D WebRTCManager: 🔊 onTrack - TRANSCEIVER RECEIVED!
02-08 04:40:35.329 23373 24470 D WebRTCManager:    Thread: signaling_threa - 24470
02-08 04:40:35.329 23373 24470 D WebRTCManager:    transceiver: true
02-08 04:40:35.329 23373 24470 D WebRTCManager:    mediaType: MEDIA_TYPE_AUDIO
02-08 04:40:35.329 23373 24470 D WebRTCManager:    direction: SEND_RECV
02-08 04:40:35.329 23373 24470 D WebRTCManager:    mid: 0
02-08 04:40:35.329 23373 24470 D WebRTCManager:    currentDirection: null
02-08 04:40:35.329 23373 24470 D WebRTCManager:    isStopped: false
02-08 04:40:35.329 23373 24470 D WebRTCManager:    This is an AUDIO transceiver
02-08 04:40:35.329 23373 24470 D WebRTCManager:    Receiver track: kind=audio, id=c9feb069-6e1e-4699-8e86-506575a91e63, enabled=true
02-08 04:40:35.329 23373 24470 D WebRTCManager:    ✅ Remote audio track from transceiver ENABLED!
02-08 04:40:35.329 23373 24470 D WebRTCManager:    Track state: LIVE
02-08 04:40:35.329 23373 24470 D WebRTCManager:    Track enabled: true
02-08 04:40:35.329 23373 24470 D WebRTCManager:    Sender track (local): kind=audio, id=audio0, enabled=true
02-08 04:40:35.329 23373 24470 D WebRTCManager: ═══════════════════════════════════════════════════
02-08 04:40:35.329 23373 24470 D WebRTCManager: ═══════════════════════════════════════════════════
02-08 04:40:35.329 23373 24470 D WebRTCManager: 🔊 onAddTrack - REMOTE TRACK ADDED!
02-08 04:40:35.329 23373 24470 D WebRTCManager:    Thread: signaling_threa - 24470
02-08 04:40:35.329 23373 24470 D WebRTCManager:    receiver: true
02-08 04:40:35.329 23373 24470 D WebRTCManager:    receiver.track: org.webrtc.AudioTrack@7e1d0c
02-08 04:40:35.329 23373 24470 D WebRTCManager:    receiver.track kind: audio
02-08 04:40:35.329 23373 24470 D WebRTCManager:    receiver.track id: c9feb069-6e1e-4699-8e86-506575a91e63
02-08 04:40:35.329 23373 24470 D WebRTCManager:    receiver.track enabled: true
02-08 04:40:35.329 23373 24470 D WebRTCManager:    streams count: 1
02-08 04:40:35.329 23373 24470 D WebRTCManager:    Processing track: kind=audio, id=c9feb069-6e1e-4699-8e86-506575a91e63
02-08 04:40:35.329 23373 24470 D WebRTCManager:    ✅ Remote audio track ENABLED for playback!
02-08 04:40:35.329 23373 24470 D WebRTCManager:    remoteAudioTrack.id: c9feb069-6e1e-4699-8e86-506575a91e63
02-08 04:40:35.329 23373 24470 D WebRTCManager:    remoteAudioTrack.enabled: true
02-08 04:40:35.329 23373 24470 D WebRTCManager:    remoteAudioTrack.state: LIVE
02-08 04:40:35.329 23373 24470 D WebRTCManager:    Current audio state:
02-08 04:40:35.331 23373 24470 D WebRTCManager:    - Mode: 3
02-08 04:40:35.332 23373 24470 D WebRTCManager:    - Speakerphone: false
02-08 04:40:35.345 23373 24470 D WebRTCManager:    - Voice call volume: 9
02-08 04:40:35.346 23373 24470 D WebRTCManager:    Stream ID: stream0
02-08 04:40:35.346 23373 24470 D WebRTCManager:    Audio tracks in stream: 1
02-08 04:40:35.346 23373 24470 D WebRTCManager:    Audio track [0]: id=c9feb069-6e1e-4699-8e86-506575a91e63, enabled=true
02-08 04:40:35.346 23373 24470 D WebRTCManager: ═══════════════════════════════════════════════════
02-08 04:40:35.346 23373 24470 D WebRTCManager: ═══════════════════════════════════════════════════
02-08 04:40:35.346 23373 24470 D WebRTCManager: 📥 onAddStream - REMOTE STREAM ADDED!
02-08 04:40:35.346 23373 24470 D WebRTCManager:    stream: true
02-08 04:40:35.346 23373 24470 D WebRTCManager:    stream.id: stream0
02-08 04:40:35.346 23373 24470 D WebRTCManager:    audioTracks count: 1
02-08 04:40:35.346 23373 24470 D WebRTCManager:    videoTracks count: 0
02-08 04:40:35.346 23373 24470 D WebRTCManager:    Audio track[0]: id=c9feb069-6e1e-4699-8e86-506575a91e63, enabled=true, state=LIVE
02-08 04:40:35.346 23373 24470 D WebRTCManager:    Audio track[0] ENABLED: true
02-08 04:40:35.346 23373 24470 D WebRTCManager: ═══════════════════════════════════════════════════
02-08 04:40:35.347 23373 24470 D WebRTCManager:    ✅ Remote description set successfully!
02-08 04:40:35.347 23373 24470 D WebRTCManager:    isAnswer: false
02-08 04:40:35.347 23373 24470 D WebRTCManager:    📤 Creating answer...
02-08 04:40:35.348 23373 23423 D WebRTCManager: ═══════════════════════════════════════════════════
02-08 04:40:35.349 23373 24470 D WebRTCManager: ═══════════════════════════════════════════════════
02-08 04:40:35.349 23373 24470 D WebRTCManager: 📤 ANSWER CREATED!
02-08 04:40:35.349 23373 24470 D WebRTCManager:    type: ANSWER
02-08 04:40:35.349 23373 24470 D WebRTCManager:    description length: 1134
02-08 04:40:35.349 23373 24470 D WebRTCManager:    hasAudio: true
02-08 04:40:35.349 23373 24470 D WebRTCManager:    audioDirection: sendrecv
02-08 04:40:35.349 23373 24470 D WebRTCManager:    Transceivers at answer creation:
02-08 04:40:35.350 23373 24470 D WebRTCManager:      [0] type=MEDIA_TYPE_AUDIO, dir=SEND_RECV, mid=0
02-08 04:40:35.350 23373 24470 D WebRTCManager: ═══════════════════════════════════════════════════
02-08 04:40:35.353 23373 24470 D WebRTCManager: Signaling state: STABLE
02-08 04:40:35.433 23373 24488 D WebRTCManager: ═══════════════════════════════════════════════════
02-08 04:40:35.433 23373 24488 D WebRTCManager: 🔊 AUDIO TRACK STARTED - Remote audio playback beginning!
02-08 04:40:35.433 23373 24488 D WebRTCManager: ═══════════════════════════════════════════════════
02-08 04:40:35.436 23373 24470 D WebRTCManager: Local description (answer) set
02-08 04:40:35.439 23373 23423 D CallManager: 📤 Sending ANSWER for call 00f45998-b5cc-491b-9807-99ffa674e72a
02-08 04:40:35.454 23373 23424 D CallManager: 📨 [MessageCollector] Received: IceCandidate
02-08 04:40:35.454 23373 23424 D CallManager: 📩 Processing message: IceCandidate
02-08 04:40:35.454 23373 23424 D CallManager: 📥 Received ICE candidate: candidate:904189871 1 udp 2122260223 192.168.1.167...
02-08 04:40:35.471 23373 24470 D WebRTCManager: ICE gathering state: GATHERING
02-08 04:40:35.471 23373 23424 D WebRTCManager: Remote ICE candidate added
02-08 04:40:35.473 23373 23424 D CallManager: 📨 [MessageCollector] Received: IceCandidate
02-08 04:40:35.473 23373 23424 D CallManager: 📩 Processing message: IceCandidate
02-08 04:40:35.473 23373 23424 D CallManager: 📥 Received ICE candidate: candidate:250731898 1 udp 2122063615 127.0.0.1 404...
02-08 04:40:35.474 23373 23424 D WebRTCManager: Remote ICE candidate added
02-08 04:40:35.474 23373 23424 D CallManager: 📨 [MessageCollector] Received: IceCandidate
02-08 04:40:35.475 23373 23424 D CallManager: 📩 Processing message: IceCandidate
02-08 04:40:35.475 23373 23424 D CallManager: 📥 Received ICE candidate: candidate:534630386 1 udp 2122136831 ::1 43444 typ...
02-08 04:40:35.475 23373 23424 D WebRTCManager: Remote ICE candidate added
02-08 04:40:35.476 23373 23424 D CallManager: 📨 [MessageCollector] Received: IceCandidate
02-08 04:40:35.477 23373 23424 D CallManager: 📩 Processing message: IceCandidate
02-08 04:40:35.477 23373 23424 D CallManager: 📥 Received ICE candidate: candidate:4027946589 1 udp 1686052607 154.159.237....
02-08 04:40:35.477 23373 23424 D WebRTCManager: Remote ICE candidate added
02-08 04:40:35.478 23373 23424 D CallManager: 📨 [MessageCollector] Received: IceCandidate
02-08 04:40:35.478 23373 23424 D CallManager: 📩 Processing message: IceCandidate
02-08 04:40:35.478 23373 23424 D CallManager: 📥 Received ICE candidate: candidate:514453170 1 tcp 1518214911 10.34.217.178...
02-08 04:40:35.479 23373 23424 D WebRTCManager: Remote ICE candidate added
02-08 04:40:35.479 23373 23424 D CallManager: 📨 [MessageCollector] Received: IceCandidate
02-08 04:40:35.479 23373 23424 D CallManager: 📩 Processing message: IceCandidate
02-08 04:40:35.479 23373 23424 D CallManager: 📥 Received ICE candidate: candidate:4032498158 1 tcp 1518083839 127.0.0.1 36...
02-08 04:40:35.481 23373 23424 D WebRTCManager: Remote ICE candidate added
02-08 04:40:35.482 23373 23424 D CallManager: 📨 [MessageCollector] Received: IceCandidate
02-08 04:40:35.482 23373 23424 D CallManager: 📩 Processing message: IceCandidate
02-08 04:40:35.482 23373 23424 D CallManager: 📥 Received ICE candidate: candidate:3782679398 1 tcp 1518157055 ::1 58285 ty...
02-08 04:40:35.483 23373 23424 D WebRTCManager: Remote ICE candidate added
02-08 04:40:35.486 23373 24470 D WebRTCManager: ═══════════════════════════════════════════════════
02-08 04:40:35.486 23373 24470 D WebRTCManager: 🔗 ICE connection state: CHECKING
02-08 04:40:35.486 23373 24470 D WebRTCManager:    🔍 ICE checking - attempting to connect...
02-08 04:40:35.486 23373 24470 D WebRTCManager: ═══════════════════════════════════════════════════
02-08 04:40:35.492 23373 24470 D WebRTCManager: Local ICE candidate: 0
02-08 04:40:35.494 23373 24470 D WebRTCManager: Local ICE candidate: 0
02-08 04:40:35.498 23373 24470 D WebRTCManager: Local ICE candidate: 0
02-08 04:40:35.499 23373 23426 D CallManager: 📤 Sending ICE candidate for call 00f45998-b5cc-491b-9807-99ffa674e72a
02-08 04:40:35.504 23373 23426 D CallManager: 📤 Sending ICE candidate for call 00f45998-b5cc-491b-9807-99ffa674e72a
02-08 04:40:35.506 23373 23426 D CallManager: 📤 Sending ICE candidate for call 00f45998-b5cc-491b-9807-99ffa674e72a
02-08 04:40:35.537 23373 24470 D WebRTCManager: Local ICE candidate: 0
02-08 04:40:35.545 23373 23426 D CallManager: 📤 Sending ICE candidate for call 00f45998-b5cc-491b-9807-99ffa674e72a
02-08 04:40:35.597 23373 24470 D WebRTCManager: Local ICE candidate: 0
02-08 04:40:35.600 23373 23426 D CallManager: 📤 Sending ICE candidate for call 00f45998-b5cc-491b-9807-99ffa674e72a
02-08 04:40:35.605 23373 24470 D WebRTCManager: Local ICE candidate: 0
02-08 04:40:35.606 23373 24470 D WebRTCManager: Local ICE candidate: 0
02-08 04:40:35.606 23373 24470 D WebRTCManager: Local ICE candidate: 0
02-08 04:40:35.613 23373 23426 D CallManager: 📤 Sending ICE candidate for call 00f45998-b5cc-491b-9807-99ffa674e72a
02-08 04:40:35.614 23373 23426 D CallManager: 📤 Sending ICE candidate for call 00f45998-b5cc-491b-9807-99ffa674e72a
02-08 04:40:35.615 23373 23426 D CallManager: 📤 Sending ICE candidate for call 00f45998-b5cc-491b-9807-99ffa674e72a
02-08 04:40:35.813 23373 24470 D WebRTCManager: ═══════════════════════════════════════════════════
02-08 04:40:35.813 23373 24470 D WebRTCManager: 🔗 ICE connection state: CONNECTED
02-08 04:40:35.813 23373 24470 D WebRTCManager:    ✅ ICE CONNECTED - WebRTC call established!
02-08 04:40:35.816 23373 24470 D WebRTCManager:    🔊 Re-applying audio configuration (WebRTC resets it)...
02-08 04:40:35.816 23373 23373 D CallManager: 🔊 WebRTC state changed: CONNECTED
02-08 04:40:35.816 23373 23373 D CallManager: 🔊 WebRTC CONNECTED - verifying audio setup...
02-08 04:40:35.816 23373 24470 D WebRTCManager:    forceAudioModeForCall: current mode = 3
02-08 04:40:35.817 23373 24470 D WebRTCManager:    ✅ Audio mode confirmed: MODE_IN_COMMUNICATION
02-08 04:40:35.817 23373 24470 D WebRTCManager:    ─────────────────────────────────────────────
02-08 04:40:35.817 23373 24470 D WebRTCManager:    AUDIO VERIFICATION ON ICE CONNECTED:
02-08 04:40:35.818 23373 24470 D WebRTCManager:    Local audio track: true
02-08 04:40:35.818 23373 24470 D WebRTCManager:    Local audio enabled: true
02-08 04:40:35.818 23373 24470 D WebRTCManager:    Remote audio track: true
02-08 04:40:35.818 23373 24470 D WebRTCManager:    Remote audio enabled: true
02-08 04:40:35.818 23373 24470 D WebRTCManager:    Transceiver[0]:
02-08 04:40:35.818 23373 24470 D WebRTCManager:      - mediaType: MEDIA_TYPE_AUDIO
02-08 04:40:35.818 23373 24470 D WebRTCManager:      - direction: SEND_RECV
02-08 04:40:35.818 23373 24470 D WebRTCManager:      - currentDirection: SEND_RECV
02-08 04:40:35.818 23373 24470 D WebRTCManager:      - mid: 0
02-08 04:40:35.818 23373 24470 D WebRTCManager:      - Receiver track: kind=audio, enabled=true, state=LIVE
02-08 04:40:35.818 23373 24470 D WebRTCManager:      - Sender track: kind=audio, enabled=true, state=LIVE
02-08 04:40:35.818 23373 24470 D WebRTCManager:    AudioManager state AFTER force:
02-08 04:40:35.819 23373 24470 D WebRTCManager:    - Mode: 3 (3=IN_COMMUNICATION)
02-08 04:40:35.820 23373 24470 D WebRTCManager:    - Speakerphone: false
02-08 04:40:35.820 23373 24470 D WebRTCManager:    - Mic muted: false
02-08 04:40:35.821 23373 24470 D WebRTCManager:    - Voice volume: 9
02-08 04:40:35.821 23373 24470 D WebRTCManager:    ─────────────────────────────────────────────
02-08 04:40:35.821 23373 24470 D WebRTCManager: ═══════════════════════════════════════════════════
02-08 04:40:35.856 23373 24469 E WebRTCManager: ❌ AUDIO RECORD INIT ERROR: Cannot create AudioRecord
02-08 04:40:35.872 23373 24469 E WebRTCManager: ❌ AUDIO RECORD INIT ERROR: Cannot create AudioRecord
02-08 04:40:36.317 23373 23373 D WebRTCManager: ═══════════════════════════════════════════════════
02-08 04:40:36.317 23373 23373 D WebRTCManager: 🔍 VERIFYING AUDIO SETUP
02-08 04:40:36.318 23373 23373 D WebRTCManager:    ✅ Local audio track OK
02-08 04:40:36.318 23373 23373 D WebRTCManager:    ✅ Remote audio track OK
02-08 04:40:36.319 23373 23373 D WebRTCManager:    ✅ Audio mode OK
02-08 04:40:36.320 23373 23373 D WebRTCManager:    ✅ Voice call volume OK: 9
02-08 04:40:36.320 23373 23373 D WebRTCManager:    Result: ✅ AUDIO SETUP VALID
02-08 04:40:36.320 23373 23373 D WebRTCManager: ═══════════════════════════════════════════════════
02-08 04:40:36.320 23373 23373 D WebRTCManager: ═══════════════════════════════════════════════════
02-08 04:40:36.320 23373 23373 D WebRTCManager: 📊 WEBRTC STATS DEBUG
02-08 04:40:36.321 23373 23373 D WebRTCManager:    State: CONNECTED
02-08 04:40:36.321 23373 23373 D WebRTCManager:    Local audio track: audio0, enabled=true
02-08 04:40:36.321 23373 23373 D WebRTCManager:    Remote audio track: c9feb069-6e1e-4699-8e86-506575a91e63, enabled=true
02-08 04:40:36.321 23373 23373 D WebRTCManager:    Muted: false
02-08 04:40:36.322 23373 23373 D WebRTCManager:    Transceiver[0]:
02-08 04:40:36.323 23373 23373 D WebRTCManager:      - Type: MEDIA_TYPE_AUDIO
02-08 04:40:36.323 23373 23373 D WebRTCManager:      - Direction: SEND_RECV
02-08 04:40:36.323 23373 23373 D WebRTCManager:      - Current direction: SEND_RECV
02-08 04:40:36.323 23373 23373 D WebRTCManager:      - Stopped: false
02-08 04:40:36.324 23373 23373 D WebRTCManager:      - Sender track: audio, enabled=true
02-08 04:40:36.324 23373 23373 D WebRTCManager:      - Receiver track: audio, enabled=true
02-08 04:40:36.324 23373 23373 D WebRTCManager:    AudioManager:
02-08 04:40:36.325 23373 23373 D WebRTCManager:      - Mode: 3
02-08 04:40:36.326 23373 23373 D WebRTCManager:      - Speakerphone: false
02-08 04:40:36.326 23373 23373 D WebRTCManager:      - Microphone muted: false
02-08 04:40:36.327 23373 23373 D WebRTCManager:      - Voice call volume: 9
02-08 04:40:36.328 23373 23373 D WebRTCManager:      - Music volume: 13
02-08 04:40:36.328 23373 23373 D WebRTCManager: ═══════════════════════════════════════════════════
02-08 04:47:22.130 26731 26731 D WebRTCManager: ═══════════════════════════════════════════════════
02-08 04:47:22.130 26731 26731 D WebRTCManager: 🏭 INITIALIZING PeerConnectionFactory (ONCE)
02-08 04:47:22.130 26731 26731 D WebRTCManager:    Thread: main
02-08 04:47:22.151 26731 26731 D WebRTCManager:    ✓ PeerConnectionFactory initialized successfully
02-08 04:47:22.151 26731 26731 D WebRTCManager: ═══════════════════════════════════════════════════
02-08 04:47:22.167 26731 26731 D CallManager: ═══════════════════════════════════════════════════
02-08 04:47:22.167 26731 26731 D CallManager: 🚀 initialize() CALLED
02-08 04:47:22.167 26731 26731 D CallManager:    Thread: main
02-08 04:47:22.167 26731 26731 D CallManager:    isInitialized: false
02-08 04:47:22.167 26731 26731 D CallManager:    ✓ Set isInitialized = true
02-08 04:47:22.167 26731 26731 D CallManager:    ✓ appContext set
02-08 04:47:22.167 26731 26731 D CallManager:    Existing userId from prefs: f86e4a9a-c8a1-4e4b-bba2-d47846a32a41
02-08 04:47:22.167 26731 26731 D CallManager:    📱 Final User ID: f86e4a9a-c8a1-4e4b-bba2-d47846a32a41
02-08 04:47:22.167 26731 26731 D CallManager:    🔌 Connecting to signaling server...
02-08 04:47:22.228 26731 26731 D CallManager:    ✓ signalingClient.connect() called
02-08 04:47:22.228 26731 26731 D CallManager:    📨 Starting message collector coroutine...
02-08 04:47:22.235 26731 26731 D CallManager:    🔌 Starting connection state collector coroutine...
02-08 04:47:22.236 26731 26731 D CallManager:    ✅ All collector coroutines launched
02-08 04:47:22.236 26731 26731 D CallManager: ═══════════════════════════════════════════════════
02-08 04:47:22.236 26731 26805 D CallManager:    [MessageCollector] Coroutine started
02-08 04:47:22.236 26731 26807 D CallManager:    [ConnectionStateCollector] Coroutine started
02-08 04:47:22.238 26731 26807 D CallManager: 🔌 [ConnectionStateCollector] State: CONNECTING
02-08 04:47:22.238 26731 26807 D CallManager:    currentCallId: null
02-08 04:47:22.238 26731 26807 D CallManager:    currentRole: null
02-08 04:47:22.238 26731 26807 D CallManager:    hasAutoRegistered: false
02-08 04:47:22.272 26731 26807 D CallManager: 🔌 [ConnectionStateCollector] State: CONNECTED
02-08 04:47:22.272 26731 26807 D CallManager:    currentCallId: null
02-08 04:47:22.272 26731 26807 D CallManager:    currentRole: null
02-08 04:47:22.272 26731 26807 D CallManager:    hasAutoRegistered: false
02-08 04:47:22.272 26731 26807 D CallManager:    📝 Registering as listener...
02-08 04:47:22.281 26731 26807 D CallManager:    ✓ register() called
02-08 04:47:22.281 26731 26807 D CallManager:    📡 Setting availability to true...
02-08 04:47:22.285 26731 26807 D CallManager:    ✅ Auto-registered as listener with availability ON
02-08 04:47:22.285 26731 26807 D CallManager:    🔑 Registering FCM token...
02-08 04:47:22.285 26731 26807 D CallManager: 🔑 registerFcmToken() called
02-08 04:47:22.285 26731 26807 D CallManager:    hasFcmTokenRegistered: false
02-08 04:47:22.285 26731 26807 D CallManager:    ✓ Set hasFcmTokenRegistered = true
02-08 04:47:22.323 26731 26807 D CallManager: 📨 [MessageCollector] Received: AvailabilityConfirmed
02-08 04:47:22.324 26731 26807 D CallManager: 📩 Processing message: AvailabilityConfirmed
02-08 04:47:22.324 26731 26807 D CallManager: ❓ Unhandled message type: AvailabilityConfirmed
02-08 04:47:22.324 26731 26807 D CallManager: 📨 [MessageCollector] Received: Connected
02-08 04:47:22.325 26731 26807 D CallManager: 📩 Processing message: Connected
02-08 04:47:22.325 26731 26807 D CallManager: 🔗 Connected with client ID: anon_83b790e0-e00b-4c43-837f-33f60827756a
02-08 04:47:23.710 26731 26731 D CallManager: ═══════════════════════════════════════════════════
02-08 04:47:23.710 26731 26731 D CallManager: 🚀 initialize() CALLED
02-08 04:47:23.710 26731 26731 D CallManager:    Thread: main
02-08 04:47:23.710 26731 26731 D CallManager:    isInitialized: true
02-08 04:47:23.710 26731 26731 D CallManager:    ⚠️ Already initialized - returning early
02-08 04:47:23.710 26731 26731 D CallManager: ═══════════════════════════════════════════════════
02-08 04:47:23.710 26731 26731 D CallManager: ═══════════════════════════════════════════════════
02-08 04:47:23.710 26731 26731 D CallManager: 👂 setRoleListener() CALLED
02-08 04:47:23.710 26731 26731 D CallManager:    Thread: main
02-08 04:47:23.710 26731 26731 D CallManager:    available: true
02-08 04:47:23.710 26731 26731 D CallManager:    topics: []
02-08 04:47:23.710 26731 26731 D CallManager:    Current role: listener
02-08 04:47:23.710 26731 26731 D CallManager:    Current availability: true
02-08 04:47:23.710 26731 26731 D CallManager:    Connection state: CONNECTED
02-08 04:47:23.710 26731 26731 D CallManager:    roleChanged: false
02-08 04:47:23.710 26731 26731 D CallManager:    availabilityChanged: false
02-08 04:47:23.710 26731 26731 D CallManager:    ⚠️ No change needed - returning early
02-08 04:47:23.710 26731 26731 D CallManager: ═══════════════════════════════════════════════════
02-08 04:47:23.713 26731 26731 D CallManager:    ✓ Got FCM token: dpm68BuVTQCsALXnTZNL...
02-08 04:47:35.618 26731 26731 D CallManager: Submitting share: Confession, Light, 10 min
02-08 04:47:35.627 26731 26807 D CallManager: 📨 [MessageCollector] Received: ShareSubmitted
02-08 04:47:35.627 26731 26807 D CallManager: 📩 Processing message: ShareSubmitted
02-08 04:47:35.627 26731 26807 D CallManager: 📝 Share submitted: db66dc4c-1429-42e5-8878-94108f280737, status: queued
02-08 04:47:39.223 26731 26868 D CallManager: 📨 [MessageCollector] Received: MatchMade
02-08 04:47:39.224 26731 26868 D CallManager: 📩 Processing message: MatchMade
02-08 04:47:39.224 26731 26868 D CallManager: ═══════════════════════════════════════════════════
02-08 04:47:39.224 26731 26868 D CallManager: 🎯 MATCH MADE RECEIVED!
02-08 04:47:39.224 26731 26868 D CallManager:    Thread: DefaultDispatcher-worker-4
02-08 04:47:39.224 26731 26868 D CallManager:    Call ID: 533ac1f6-1368-4482-8bfb-bbf49aa3ab01
02-08 04:47:39.224 26731 26868 D CallManager:    Role: sharer
02-08 04:47:39.224 26731 26868 D CallManager:    Duration: 10 min
02-08 04:47:39.224 26731 26868 D CallManager:    Topic: Confession
02-08 04:47:39.224 26731 26868 D CallManager:    Intent: you 
02-08 04:47:39.224 26731 26868 D CallManager:    TURN servers: 2
02-08 04:47:39.224 26731 26868 D CallManager: ═══════════════════════════════════════════════════
02-08 04:47:39.224 26731 26868 D CallManager:    Step 1: Setting currentRole to 'sharer'
02-08 04:47:39.224 26731 26868 D CallManager:    ✓ currentRole is now: sharer
02-08 04:47:39.224 26731 26868 D CallManager:    Step 2: Setting matchConsumed to false
02-08 04:47:39.224 26731 26868 D CallManager:    Step 3: Setting currentCallId to '533ac1f6-1368-4482-8bfb-bbf49aa3ab01'
02-08 04:47:39.224 26731 26868 D CallManager:    Step 4: Clearing pendingShareId and incomingPreview
02-08 04:47:39.224 26731 26868 D CallManager:    Step 5: Updating call parameters
02-08 04:47:39.224 26731 26868 D CallManager:    Step 6: Setting matchInfo (THIS TRIGGERS NAVIGATION)
02-08 04:47:39.224 26731 26868 D CallManager:    ✓ matchInfo is now set
02-08 04:47:39.224 26731 26868 D CallManager: 📞 All state updated, now initializing WebRTC...
02-08 04:47:39.224 26731 26868 D CallManager:    TURN: [turn:localhost:3478]
02-08 04:47:39.225 26731 26868 D CallManager:    TURN: [stun:stun.l.google.com:19302]
02-08 04:47:39.225 26731 26868 D CallManager: 🎬 Step 7: Calling initializeWebRTC(isInitiator=true)
02-08 04:47:39.225 26731 26868 D CallManager: ═══════════════════════════════════════════════════
02-08 04:47:39.225 26731 26868 D CallManager: 🎬 initializeWebRTC CALLED
02-08 04:47:39.225 26731 26868 D CallManager:    Thread: DefaultDispatcher-worker-4
02-08 04:47:39.225 26731 26868 D CallManager:    isInitiator: true
02-08 04:47:39.225 26731 26868 D CallManager:    turnServers: 2
02-08 04:47:39.225 26731 26868 D CallManager:    callId: 533ac1f6-1368-4482-8bfb-bbf49aa3ab01
02-08 04:47:39.225 26731 26868 D CallManager:    isWebRTCInitializing: false
02-08 04:47:39.226 26731 26868 D CallManager:    lastInitializedCallId: null
02-08 04:47:39.226 26731 26868 D CallManager: ═══════════════════════════════════════════════════
02-08 04:47:39.226 26731 26868 D CallManager:    Set isWebRTCInitializing = true
02-08 04:47:39.226 26731 26868 D CallManager:    Cancelled previous WebRTC job
02-08 04:47:39.226 26731 26868 D CallManager:    Launching coroutine on Main thread...
02-08 04:47:39.226 26731 26868 D CallManager:    ✓ initializeWebRTC launched
02-08 04:47:39.233 26731 26731 D CallManager: 🔧 initializeWebRTC - NOW ON MAIN THREAD
02-08 04:47:39.233 26731 26731 D CallManager:    Thread: main
02-08 04:47:39.233 26731 26731 D CallManager: 🆕 Creating new WebRTCManager...
02-08 04:47:39.233 26731 26731 D WebRTCManager: ═══════════════════════════════════════════════════
02-08 04:47:39.233 26731 26731 D WebRTCManager: 🆕 WebRTCManager CONSTRUCTOR CALLED
02-08 04:47:39.233 26731 26731 D WebRTCManager:    Thread: main
02-08 04:47:39.233 26731 26731 D WebRTCManager: ═══════════════════════════════════════════════════
02-08 04:47:39.233 26731 26731 D WebRTCManager: PeerConnectionFactory already initialized
02-08 04:47:39.233 26731 26731 D WebRTCManager: 🏭 initializePeerConnectionFactory starting...
02-08 04:47:39.233 26731 26731 D WebRTCManager:    ⚠️ Voice anonymization TEMPORARILY DISABLED for debugging
02-08 04:47:39.284 26731 26731 D WebRTCManager:    ✅ JavaAudioDeviceModule created
02-08 04:47:39.285 26731 26731 D WebRTCManager:       - Hardware AEC enabled: true
02-08 04:47:39.285 26731 26731 D WebRTCManager:       - Hardware NS enabled: true
02-08 04:47:39.311 26731 26731 D WebRTCManager:    ✅ PeerConnectionFactory created (standard audio, no voice processing)
02-08 04:47:39.311 26731 26731 D WebRTCManager:    ✓ WebRTCManager constructor completed
02-08 04:47:39.313 26731 26731 D CallManager: 🔌 Creating peer connection...
02-08 04:47:39.313 26731 26731 D WebRTCManager: ═══════════════════════════════════════════════════
02-08 04:47:39.313 26731 26731 D WebRTCManager: 🔌 createPeerConnection CALLED
02-08 04:47:39.313 26731 26731 D WebRTCManager:    isInitiator: true
02-08 04:47:39.313 26731 26731 D WebRTCManager:    Role: SHARER (will create offer)
02-08 04:47:39.313 26731 26731 D WebRTCManager:    TURN servers: 2
02-08 04:47:39.313 26731 26731 D WebRTCManager:    - [turn:localhost:3478]
02-08 04:47:39.313 26731 26731 D WebRTCManager:    - [stun:stun.l.google.com:19302]
02-08 04:47:39.313 26731 26731 D WebRTCManager: ═══════════════════════════════════════════════════
02-08 04:47:39.313 26731 26731 D WebRTCManager: ═══════════════════════════════════════════════════
02-08 04:47:39.313 26731 26731 D WebRTCManager: 🔊 configureAudioForCall CALLED
02-08 04:47:39.317 26731 26731 D WebRTCManager:    Saved audio mode: 0, speakerphone: false
02-08 04:47:39.321 26731 26731 D WebRTCManager:    Set mode to MODE_IN_COMMUNICATION
02-08 04:47:39.336 26731 26731 D WebRTCManager:    Set speakerphone OFF (prevents echo)
02-08 04:47:39.607 26731 26731 D WebRTCManager:    Set VOICE_CALL volume to 9 / 11
02-08 04:47:39.678 26731 26731 D WebRTCManager:    Set MUSIC volume to 13 / 15 (fallback)
02-08 04:47:39.702 26731 26731 D WebRTCManager:    Audio focus request result: 1 (1=granted)
02-08 04:47:39.702 26731 26731 D WebRTCManager:    ─────────────────────────────────────────────
02-08 04:47:39.702 26731 26731 D WebRTCManager:    FINAL AUDIO STATE:
02-08 04:47:39.731 26731 26731 D WebRTCManager:    - Mode: 3 (3=MODE_IN_COMMUNICATION)
02-08 04:47:39.777 26731 26731 D WebRTCManager:    - Speakerphone: false
02-08 04:47:39.779 26731 26731 D WebRTCManager:    - Microphone muted: false
02-08 04:47:39.781 26731 26731 D WebRTCManager:    - Music active: false
02-08 04:47:39.872 26731 26731 D WebRTCManager:    - Voice call volume: 9
02-08 04:47:39.873 26731 26731 D WebRTCManager: ═══════════════════════════════════════════════════
02-08 04:47:39.876 26731 26731 D WebRTCManager:    ICE servers built: 3
02-08 04:47:39.921 26731 26731 D WebRTCManager: ✅ PeerConnection created
02-08 04:47:39.922 26731 26731 D WebRTCManager: ═══════════════════════════════════════════════════
02-08 04:47:39.922 26731 26731 D WebRTCManager: 🎤 createLocalAudioTrack CALLED
02-08 04:47:39.922 26731 26731 D WebRTCManager:    Thread: main
02-08 04:47:39.922 26731 26731 D WebRTCManager:    peerConnectionFactory: true
02-08 04:47:39.922 26731 26731 D WebRTCManager:    peerConnection: true
02-08 04:47:39.923 26731 26731 D WebRTCManager:    ✓ Audio constraints created
02-08 04:47:39.926 26731 26731 D WebRTCManager:    audioSource created: true
02-08 04:47:39.928 26731 26731 D WebRTCManager:    localAudioTrack created: true
02-08 04:47:39.928 26731 26731 D WebRTCManager:    localAudioTrack enabled: true
02-08 04:47:39.929 26731 26878 D WebRTCManager: Renegotiation needed
02-08 04:47:39.930 26731 26731 D WebRTCManager:    Track added to peerConnection, sender: true
02-08 04:47:39.930 26731 26731 D WebRTCManager:    Sender track: audio
02-08 04:47:39.930 26731 26731 D WebRTCManager:    ─────────────────────────────────────────────
02-08 04:47:39.930 26731 26731 D WebRTCManager:    TRANSCEIVERS AFTER ADDING LOCAL TRACK:
02-08 04:47:39.932 26731 26731 D WebRTCManager:    Transceiver[0]:
02-08 04:47:39.933 26731 26731 D WebRTCManager:      - mediaType: MEDIA_TYPE_AUDIO
02-08 04:47:39.934 26731 26731 D WebRTCManager:      - direction: SEND_RECV
02-08 04:47:39.935 26731 26731 D WebRTCManager:      - currentDirection: null
02-08 04:47:39.936 26731 26731 D WebRTCManager:      - mid: null
02-08 04:47:39.936 26731 26731 D WebRTCManager:      - sender.track: audio
02-08 04:47:39.936 26731 26731 D WebRTCManager:      - receiver.track: audio
02-08 04:47:39.936 26731 26731 D WebRTCManager:    ─────────────────────────────────────────────
02-08 04:47:39.936 26731 26731 D WebRTCManager: ═══════════════════════════════════════════════════
02-08 04:47:39.936 26731 26731 D WebRTCManager: ✅ Local audio track created - THIS DEVICE CAN NOW TRANSMIT AUDIO
02-08 04:47:39.936 26731 26731 D WebRTCManager: 🔄 State set to CONNECTING
02-08 04:47:39.937 26731 26731 D WebRTCManager: 📤 Creating offer (we are initiator)
02-08 04:47:39.939 26731 26731 D WebRTCManager: PeerConnection created (initiator: true)
02-08 04:47:39.940 26731 26731 D CallManager: ✅ WebRTC initialized successfully, isInitiator: true
02-08 04:47:39.941 26731 26878 D WebRTCManager: ═══════════════════════════════════════════════════
02-08 04:47:39.941 26731 26878 D WebRTCManager: 📤 OFFER CREATED!
02-08 04:47:39.941 26731 26878 D WebRTCManager:    type: OFFER
02-08 04:47:39.941 26731 26878 D WebRTCManager:    description length: 1175
02-08 04:47:39.942 26731 26878 D WebRTCManager:    hasAudio: true
02-08 04:47:39.942 26731 26878 D WebRTCManager:    audioDirection: sendrecv
02-08 04:47:39.942 26731 26878 D WebRTCManager:    Transceivers at offer creation:
02-08 04:47:39.943 26731 26878 D WebRTCManager:      [0] type=MEDIA_TYPE_AUDIO, dir=SEND_RECV, mid=null
02-08 04:47:39.943 26731 26878 D WebRTCManager: ═══════════════════════════════════════════════════
02-08 04:47:39.954 26731 26878 D WebRTCManager: Signaling state: HAVE_LOCAL_OFFER
02-08 04:47:39.958 26731 26878 D WebRTCManager: Local description set
02-08 04:47:39.973 26731 26731 D CallManager: 🔊 WebRTC state changed: CONNECTING
02-08 04:47:39.975 26731 26731 D CallManager: ═══════════════════════════════════════════════════
02-08 04:47:39.975 26731 26731 D CallManager: 🔒 tryConsumeMatch() CALLED
02-08 04:47:39.975 26731 26731 D CallManager:    Thread: main
02-08 04:47:39.975 26731 26731 D CallManager:    Current _matchConsumed.value: false
02-08 04:47:39.975 26731 26731 D CallManager:    Current matchInfo: 533ac1f6-1368-4482-8bfb-bbf49aa3ab01
02-08 04:47:39.975 26731 26731 D CallManager:    [INSIDE LOCK] Checking consumed state...
02-08 04:47:39.975 26731 26731 D CallManager:    ✓ Match consumed successfully - returning true
02-08 04:47:39.975 26731 26731 D CallManager: ═══════════════════════════════════════════════════
02-08 04:47:40.041 26731 26878 D WebRTCManager: ICE gathering state: GATHERING
02-08 04:47:40.070 26731 26878 D WebRTCManager: Local ICE candidate: 0
02-08 04:47:40.072 26731 26878 D WebRTCManager: Local ICE candidate: 0
02-08 04:47:40.072 26731 26878 D WebRTCManager: Local ICE candidate: 0
02-08 04:47:40.127 26731 26878 D WebRTCManager: Local ICE candidate: 0
02-08 04:47:40.172 26731 26878 D WebRTCManager: Local ICE candidate: 0
02-08 04:47:40.173 26731 26878 D WebRTCManager: Local ICE candidate: 0
02-08 04:47:40.174 26731 26878 D WebRTCManager: Local ICE candidate: 0
02-08 04:47:40.175 26731 26878 D WebRTCManager: Local ICE candidate: 0
02-08 04:47:40.241 26731 26869 D CallManager: 📤 Sending OFFER for call 533ac1f6-1368-4482-8bfb-bbf49aa3ab01
02-08 04:47:40.277 26731 26869 D CallManager: 📤 Sending ICE candidate for call 533ac1f6-1368-4482-8bfb-bbf49aa3ab01
02-08 04:47:40.278 26731 26869 D CallManager: 📤 Sending ICE candidate for call 533ac1f6-1368-4482-8bfb-bbf49aa3ab01
02-08 04:47:40.281 26731 26869 D CallManager: 📤 Sending ICE candidate for call 533ac1f6-1368-4482-8bfb-bbf49aa3ab01
02-08 04:47:40.282 26731 26869 D CallManager: 📤 Sending ICE candidate for call 533ac1f6-1368-4482-8bfb-bbf49aa3ab01
02-08 04:47:40.283 26731 26869 D CallManager: 📤 Sending ICE candidate for call 533ac1f6-1368-4482-8bfb-bbf49aa3ab01
02-08 04:47:40.284 26731 26869 D CallManager: 📤 Sending ICE candidate for call 533ac1f6-1368-4482-8bfb-bbf49aa3ab01
02-08 04:47:40.285 26731 26869 D CallManager: 📤 Sending ICE candidate for call 533ac1f6-1368-4482-8bfb-bbf49aa3ab01
02-08 04:47:40.286 26731 26869 D CallManager: 📤 Sending ICE candidate for call 533ac1f6-1368-4482-8bfb-bbf49aa3ab01
02-08 04:47:40.358 26731 26806 D CallManager: 📨 [MessageCollector] Received: WebRtcAnswer
02-08 04:47:40.358 26731 26806 D CallManager: 📩 Processing message: WebRtcAnswer
02-08 04:47:40.358 26731 26806 D CallManager: 📥 Received WebRTC ANSWER, sdp length: 1135
02-08 04:47:40.358 26731 26806 D WebRTCManager: ═══════════════════════════════════════════════════
02-08 04:47:40.358 26731 26806 D WebRTCManager: 📥 setRemoteDescription CALLED
02-08 04:47:40.358 26731 26806 D WebRTCManager:    Thread: DefaultDispatcher-worker-2
02-08 04:47:40.358 26731 26806 D WebRTCManager:    isAnswer: true
02-08 04:47:40.358 26731 26806 D WebRTCManager:    sdp.type: ANSWER
02-08 04:47:40.358 26731 26806 D WebRTCManager:    sdp.description length: 1135
02-08 04:47:40.358 26731 26806 D WebRTCManager:    hasRemoteDescriptionBeenSet: false
02-08 04:47:40.358 26731 26806 D WebRTCManager:    peerConnection: true
02-08 04:47:40.358 26731 26806 D WebRTCManager:    ✓ Set hasRemoteDescriptionBeenSet = true
02-08 04:47:40.360 26731 26878 D WebRTCManager: Signaling state: STABLE
02-08 04:47:40.527 26731 26878 D WebRTCManager: ═══════════════════════════════════════════════════
02-08 04:47:40.527 26731 26878 D WebRTCManager: 🔗 ICE connection state: CHECKING
02-08 04:47:40.527 26731 26878 D WebRTCManager:    🔍 ICE checking - attempting to connect...
02-08 04:47:40.527 26731 26878 D WebRTCManager: ═══════════════════════════════════════════════════
02-08 04:47:40.528 26731 26968 D WebRTCManager: ═══════════════════════════════════════════════════
02-08 04:47:40.528 26731 26968 D WebRTCManager: 🔊 AUDIO TRACK STARTED - Remote audio playback beginning!
02-08 04:47:40.528 26731 26968 D WebRTCManager: ═══════════════════════════════════════════════════
02-08 04:47:40.531 26731 26878 D WebRTCManager: ═══════════════════════════════════════════════════
02-08 04:47:40.531 26731 26878 D WebRTCManager: 🔊 onTrack - TRANSCEIVER RECEIVED!
02-08 04:47:40.532 26731 26878 D WebRTCManager:    Thread: signaling_threa - 26878
02-08 04:47:40.532 26731 26878 D WebRTCManager:    transceiver: true
02-08 04:47:40.532 26731 26878 D WebRTCManager:    mediaType: MEDIA_TYPE_AUDIO
02-08 04:47:40.532 26731 26878 D WebRTCManager:    direction: SEND_RECV
02-08 04:47:40.532 26731 26878 D WebRTCManager:    mid: 0
02-08 04:47:40.533 26731 26878 D WebRTCManager:    currentDirection: SEND_RECV
02-08 04:47:40.534 26731 26878 D WebRTCManager:    isStopped: false
02-08 04:47:40.534 26731 26878 D WebRTCManager:    This is an AUDIO transceiver
02-08 04:47:40.535 26731 26878 D WebRTCManager:    Receiver track: kind=audio, id=91fdbc8d-3759-4d4d-a3f1-073006c24046, enabled=true
02-08 04:47:40.535 26731 26878 D WebRTCManager:    ✅ Remote audio track from transceiver ENABLED!
02-08 04:47:40.535 26731 26878 D WebRTCManager:    Track state: LIVE
02-08 04:47:40.536 26731 26878 D WebRTCManager:    Track enabled: true
02-08 04:47:40.536 26731 26878 D WebRTCManager:    Sender track (local): kind=audio, id=audio0, enabled=true
02-08 04:47:40.536 26731 26878 D WebRTCManager: ═══════════════════════════════════════════════════
02-08 04:47:40.537 26731 26878 D WebRTCManager: ═══════════════════════════════════════════════════
02-08 04:47:40.537 26731 26878 D WebRTCManager: 🔊 onAddTrack - REMOTE TRACK ADDED!
02-08 04:47:40.538 26731 26878 D WebRTCManager:    Thread: signaling_threa - 26878
02-08 04:47:40.538 26731 26878 D WebRTCManager:    receiver: true
02-08 04:47:40.538 26731 26878 D WebRTCManager:    receiver.track: org.webrtc.AudioTrack@a4c7976
02-08 04:47:40.538 26731 26878 D WebRTCManager:    receiver.track kind: audio
02-08 04:47:40.538 26731 26878 D WebRTCManager:    receiver.track id: 91fdbc8d-3759-4d4d-a3f1-073006c24046
02-08 04:47:40.539 26731 26878 D WebRTCManager:    receiver.track enabled: true
02-08 04:47:40.539 26731 26878 D WebRTCManager:    streams count: 1
02-08 04:47:40.539 26731 26878 D WebRTCManager:    Processing track: kind=audio, id=91fdbc8d-3759-4d4d-a3f1-073006c24046
02-08 04:47:40.539 26731 26878 D WebRTCManager:    ✅ Remote audio track ENABLED for playback!
02-08 04:47:40.539 26731 26878 D WebRTCManager:    remoteAudioTrack.id: 91fdbc8d-3759-4d4d-a3f1-073006c24046
02-08 04:47:40.539 26731 26878 D WebRTCManager:    remoteAudioTrack.enabled: true
02-08 04:47:40.539 26731 26878 D WebRTCManager:    remoteAudioTrack.state: LIVE
02-08 04:47:40.539 26731 26878 D WebRTCManager:    Current audio state:
02-08 04:47:40.541 26731 26878 D WebRTCManager:    - Mode: 3
02-08 04:47:40.542 26731 26878 D WebRTCManager:    - Speakerphone: false
02-08 04:47:40.543 26731 26878 D WebRTCManager:    - Voice call volume: 9
02-08 04:47:40.543 26731 26878 D WebRTCManager:    Stream ID: stream0
02-08 04:47:40.543 26731 26878 D WebRTCManager:    Audio tracks in stream: 1
02-08 04:47:40.543 26731 26878 D WebRTCManager:    Audio track [0]: id=91fdbc8d-3759-4d4d-a3f1-073006c24046, enabled=true
02-08 04:47:40.543 26731 26878 D WebRTCManager: ═══════════════════════════════════════════════════
02-08 04:47:40.543 26731 26878 D WebRTCManager: ═══════════════════════════════════════════════════
02-08 04:47:40.544 26731 26878 D WebRTCManager: 📥 onAddStream - REMOTE STREAM ADDED!
02-08 04:47:40.544 26731 26878 D WebRTCManager:    stream: true
02-08 04:47:40.544 26731 26878 D WebRTCManager:    stream.id: stream0
02-08 04:47:40.544 26731 26878 D WebRTCManager:    audioTracks count: 1
02-08 04:47:40.544 26731 26878 D WebRTCManager:    videoTracks count: 0
02-08 04:47:40.544 26731 26878 D WebRTCManager:    Audio track[0]: id=91fdbc8d-3759-4d4d-a3f1-073006c24046, enabled=true, state=LIVE
02-08 04:47:40.544 26731 26878 D WebRTCManager:    Audio track[0] ENABLED: true
02-08 04:47:40.544 26731 26878 D WebRTCManager: ═══════════════════════════════════════════════════
02-08 04:47:40.544 26731 26878 D WebRTCManager:    ✅ Remote description set successfully!
02-08 04:47:40.544 26731 26878 D WebRTCManager:    isAnswer: true
02-08 04:47:40.545 26731 26806 D WebRTCManager: ═══════════════════════════════════════════════════
02-08 04:47:40.546 26731 26806 D CallManager: 📨 [MessageCollector] Received: IceCandidate
02-08 04:47:40.546 26731 26806 D CallManager: 📩 Processing message: IceCandidate
02-08 04:47:40.546 26731 26806 D CallManager: 📥 Received ICE candidate: candidate:684965869 1 udp 2122260223 192.168.1.167...
02-08 04:47:40.547 26731 26806 D WebRTCManager: Remote ICE candidate added
02-08 04:47:40.548 26731 26806 D CallManager: 📨 [MessageCollector] Received: IceCandidate
02-08 04:47:40.548 26731 26806 D CallManager: 📩 Processing message: IceCandidate
02-08 04:47:40.548 26731 26806 D CallManager: 📥 Received ICE candidate: candidate:331789624 1 udp 2122063615 127.0.0.1 402...
02-08 04:47:40.550 26731 26806 D WebRTCManager: Remote ICE candidate added
02-08 04:47:40.551 26731 26806 D CallManager: 📨 [MessageCollector] Received: IceCandidate
02-08 04:47:40.551 26731 26806 D CallManager: 📩 Processing message: IceCandidate
02-08 04:47:40.551 26731 26806 D CallManager: 📥 Received ICE candidate: candidate:48932784 1 udp 2122136831 ::1 48416 typ ...
02-08 04:47:40.551 26731 26806 D WebRTCManager: Remote ICE candidate added
02-08 04:47:40.552 26731 26806 D CallManager: 📨 [MessageCollector] Received: IceCandidate
02-08 04:47:40.553 26731 26806 D CallManager: 📩 Processing message: IceCandidate
02-08 04:47:40.553 26731 26806 D CallManager: 📥 Received ICE candidate: candidate:3978493471 1 udp 1686052607 154.159.237....
02-08 04:47:40.554 26731 26806 D WebRTCManager: Remote ICE candidate added
